../Core/Src/display.c:12:6:HAL_OSPI_TxCpltCallback	16	static
../Core/Src/display.c:14:6:reset_display	8	static
../Core/Src/display.c:22:6:reset_touchcontroller	8	static
../Core/Src/display.c:30:19:CO5300_QSPI_WriteCmd	112	static
../Core/Src/display.c:55:19:CO5300_SendInitSequence	16	static
../Core/Src/display.c:108:19:CO5300_QSPI_EnterQuadMode	88	static
../Core/Src/display.c:119:19:CO5300_QSPI_EnterSingleMode	88	static
../Core/Src/display.c:131:19:CO5300_SetWindow	40	static
../Core/Src/display.c:149:19:CO5300_WritePixels_DMA_chunked	104	static
../Core/Src/display.c:250:19:CST820_ReadTouch	40	static
