/home/joakim-wennergren/Desktop/Smartwatch/Firmware/Bench/Drivers/lvgl/src/core/lv_obj_style.h:196:20:lv_obj_set_style_pad_all	24	static
../Core/Src/main.c:71:6:HAL_OSPI_TxCpltCallback	16	static
../Core/Src/main.c:86:6:lvgl_flush_cb	40	static
../Core/Src/main.c:102:6:MyTask	16	static
../Core/Src/main.c:239:6:HAL_RTC_AlarmAEventCallback	48	static
../Core/Src/main.c:245:13:RTC_SetupOnce	32	static
../Core/Src/main.c:264:6:RTC_Read	16	static
../Core/Src/main.c:270:6:my_input_read	16	static
../Core/Src/main.c:281:13:arc_event_cb	32	static
../Core/Src/main.c:296:6:build_gui	32	static
../Core/Src/main.c:341:13:clock_timer_cb	64	static
../Core/Src/main.c:358:6:create_line	16	static
../Core/Src/main.c:377:6:set_date_label	104	static
../Core/Src/main.c:422:13:star_randomize	16	static
../Core/Src/main.c:432:13:sky_draw_cb	160	static
../Core/Src/main.c:458:13:stars_timer_cb	32	static
../Core/Src/main.c:482:13:sky_delete_event_cb	24	static
../Core/Src/main.c:493:6:create_night_sky	32	static
../Core/Src/main.c:523:6:gui_tick_task	16	static
../Core/Src/main.c:530:6:gui_task	32	static
../Core/Src/main.c:593:5:main	80	static
../Core/Src/main.c:676:6:SystemClock_Config	128	static
../Core/Src/main.c:737:13:SystemPower_Config	8	static
../Core/Src/main.c:762:13:MX_GPDMA1_Init	16	static
../Core/Src/main.c:792:13:MX_I2C1_Init	8	static
../Core/Src/main.c:840:13:MX_ICACHE_Init	8	static
../Core/Src/main.c:872:13:MX_OCTOSPI1_Init	32	static
../Core/Src/main.c:923:13:MX_RTC_Init	112	static
../Core/Src/main.c:1015:13:MX_TIM16_Init	8	static
../Core/Src/main.c:1047:13:MX_UART4_Init	8	static
../Core/Src/main.c:1095:13:MX_GPIO_Init	48	static
../Core/Src/main.c:1152:6:HAL_TIM_PeriodElapsedCallback	16	static
../Core/Src/main.c:1170:6:Error_Handler	4	static,ignoring_inline_asm
