/home/joakim-wennergren/Desktop/Smartwatch/Firmware/Bench/Drivers/lvgl/src/core/lv_obj_style.h:196:20:lv_obj_set_style_pad_all	1
../Core/Src/main.c:71:6:HAL_OSPI_TxCpltCallback	1
../Core/Src/main.c:86:6:lvgl_flush_cb	1
../Core/Src/main.c:102:6:MyTask	1
../Core/Src/main.c:239:6:HAL_RTC_AlarmAEventCallback	1
../Core/Src/main.c:245:13:RTC_SetupOnce	1
../Core/Src/main.c:264:6:RTC_Read	1
../Core/Src/main.c:270:6:my_input_read	2
../Core/Src/main.c:281:13:arc_event_cb	2
../Core/Src/main.c:296:6:build_gui	1
../Core/Src/main.c:341:13:clock_timer_cb	1
../Core/Src/main.c:358:6:create_line	1
../Core/Src/main.c:377:6:set_date_label	1
../Core/Src/main.c:422:13:star_randomize	2
../Core/Src/main.c:432:13:sky_draw_cb	3
../Core/Src/main.c:458:13:stars_timer_cb	6
../Core/Src/main.c:482:13:sky_delete_event_cb	3
../Core/Src/main.c:493:6:create_night_sky	3
../Core/Src/main.c:523:6:gui_tick_task	1
../Core/Src/main.c:530:6:gui_task	1
../Core/Src/main.c:593:5:main	1
../Core/Src/main.c:676:6:SystemClock_Config	4
../Core/Src/main.c:737:13:SystemPower_Config	2
../Core/Src/main.c:762:13:MX_GPDMA1_Init	1
../Core/Src/main.c:792:13:MX_I2C1_Init	4
../Core/Src/main.c:840:13:MX_ICACHE_Init	3
../Core/Src/main.c:872:13:MX_OCTOSPI1_Init	3
../Core/Src/main.c:923:13:MX_RTC_Init	6
../Core/Src/main.c:1015:13:MX_TIM16_Init	2
../Core/Src/main.c:1047:13:MX_UART4_Init	5
../Core/Src/main.c:1095:13:MX_GPIO_Init	1
../Core/Src/main.c:1152:6:HAL_TIM_PeriodElapsedCallback	2
../Core/Src/main.c:1170:6:Error_Handler	1
