/Users/joakimwennergren/STM32CubeIDE/workspace_1.19.0/Smartwatch_bench/Drivers/lvgl/src/core/lv_obj_style.h:196:20:lv_obj_set_style_pad_all	1
/Users/joakimwennergren/STM32CubeIDE/workspace_1.19.0/Smartwatch_bench/Drivers/lvgl/src/lv_api_map_v8.h:86:20:lv_obj_move_foreground	2
../Core/Src/main.c:68:6:HAL_OSPI_TxCpltCallback	1
../Core/Src/main.c:84:13:my_lv_log_cb	1
../Core/Src/main.c:90:6:lvgl_flush_cb	1
../Core/Src/main.c:106:6:MyTask	1
../Core/Src/main.c:241:6:HAL_RTC_AlarmAEventCallback	1
../Core/Src/main.c:247:13:RTC_SetupOnce	1
../Core/Src/main.c:266:6:RTC_Read	1
../Core/Src/main.c:272:13:btn_event_cb	2
../Core/Src/main.c:286:6:my_input_read	2
../Core/Src/main.c:297:13:arc_event_cb	2
../Core/Src/main.c:312:6:build_gui	1
../Core/Src/main.c:357:13:clock_timer_cb	1
../Core/Src/main.c:374:6:create_line	1
../Core/Src/main.c:393:6:set_date_label	1
../Core/Src/main.c:438:13:star_randomize	2
../Core/Src/main.c:448:13:sky_draw_cb	3
../Core/Src/main.c:474:13:stars_timer_cb	6
../Core/Src/main.c:498:13:sky_delete_event_cb	3
../Core/Src/main.c:509:6:create_night_sky	3
../Core/Src/main.c:545:5:main	3
../Core/Src/main.c:691:6:SystemClock_Config	4
../Core/Src/main.c:752:13:SystemPower_Config	2
../Core/Src/main.c:777:13:MX_GPDMA1_Init	1
../Core/Src/main.c:807:13:MX_I2C1_Init	4
../Core/Src/main.c:855:13:MX_ICACHE_Init	3
../Core/Src/main.c:887:13:MX_OCTOSPI1_Init	3
../Core/Src/main.c:938:13:MX_RTC_Init	6
../Core/Src/main.c:1030:13:MX_UART4_Init	5
../Core/Src/main.c:1078:13:MX_GPIO_Init	1
../Core/Src/main.c:1131:6:Error_Handler	1
