/home/joakim-wennergren/Desktop/Smartwatch/Firmware/Bench/Drivers/lvgl/src/lv_api_map_v8.h:86:20:lv_obj_move_foreground	24	static
../Core/Src/main.c:88:6:HAL_RTC_AlarmAEventCallback	48	static
../Core/Src/main.c:94:13:RTC_SetupOnce	32	static
../Core/Src/main.c:111:6:RTC_Read	16	static
../Core/Src/main.c:117:13:arc_event_cb	32	static
../Core/Src/main.c:131:6:build_gui	32	static
../Core/Src/main.c:176:13:clock_timer_cb	64	static
../Core/Src/main.c:193:6:create_line	16	static
../Core/Src/main.c:210:6:set_date_label	104	static
../Core/Src/main.c:239:5:main	40	static
../Core/Src/main.c:333:6:SystemClock_Config	128	static
../Core/Src/main.c:394:13:SystemPower_Config	8	static
../Core/Src/main.c:419:13:MX_GPDMA1_Init	16	static
../Core/Src/main.c:449:13:MX_I2C1_Init	8	static
../Core/Src/main.c:497:13:MX_ICACHE_Init	8	static
../Core/Src/main.c:529:13:MX_OCTOSPI1_Init	32	static
../Core/Src/main.c:580:13:MX_RTC_Init	112	static
../Core/Src/main.c:672:13:MX_TIM16_Init	8	static
../Core/Src/main.c:704:13:MX_UART4_Init	8	static
../Core/Src/main.c:752:13:MX_GPIO_Init	48	static
../Core/Src/main.c:805:6:Error_Handler	4	static,ignoring_inline_asm
