Component: Arm Compiler for Embedded 6.24 Tool: armlink [5f371500]

==============================================================================

Section Cross References

    system_da14531.o(.text) refers to system_da14531.o(.data.SystemCoreClock) for SystemCoreClock
    system_da14531.o(.ARM.exidx) refers to system_da14531.o(.text) for [Anonymous Symbol]
    system_da14531.o(system_DA14xxx) refers to otp_cs.o(otp_cs_booter) for booter_val
    system_da14531.o(system_DA14xxx) refers to arch_rom.o(system_DA14xxx) for fill_dbheap_random_data
    system_da14531.o(.ARM.exidxsystem_DA14xxx) refers to system_da14531.o(system_DA14xxx) for [Anonymous Symbol]
    startup_da14531.o(RESET) refers to startup_da14531.o(STACK) for __initial_sp
    startup_da14531.o(RESET) refers to startup_da14531.o(.text) for Reset_Handler
    startup_da14531.o(RESET) refers to rwble.o(.text) for BLE_WAKEUP_LP_Handler
    startup_da14531.o(RESET) refers to adc_531.o(.text) for ADC_Handler
    startup_da14531.o(RESET) refers to gpio.o(.text) for GPIO0_Handler
    startup_da14531.o(RESET) refers to wkupct_quadec.o(.text) for WKUP_QUADEC_Handler
    startup_da14531.o(.text) refers to system_da14531.o(system_DA14xxx) for SystemInit
    startup_da14531.o(.text) refers to entry.o(.ARM.Collect$$$$00000000) for __main
    startup_da14531.o(.text) refers to nmi_handler.o(.text.NMI_HandlerC) for NMI_HandlerC
    startup_da14531.o(.text) refers to hardfault_handler.o(.text.HardFault_HandlerC) for HardFault_HandlerC
    hardfault_handler.o(.ARM.exidx.text.HardFault_HandlerC) refers to hardfault_handler.o(.text.HardFault_HandlerC) for [Anonymous Symbol]
    nmi_handler.o(.ARM.exidx.text.NMI_HandlerC) refers to nmi_handler.o(.text.NMI_HandlerC) for [Anonymous Symbol]
    arch_console.o(.text) refers to uart.o(.text) for uart_register_tx_cb
    arch_console.o(.text) refers to strcpy.o(.text) for strcpy
    arch_console.o(.ARM.exidx) refers to arch_console.o(.text) for [Anonymous Symbol]
    arch_console.o(.rodata.rom_console_cfg) refers to arch_console.o(.bss.current_msg_buffer) for [Anonymous Symbol]
    arch_console.o(.rodata.rom_console_cfg) refers to arch_console.o(.bss.retention_mem_area0) for [Anonymous Symbol]
    arch_console.o(.rodata.rom_console_cfg) refers to arch_console.o(.text) for uart_write_adapt
    arch_console.o(.rodata.rom_console_cfg) refers to arch_sleep.o(.text) for arch_restore_sleep_mode
    nvds.o(.rodata.rom_nvds_cfg) refers to nvds.o(.rodata.nvds_data_storage) for [Anonymous Symbol]
    nvds.o(.rodata.rom_nvds_cfg) refers to arch_system.o(.bss.retention_mem_area0) for dev_bdaddr
    arch_main.o(.text) refers to arch_system.o(.text) for system_init
    arch_main.o(.text) refers to user_utility_functions.o(.text) for user_host_wakeup_process
    arch_main.o(.text) refers to user_codeless.o(.text) for user_on_system_powered
    arch_main.o(.text) refers to rwip.o(.text) for rwip_sleep
    arch_main.o(.text) refers to arch_asm.o(.text) for arch_asm_delay_us
    arch_main.o(.text) refers to user_periph_setup.o(.text) for periph_init
    arch_main.o(.text) refers to rwble.o(.bss.retention_mem_area0) for arch_rwble_last_event
    arch_main.o(.ARM.exidx) refers to arch_main.o(.text) for [Anonymous Symbol]
    jump_table.o(.ARM.exidx) refers to jump_table.o(.text) for [Anonymous Symbol]
    jump_table.o(.rodata.rom_func_addr_table_var) refers to ble_arp.o(system_init_interim_run_once) for rf_init_func
    jump_table.o(.rodata.rom_func_addr_table_var) refers to ble_arp.o(.text) for rf_reinit_func
    jump_table.o(.rodata.rom_func_addr_table_var) refers to uart.o(.text) for UART_Handler_SDK_func
    jump_table.o(.rodata.rom_func_addr_table_var) refers to jump_table.o(.text) for platform_reset_func
    jump_table.o(.rodata.rom_func_addr_table_var) refers to rwble.o(.text) for lld_sleep_compensate_func
    jump_table.o(.rodata.rom_func_addr_table_var) refers to arch_system.o(.text) for lld_sleep_init_func
    jump_table.o(.rodata.rom_func_addr_table_var) refers to patch_1.o(.text) for JT_lld_test_mode_rx_func
    jump_table.o(.rodata.rom_func_addr_table_var) refers to prf.o(.text) for prf_init_func
    jump_table.o(.rodata.rom_cfg_table_var) refers to jump_table.o(.bss.heap_mem_area_not_ret) for rwip_heap_non_ret
    jump_table.o(.rodata.rom_cfg_table_var) refers to jump_table.o(.bss.heap_env_area) for rwip_heap_env_ret
    jump_table.o(.rodata.rom_cfg_table_var) refers to jump_table.o(.bss.heap_db_area) for rwip_heap_db_ret
    jump_table.o(.rodata.rom_cfg_table_var) refers to jump_table.o(.bss.heap_msg_area) for rwip_heap_msg_ret
    jump_table.o(.rodata.rom_cfg_table_var) refers to nvds.o(.rodata.rom_nvds_cfg) for rom_nvds_cfg
    jump_table.o(.rodata.rom_cfg_table_var) refers to custs1.o(.rodata.rom_cust_prf_cfg) for rom_cust_prf_cfg
    jump_table.o(.rodata.rom_cfg_table_var) refers to prf.o(.rodata.rom_prf_cfg) for rom_prf_cfg
    jump_table.o(.rodata.rom_cfg_table_var) refers to app_entry_point.o(.rodata.rom_app_task_cfg) for rom_app_task_cfg
    jump_table.o(.rodata.rom_cfg_table_var) refers to arch_console.o(.rodata.rom_console_cfg) for rom_console_cfg
    arch_sleep.o(.text) refers to arch_sleep.o(.bss.retention_mem_area0) for [Anonymous Symbol]
    arch_sleep.o(.text) refers to rwble.o(.bss.retention_mem_area0) for arch_rwble_last_event
    arch_sleep.o(.ARM.exidx) refers to arch_sleep.o(.text) for [Anonymous Symbol]
    arch_system.o(.text) refers to arch_system.o(.bss.retention_mem_area0) for lp_clk_sel
    arch_system.o(.text) refers to otp_cs.o(.bss.retention_mem_area0) for otp_cs
    arch_system.o(.text) refers to arch_system.o(.bss.twirq_reset_value) for twirq_reset_value
    arch_system.o(.text) refers to arch_system.o(.bss.twirq_set_value) for twirq_set_value
    arch_system.o(.text) refers to adc_531.o(.text) for adc_init_temp
    arch_system.o(.text) refers to ble_arp.o(.text) for rf_recalibration
    arch_system.o(.text) refers to ble_arp.o(.bss.retention_mem_area0) for rf_ldo_calibration_pending
    arch_system.o(.text) refers to arch_system.o(.data.startup_sleep_delay) for startup_sleep_delay
    arch_system.o(.text) refers to arch_asm.o(.text) for arch_asm_delay_us
    arch_system.o(.text) refers to arch_system.o(system_init_interim_run_once) for system_init_interim
    arch_system.o(.text) refers to arch_rom.o(.text) for arch_rom_init_exchange_memory
    arch_system.o(.text) refers to app.o(.text) for app_init
    arch_system.o(.text) refers to user_codeless.o(.text) for user_app_on_init
    arch_system.o(.text) refers to rf_diag.o(.text) for enable_rf_diag_irq
    arch_system.o(.ARM.exidx) refers to arch_system.o(.text) for [Anonymous Symbol]
    arch_system.o(system_init_interim_run_once) refers to arch_system.o(system_init_pre_run_once) for system_init_pre
    arch_system.o(system_init_interim_run_once) refers to arch_rom.o(system_init_interim_run_once) for arch_rom_init
    arch_system.o(system_init_interim_run_once) refers to user_periph_setup.o(.text) for periph_init
    arch_system.o(system_init_interim_run_once) refers to arch_system.o(.text) for init_pwr_and_clk_ble
    arch_system.o(system_init_interim_run_once) refers to trng.o(system_init_interim_run_once) for init_rand_seed_from_trng
    arch_system.o(system_init_interim_run_once) refers to arch_sleep.o(.text) for arch_disable_sleep
    arch_system.o(system_init_interim_run_once) refers to arch_system.o(.bss.retention_mem_area0) for rcx_cal_in_progress
    arch_system.o(.ARM.exidxsystem_init_interim_run_once) refers to arch_system.o(system_init_interim_run_once) for [Anonymous Symbol]
    arch_system.o(system_init_pre_run_once) refers to gpio.o(system_init_pre_run_once) for GPIO_init
    arch_system.o(system_init_pre_run_once) refers to hw_otpc_531.o(.text) for hw_otpc_init
    arch_system.o(system_init_pre_run_once) refers to otp_cs.o(system_init_pre_run_once) for otp_cs_store
    arch_system.o(system_init_pre_run_once) refers to arch_asm.o(.text) for arch_asm_delay_us
    arch_system.o(system_init_pre_run_once) refers to arch_system.o(.bss.retention_mem_area0) for sys_startup_flag
    arch_system.o(system_init_pre_run_once) refers to otp_cs.o(.bss.retention_mem_area0) for otp_cs
    arch_system.o(system_init_pre_run_once) refers to arch_system.o(.bss.otp_hdr_timestamp) for otp_hdr_timestamp
    arch_system.o(.ARM.exidxsystem_init_pre_run_once) refers to arch_system.o(system_init_pre_run_once) for [Anonymous Symbol]
    arch_hibernation.o(.text) refers to otp_cs.o(otp_cs_booter) for booter_val
    arch_hibernation.o(.text) refers to rwip.o(.text) for patched_ble_regs_push
    arch_hibernation.o(.text) refers to arch_hibernation.o(.bss.retention_mem_area0) for clk_freq_trim_reg_backup
    arch_hibernation.o(.text) refers to arch_system.o(.text) for xtal32m_configuration
    arch_hibernation.o(.text) refers to user_periph_setup.o(.text) for periph_init
    arch_hibernation.o(.text) refers to rf_diag.o(.text) for enable_rf_diag_irq
    arch_hibernation.o(.text) refers to arch_system.o(.bss.retention_mem_area0) for rf_cal_last_temp
    arch_hibernation.o(.ARM.exidx) refers to arch_hibernation.o(.text) for [Anonymous Symbol]
    arch_rom.o(system_init_interim_run_once) refers to patch_1.o(.text) for patch_global_vars_init
    arch_rom.o(system_init_interim_run_once) refers to system_library_531.o(.rodata.my_custom_msg_handlers) for my_custom_msg_handlers
    arch_rom.o(system_init_interim_run_once) refers to jump_table.o(.rodata.rom_func_addr_table_var) for rom_func_addr_table_var
    arch_rom.o(system_init_interim_run_once) refers to jump_table.o(.rodata.rom_cfg_table_var) for rom_cfg_table_var
    arch_rom.o(.ARM.exidxsystem_init_interim_run_once) refers to arch_rom.o(system_init_interim_run_once) for [Anonymous Symbol]
    arch_rom.o(.ARM.exidx) refers to arch_rom.o(.text) for [Anonymous Symbol]
    arch_rom.o(system_DA14xxx) refers to trng.o(.bss.trng_state) for trng_state_val
    arch_rom.o(.ARM.exidxsystem_DA14xxx) refers to arch_rom.o(system_DA14xxx) for [Anonymous Symbol]
    hash.o(.ARM.exidx) refers to hash.o(.text) for [Anonymous Symbol]
    system_library_531.o(.text) refers to patch_1.o(.text) for patch_data1
    system_library_531.o(.text) refers to system_library_531.o(.bss.retention_mem_area0) for heap_log
    system_library_531.o(.ARM.exidx) refers to system_library_531.o(.text) for [Anonymous Symbol]
    system_library_531.o(.rodata.my_custom_msg_handlers) refers to patch_1.o(.text) for PATCHED_llc_data_ind_handler
    otp_cs.o(.text) refers (Weak) to rf_531.o(.text) for rf_pa_pwr_get
    otp_cs.o(.text) refers to otp_cs.o(.bss.retention_mem_area0) for otp_cs
    otp_cs.o(.text) refers to otp_cs.o(.bss.txdiv_trim) for [Anonymous Symbol]
    otp_cs.o(.text) refers (Weak) to rf_531.o(.text) for rf_pa_pwr_get
    otp_cs.o(system_init_pre_run_once) refers to otp_cs.o(.bss.retention_mem_area0) for otp_cs
    otp_cs.o(system_init_pre_run_once) refers to otp_cs.o(otp_cs_booter) for booter_val
    otp_cs.o(.ARM.exidxsystem_init_pre_run_once) refers to otp_cs.o(system_init_pre_run_once) for [Anonymous Symbol]
    otp_cs.o(.ARM.exidx) refers to otp_cs.o(.text) for [Anonymous Symbol]
    syscntl.o(.text) refers (Weak) to hw_otpc_531.o(.text) for hw_otpc_is_dcdc_reserved
    syscntl.o(.text) refers (Weak) to hw_otpc_531.o(.text) for hw_otpc_is_dcdc_reserved
    syscntl.o(.text) refers to syscntl.o(.bss.syscntl_dcdc_state) for syscntl_dcdc_state
    syscntl.o(.ARM.exidx) refers to syscntl.o(.text) for [Anonymous Symbol]
    gpio.o(.text) refers to gpio.o(.bss.retention_mem_area0) for GPIOHandlerFunction
    gpio.o(.ARM.exidxsystem_init_pre_run_once) refers to gpio.o(system_init_pre_run_once) for [Anonymous Symbol]
    gpio.o(.ARM.exidx) refers to gpio.o(.text) for [Anonymous Symbol]
    wkupct_quadec.o(.text) refers to syscntl.o(.text) for syscntl_use_highest_amba_clocks
    wkupct_quadec.o(.text) refers to wkupct_quadec.o(.bss.retention_mem_area0) for [Anonymous Symbol]
    wkupct_quadec.o(.ARM.exidx) refers to wkupct_quadec.o(.text) for [Anonymous Symbol]
    battery.o(.text) refers to battery.o(.rodata.batt_cal_volt) for [Anonymous Symbol]
    battery.o(.text) refers to adc_531.o(.text) for adc_offset_calibrate
    battery.o(.text) refers to battery.o(.rodata.adc_cfg_coin_bat) for adc_cfg_coin_bat
    battery.o(.text) refers to battery.o(.rodata.adc_cfg_alkaline_bat) for adc_cfg_alkaline_bat
    battery.o(.ARM.exidx) refers to battery.o(.text) for [Anonymous Symbol]
    battery.o(.rodata.batt_cal_volt) refers to battery.o(.text) for batt_cal_volt_cr2032
    adc_531.o(.text) refers to otp_cs.o(.bss.retention_mem_area0) for otp_cs
    adc_531.o(.text) refers to adc_531.o(.bss.cal_val) for [Anonymous Symbol]
    adc_531.o(.text) refers to adc_531.o(.rodata.adc_temp_sens_cfg) for [Anonymous Symbol]
    adc_531.o(.text) refers to adc_531.o(.bss.retention_mem_area0) for [Anonymous Symbol]
    adc_531.o(.text) refers to adc_531.o(.rodata.adc_offset_calib_cfg) for [Anonymous Symbol]
    adc_531.o(.ARM.exidx) refers to adc_531.o(.text) for [Anonymous Symbol]
    uart.o(.text) refers to uart.o(.bss.retention_mem_area0) for [Anonymous Symbol]
    uart.o(.text) refers to arch_asm.o(.text) for arch_asm_delay_us
    uart.o(.ARM.exidx) refers to uart.o(.text) for [Anonymous Symbol]
    spi_531.o(.text) refers to spi_531.o(.bss.retention_mem_area0) for [Anonymous Symbol]
    spi_531.o(.ARM.exidx) refers to spi_531.o(.text) for [Anonymous Symbol]
    spi_flash.o(.text) refers to spi_531.o(.text) for spi_set_bitmode
    spi_flash.o(.text) refers to arch_asm.o(.text) for arch_asm_delay_us
    spi_flash.o(.text) refers to spi_flash.o(.bss.spi_flash_cfg_env) for [Anonymous Symbol]
    spi_flash.o(.text) refers to spi_flash.o(.rodata..L__const.spi_flash_auto_detect.known_spi_devs_list) for [Anonymous Symbol]
    spi_flash.o(.ARM.exidx) refers to spi_flash.o(.text) for [Anonymous Symbol]
    i2c.o(.text) refers to i2c.o(.bss.retention_mem_area0) for [Anonymous Symbol]
    i2c.o(.ARM.exidx) refers to i2c.o(.text) for [Anonymous Symbol]
    i2c_eeprom.o(.text) refers to i2c_eeprom.o(.bss.retention_mem_area0) for [Anonymous Symbol]
    i2c_eeprom.o(.text) refers to i2c.o(.text) for i2c_init
    i2c_eeprom.o(.ARM.exidx) refers to i2c_eeprom.o(.text) for [Anonymous Symbol]
    hw_otpc_531.o(.text) refers to hw_otpc_531.o(.bss.retention_mem_area0) for dcdc_reserved
    hw_otpc_531.o(.text) refers to syscntl.o(.text) for syscntl_dcdc_get_level
    hw_otpc_531.o(.text) refers to syscntl.o(.bss.syscntl_dcdc_state) for syscntl_dcdc_state
    hw_otpc_531.o(.ARM.exidx) refers to hw_otpc_531.o(.text) for [Anonymous Symbol]
    trng.o(system_init_interim_run_once) refers to trng.o(.bss.trng_state) for trng_state_val
    trng.o(system_init_interim_run_once) refers to arch_system.o(.bss.otp_hdr_timestamp) for otp_hdr_timestamp
    trng.o(system_init_interim_run_once) refers to trng.o(.bss.extra_samples) for [Anonymous Symbol]
    trng.o(system_init_interim_run_once) refers to trng.o(.bss.trng_bits) for [Anonymous Symbol]
    trng.o(.ARM.exidxsystem_init_interim_run_once) refers to trng.o(system_init_interim_run_once) for [Anonymous Symbol]
    rtc.o(.text) refers to rtc.o(.bss.retention_mem_area0) for [Anonymous Symbol]
    rtc.o(.ARM.exidx) refers to rtc.o(.text) for [Anonymous Symbol]
    timer1.o(.text) refers to timer1.o(.bss.retention_mem_area0) for [Anonymous Symbol]
    timer1.o(.ARM.exidx) refers to timer1.o(.text) for [Anonymous Symbol]
    timer2.o(.ARM.exidx) refers to timer2.o(.text) for [Anonymous Symbol]
    rwble.o(.text) refers to arch_system.o(.text) for lld_sleep_lpcycles_2_us_sel_func
    rwble.o(.text) refers to rwble.o(.bss.retention_mem_area0) for ble_finetim_corr
    rwble.o(.text) refers to rwip.o(.bss.retention_mem_area0) for slp_period_retained
    rwble.o(.text) refers to syscntl.o(.text) for syscntl_use_lowest_amba_clocks
    rwble.o(.text) refers to rwip.o(.text) for patched_ble_regs_pop
    rwble.o(.text) refers to arch_system.o(.bss.retention_mem_area0) for clk_freq_trim_reg_value
    rwble.o(.text) refers to patch_1.o(.text) for lld_drop_packet_fix
    rwble.o(.text) refers to rf_531.o(.text) for rf_adplldig_deactivate
    rwble.o(.text) refers to ble_arp.o(.bss.retention_mem_area0) for rf_ldo_init_value
    rwble.o(.ARM.exidx) refers to rwble.o(.text) for [Anonymous Symbol]
    rwip.o(.text) refers to rwip.o(.bss.retention_mem_area0) for retained_BLE_EM_BASE_REG
    rwip.o(.text) refers to arch_sleep.o(.text) for arch_ble_ext_wakeup_get
    rwip.o(.text) refers to arch_system.o(.text) for set_sleep_delay
    rwip.o(.text) refers to syscntl.o(.text) for syscntl_cfg_xtal32m_amp_reg
    rwip.o(.text) refers to arch_system.o(.bss.retention_mem_area0) for xtal_wait_trim
    rwip.o(.text) refers to arch_system.o(.bss.twirq_reset_value) for twirq_reset_value
    rwip.o(.text) refers to rwip.o(.bss.twext_value) for twext_value
    rwip.o(.text) refers to arch_system.o(.bss.twirq_set_value) for twirq_set_value
    rwip.o(.text) refers to rwble.o(.bss.retention_mem_area0) for ble_finetim_corr
    rwip.o(.ARM.exidx) refers to rwip.o(.text) for [Anonymous Symbol]
    ble_arp.o(.text) refers (Weak) to rf_531.o(.text) for rf_pa_pwr_get
    ble_arp.o(.text) refers to rf_531.o(.text) for rf_nfm_is_enabled
    ble_arp.o(.text) refers to otp_cs.o(.text) for otp_cs_load_pd_rad
    ble_arp.o(.text) refers to syscntl.o(.text) for syscntl_cfg_xtal32m_amp_reg
    ble_arp.o(.text) refers to rf_diag.o(.text) for enable_rf_diag_irq
    ble_arp.o(.text) refers to rf_ldo_calibration.o(.text) for rf_ldo_calibration
    ble_arp.o(.ARM.exidx) refers to ble_arp.o(.text) for [Anonymous Symbol]
    ble_arp.o(system_init_interim_run_once) refers to rf_531.o(.text) for rf_power_up
    ble_arp.o(system_init_interim_run_once) refers to otp_cs.o(.text) for otp_cs_load_pd_rad
    ble_arp.o(system_init_interim_run_once) refers to syscntl.o(.text) for syscntl_cfg_xtal32m_amp_reg
    ble_arp.o(system_init_interim_run_once) refers to rf_ldo_calibration.o(.text) for rf_ldo_calibration
    ble_arp.o(system_init_interim_run_once) refers to ble_arp.o(.text) for rf_reg_wr
    ble_arp.o(system_init_interim_run_once) refers to ble_arp.o(.bss.retention_mem_area0) for rf_ldo_calibration_pending
    ble_arp.o(system_init_interim_run_once) refers to ble_arp.o(.rodata.arp_init_table) for arp_init_table
    ble_arp.o(.ARM.exidxsystem_init_interim_run_once) refers to ble_arp.o(system_init_interim_run_once) for [Anonymous Symbol]
    rf_531.o(.text) refers to rf_531.o(.rodata.masked_reg16) for masked_reg16
    rf_531.o(.text) refers to rf_531.o(.bss.retention_mem_area0) for rf_tx_pwr_lvl
    rf_531.o(.text) refers to common.o(.text) for _WAIT
    rf_531.o(.text) refers to rf_531.o(.bss.pa_en_dcf_tx_setting) for pa_en_dcf_tx_setting
    rf_531.o(.text) refers to arch_asm.o(.text) for arch_asm_delay_us
    rf_531.o(.ARM.exidx) refers to rf_531.o(.text) for [Anonymous Symbol]
    prf.o(.text) refers to prf.o(.bss.retention_mem_area0) for prf_env
    prf.o(.text) refers to custs1_task.o(.rodata.custs1_default_handler) for custs1_default_handler
    prf.o(.ARM.exidx) refers to prf.o(.text) for [Anonymous Symbol]
    prf.o(.rodata.rom_prf_cfg) refers to prf.o(.rodata.prf_if) for prf_if
    prf.o(.rodata.rom_prf_cfg) refers to prf.o(.bss.retention_mem_area0) for prf_env
    custs1.o(.text) refers to app.o(.bss.retention_mem_area0) for app_env
    custs1.o(.ARM.exidx) refers to custs1.o(.text) for [Anonymous Symbol]
    custs1.o(.rodata.rom_cust_prf_cfg) refers to user_custs1_def_585.o(.rodata.custs1_services) for custs1_services
    custs1.o(.rodata.rom_cust_prf_cfg) refers to user_custs1_def_585.o(.rodata.custs1_services_size) for custs1_services_size
    custs1.o(.rodata.rom_cust_prf_cfg) refers to user_custs1_def_585.o(.rodata.custs1_att_db) for custs1_att_db
    custs1.o(.rodata.rom_cust_prf_cfg) refers to app_customs.o(.text) for custs_get_func_callbacks
    custs1_task.o(.text) refers to app_customs.o(.text) for custs_get_func_callbacks
    custs1_task.o(.ARM.exidx) refers to custs1_task.o(.text) for [Anonymous Symbol]
    custs1_task.o(.rodata.custs1_default_state) refers to custs1_task.o(.text) for gattc_write_req_ind_handler
    custs1_task.o(.rodata.custs1_default_handler) refers to custs1_task.o(.rodata.custs1_default_state) for custs1_default_state
    app_default_handlers.o(.text) refers to app.o(.text) for app_easy_gap_undirected_advertise_start
    app_default_handlers.o(.text) refers to app_suotar.o(.text) for app_suotar_init
    app_default_handlers.o(.text) refers to arch_sleep.o(.text) for arch_set_sleep_mode
    app_default_handlers.o(.text) refers to app_easy_security.o(.text) for app_easy_security_request
    app_default_handlers.o(.text) refers to user_codeless.o(.text) for user_advertise
    app_default_handlers.o(.text) refers to app.o(.bss.retention_mem_area0) for app_env
    app_default_handlers.o(.text) refers to hw_otpc_531.o(.text) for hw_otpc_init
    app_default_handlers.o(.text) refers to app_default_handlers.o(.rodata..L__const.create_bd_addr.key) for [Anonymous Symbol]
    app_default_handlers.o(.text) refers to app_security.o(.text) for app_sec_gen_ltk
    app_default_handlers.o(.text) refers to app_bond_db.o(.text) for update_db_slot_timestamp_on_connection
    app_default_handlers.o(.text) refers to app_utils.o(.text) for app_get_address_type
    app_default_handlers.o(.text) refers to app_security.o(.bss.retention_mem_area0) for app_sec_env
    app_default_handlers.o(.ARM.exidx) refers to app_default_handlers.o(.text) for [Anonymous Symbol]
    app.o(.text) refers to app.o(.bss.retention_mem_area0) for [Anonymous Symbol]
    app.o(.text) refers to app.o(.rodata.prf_funcs) for prf_funcs
    app.o(.text) refers to user_custs_config_585.o(.rodata.cust_prf_funcs) for cust_prf_funcs
    app.o(.text) refers to app.o(.rodata.str1.4) for [Anonymous Symbol]
    app.o(.text) refers to app.o(.rodata.TASK_DESC_APP) for [Anonymous Symbol]
    app.o(.text) refers to app.o(.rodata.cst16) for [Anonymous Symbol]
    app.o(.text) refers to app_easy_timer.o(.text) for app_easy_timer_cancel
    app.o(.ARM.exidx) refers to app.o(.text) for [Anonymous Symbol]
    app.o(.rodata.prf_funcs) refers to app_suotar.o(.text) for app_suotar_create_db
    app.o(.rodata.TASK_DESC_APP) refers to app_task.o(.bss.retention_mem_area0) for app_state
    app_task.o(.text) refers to app_task.o(.rodata.app_gap_process_handlers) for [Anonymous Symbol]
    app_task.o(.text) refers to user_codeless.o(.text) for user_on_adv_stop
    app_task.o(.text) refers to app_default_handlers.o(.text) for default_app_on_addr_resolve_failed
    app_task.o(.text) refers to app.o(.text) for app_easy_gap_dev_configure
    app_task.o(.text) refers to app_entry_point.o(.rodata.catch_rest) for catch_rest
    app_task.o(.text) refers to app.o(.bss.retention_mem_area0) for app_env
    app_task.o(.text) refers to app_security.o(.bss.retention_mem_area0) for app_sec_env
    app_task.o(.ARM.exidx) refers to app_task.o(.text) for [Anonymous Symbol]
    app_task.o(.rodata.app_gap_process_handlers) refers to app_task.o(.text) for gapm_device_ready_ind_handler
    app_security.o(.text) refers to app_utils.o(.text) for app_fill_random_byte_array
    app_security.o(.text) refers to app_security.o(.bss.retention_mem_area0) for app_sec_env
    app_security.o(.ARM.exidx) refers to app_security.o(.text) for [Anonymous Symbol]
    app_security_task.o(.text) refers to app_security_task.o(.rodata.app_sec_process_handlers) for [Anonymous Symbol]
    app_security_task.o(.text) refers to user_codeless.o(.text) for user_app_on_pairing_request
    app_security_task.o(.text) refers to app_default_handlers.o(.text) for default_app_on_csrk_exch
    app_security_task.o(.text) refers to app_security.o(.bss.retention_mem_area0) for app_sec_env
    app_security_task.o(.text) refers to app.o(.bss.retention_mem_area0) for app_env
    app_security_task.o(.text) refers to app_entry_point.o(.rodata.catch_rest) for catch_rest
    app_security_task.o(.ARM.exidx) refers to app_security_task.o(.text) for [Anonymous Symbol]
    app_security_task.o(.rodata.app_sec_process_handlers) refers to app_security_task.o(.text) for gapc_bond_req_ind_handler
    app_entry_point.o(.rodata.app_process_handlers) refers to app_task.o(.text) for app_gap_process_handler
    app_entry_point.o(.rodata.app_process_handlers) refers to app_easy_timer.o(.text) for app_timer_api_process_handler
    app_entry_point.o(.rodata.app_process_handlers) refers to app_easy_msg_utils.o(.text) for app_msg_utils_api_process_handler
    app_entry_point.o(.rodata.app_process_handlers) refers to app_security_task.o(.text) for app_sec_process_handler
    app_entry_point.o(.rodata.app_process_handlers) refers to app_suotar_task.o(.text) for app_suotar_process_handler
    app_entry_point.o(.rodata.app_process_handlers) refers to app_customs_task.o(.text) for app_custs1_process_handler
    app_entry_point.o(.rodata.catch_rest) refers to user_codeless.o(.text) for user_catch_rest_hndl
    app_entry_point.o(.rodata.user_app_callbacks) refers to user_codeless.o(.text) for user_on_connection
    app_entry_point.o(.rodata.user_app_callbacks) refers to app_default_handlers.o(.text) for default_app_on_get_dev_name
    app_entry_point.o(.rodata.rom_app_task_cfg) refers to app.o(.text) for app_easy_gap_dev_configure
    app_entry_point.o(.rodata.rom_app_task_cfg) refers to app_entry_point.o(.rodata.user_app_callbacks) for [Anonymous Symbol]
    app_entry_point.o(.rodata.rom_app_task_cfg) refers to user_codeless.o(.text) for user_catch_rest_hndl
    app_entry_point.o(.rodata.rom_app_task_cfg) refers to app_entry_point.o(.rodata.app_process_handlers) for app_process_handlers
    app_entry_point.o(.rodata.rom_app_task_cfg) refers to app.o(.bss.retention_mem_area0) for app_env
    app_entry_point.o(.rodata.rom_app_task_cfg) refers to app_security.o(.bss.retention_mem_area0) for app_sec_env
    app_msg_utils.o(.text) refers to arch_sleep.o(.text) for arch_ble_force_wakeup
    app_msg_utils.o(.ARM.exidx) refers to app_msg_utils.o(.text) for [Anonymous Symbol]
    app_easy_msg_utils.o(.text) refers to app_easy_msg_utils.o(.bss.retention_mem_area0) for [Anonymous Symbol]
    app_easy_msg_utils.o(.ARM.exidx) refers to app_easy_msg_utils.o(.text) for [Anonymous Symbol]
    app_easy_security.o(.text) refers to app_easy_security.o(.bss.retention_mem_area0) for [Anonymous Symbol]
    app_easy_security.o(.text) refers to user_security.o(.data.user_security_conf) for user_security_conf
    app_easy_security.o(.text) refers to app_security.o(.text) for app_sec_gen_csrk
    app_easy_security.o(.text) refers to app_security.o(.bss.retention_mem_area0) for app_sec_env
    app_easy_security.o(.text) refers to app_bond_db.o(.text) for default_app_bdb_get_number_of_stored_irks
    app_easy_security.o(.text) refers to app.o(.bss.retention_mem_area0) for app_env
    app_easy_security.o(.ARM.exidx) refers to app_easy_security.o(.text) for [Anonymous Symbol]
    app_easy_timer.o(.text) refers to app_msg_utils.o(.text) for app_check_BLE_active
    app_easy_timer.o(.text) refers to arch_sleep.o(.text) for arch_ble_force_wakeup
    app_easy_timer.o(.text) refers to app_easy_timer.o(.bss.retention_mem_area0) for [Anonymous Symbol]
    app_easy_timer.o(.ARM.exidx) refers to app_easy_timer.o(.text) for [Anonymous Symbol]
    app_customs.o(.text) refers to user_custs_config_585.o(.rodata.cust_prf_funcs) for cust_prf_funcs
    app_customs.o(.ARM.exidx) refers to app_customs.o(.text) for [Anonymous Symbol]
    app_customs_task.o(.ARM.exidx) refers to app_customs_task.o(.text) for [Anonymous Symbol]
    app_customs_common.o(.ARM.exidx) refers to app_customs_common.o(.text) for [Anonymous Symbol]
    app_suotar.o(.text) refers to app_suotar.o(.bss.retention_mem_area0) for suota_state
    app_suotar.o(.text) refers to user_utility_functions.o(.text) for on_suotar_status_change
    app_suotar.o(.text) refers to spi_531.o(.text) for spi_disable
    app_suotar.o(.text) refers to app.o(.bss.retention_mem_area0) for app_env
    app_suotar.o(.text) refers to gpio.o(.text) for GPIO_ConfigurePinPort0
    app_suotar.o(.text) refers to spi_flash.o(.text) for spi_flash_release_from_power_down
    app_suotar.o(.ARM.exidx) refers to app_suotar.o(.text) for [Anonymous Symbol]
    app_suotar_task.o(.text) refers to app_suotar_task.o(.rodata.app_suotar_process_handlers) for [Anonymous Symbol]
    app_suotar_task.o(.text) refers to app_suotar.o(.text) for app_suotar_read_mem
    app_suotar_task.o(.text) refers to app_suotar.o(.bss.retention_mem_area0) for suota_state
    app_suotar_task.o(.ARM.exidx) refers to app_suotar_task.o(.text) for [Anonymous Symbol]
    app_suotar_task.o(.rodata.app_suotar_process_handlers) refers to app_suotar_task.o(.text) for suotar_patch_mem_dev_ind_handler
    app_bond_db.o(.text) refers to app_non_volatile_storage.o(.text) for generic_load_flash
    app_bond_db.o(.text) refers to app_bond_db.o(.data.storage_info) for [Anonymous Symbol]
    app_bond_db.o(.text) refers to app_bond_db.o(.bss.retention_mem_area0) for bdb
    app_bond_db.o(.text) refers to strlen.o(.text) for strlen
    app_bond_db.o(.text) refers to arch_console.o(.text) for arch_sprintf
    app_bond_db.o(.ARM.exidx) refers to app_bond_db.o(.text) for [Anonymous Symbol]
    app_bond_db.o(.data.storage_info) refers to app_bond_db.o(.bss.retention_mem_area0) for bdb
    app_utils.o(.ARM.exidx) refers to app_utils.o(.text) for [Anonymous Symbol]
    app_handlers_db.o(.text) refers to app_non_volatile_storage.o(.text) for generic_load_flash
    app_handlers_db.o(.text) refers to app_handlers_db.o(.rodata..L__const.handlers_db_store_ext.storage_info) for [Anonymous Symbol]
    app_handlers_db.o(.text) refers to app_handlers_db.o(.bss.retention_mem_area0) for [Anonymous Symbol]
    app_handlers_db.o(.ARM.exidx) refers to app_handlers_db.o(.text) for [Anonymous Symbol]
    app_handlers_db.o(.rodata..L__const.handlers_db_store_ext.storage_info) refers to app_handlers_db.o(.bss.retention_mem_area0) for [Anonymous Symbol]
    app_non_volatile_storage.o(.text) refers to spi_flash.o(.text) for spi_flash_release_from_power_down
    app_non_volatile_storage.o(.ARM.exidx) refers to app_non_volatile_storage.o(.text) for [Anonymous Symbol]
    app_events_db.o(.text) refers to app_non_volatile_storage.o(.text) for generic_store_flash
    app_events_db.o(.text) refers to app_events_db.o(.rodata..L__const.events_db_load_ext.storage_info) for [Anonymous Symbol]
    app_events_db.o(.text) refers to app_events_db.o(.bss.retention_mem_area0) for [Anonymous Symbol]
    app_events_db.o(.text) refers to arch_console.o(.text) for arch_sprintf
    app_events_db.o(.text) refers to strlen.o(.text) for strlen
    app_events_db.o(.text) refers to app_events_db.o(.rodata.str1.1) for [Anonymous Symbol]
    app_events_db.o(.ARM.exidx) refers to app_events_db.o(.text) for [Anonymous Symbol]
    app_events_db.o(.rodata..L__const.events_db_load_ext.storage_info) refers to app_events_db.o(.bss.retention_mem_area0) for [Anonymous Symbol]
    app_conpar_db.o(.text) refers to app_non_volatile_storage.o(.text) for generic_load_flash
    app_conpar_db.o(.text) refers to app_conpar_db.o(.data.storage_info) for [Anonymous Symbol]
    app_conpar_db.o(.text) refers to app_conpar_db.o(.bss.retention_mem_area0) for [Anonymous Symbol]
    app_conpar_db.o(.ARM.exidx) refers to app_conpar_db.o(.text) for [Anonymous Symbol]
    app_conpar_db.o(.data.storage_info) refers to app_conpar_db.o(.bss.retention_mem_area0) for [Anonymous Symbol]
    user_custs_config_585.o(.rodata.cust_prf_funcs) refers to user_custs1_def_585.o(.rodata.custs1_att_db) for custs1_att_db
    user_custs_config_585.o(.rodata.cust_prf_funcs) refers to app_customs.o(.text) for app_custs1_create_db
    user_custs1_def_585.o(.rodata.custs1_att_db) refers to user_custs1_def_585.o(.rodata.att_decl_svc) for [Anonymous Symbol]
    user_custs1_def_585.o(.rodata.custs1_att_db) refers to user_custs1_def_585.o(.rodata.custs1_svc) for custs1_svc
    user_custs1_def_585.o(.rodata.custs1_att_db) refers to user_custs1_def_585.o(.rodata.att_decl_char) for [Anonymous Symbol]
    user_custs1_def_585.o(.rodata.custs1_att_db) refers to user_custs1_def_585.o(.rodata.CUST1_INBOUND_UUID_128) for CUST1_INBOUND_UUID_128
    user_custs1_def_585.o(.rodata.custs1_att_db) refers to user_custs1_def_585.o(.rodata.CUST1_OUTBOUND_UUID_128) for CUST1_OUTBOUND_UUID_128
    user_custs1_def_585.o(.rodata.custs1_att_db) refers to user_custs1_def_585.o(.rodata.CUST1_FLOW_CONTROL_UUID_128) for CUST1_FLOW_CONTROL_UUID_128
    user_custs1_def_585.o(.rodata.custs1_att_db) refers to user_custs1_def_585.o(.rodata.att_decl_cfg) for [Anonymous Symbol]
    user_periph_setup.o(.text) refers to gpio.o(.text) for GPIO_ConfigurePinPort0
    user_periph_setup.o(.text) refers to user_codeless_env.o(.bss.retention_mem_area0) for codeless_env
    user_periph_setup.o(.text) refers to user_custs_sps.o(.text) for uart_sps_flow_off
    user_periph_setup.o(.text) refers to syscntl.o(.text) for syscntl_dcdc_turn_on_in_boost
    user_periph_setup.o(.text) refers to system_library_531.o(.text) for patch_func
    user_periph_setup.o(.text) refers to user_utility_functions.o(.text) for user_set_uart_to_codeless_settings
    user_periph_setup.o(.text) refers to user_cmd_parser.o(.text) for user_character_parser_start
    user_periph_setup.o(.text) refers to spi_531.o(.text) for spi_initialize
    user_periph_setup.o(.text) refers to user_at_console.o(.bss.retention_mem_area0) for console_env
    user_periph_setup.o(.ARM.exidx) refers to user_periph_setup.o(.text) for [Anonymous Symbol]
    user_at_console.o(.text) refers to user_utility_functions.o(.text) for user_host_wakeup_process
    user_at_console.o(.text) refers to user_at_console.o(.rodata.str1.1) for [Anonymous Symbol]
    user_at_console.o(.text) refers to user_at_console.o(.bss.retention_mem_area0) for console_env
    user_at_console.o(.text) refers to user_at_console.o(.data.user_error_message) for user_error_message
    user_at_console.o(.ARM.exidx) refers to user_at_console.o(.text) for [Anonymous Symbol]
    user_at_console.o(.data.user_error_message) refers to user_at_console.o(.rodata.str1.1) for [Anonymous Symbol]
    user_at_commands.o(.text) refers to arch_console.o(.text) for arch_sprintf
    user_at_commands.o(.text) refers to user_utility_functions.o(.text) for ahtoi
    user_at_commands.o(.text) refers to user_at_console.o(.text) for send_to_local
    user_at_commands.o(.text) refers to user_at_console.o(.bss.retention_mem_area0) for console_env
    user_at_commands.o(.text) refers to user_at_commands.o(.rodata.str1.1) for [Anonymous Symbol]
    user_at_commands.o(.text) refers to user_codeless.o(.text) for user_codeless_set_default_gpio
    user_at_commands.o(.text) refers to strlen.o(.text) for strlen
    user_at_commands.o(.text) refers to user_codeless_env.o(.bss.retention_mem_area0) for codeless_env
    user_at_commands.o(.text) refers to gpio.o(.text) for GPIO_ConfigurePinPort0
    user_at_commands.o(.text) refers to user_gap.o(.text) for user_app_configuration_func
    user_at_commands.o(.text) refers to app_suotar.o(.text) for app_suotar_create_db
    user_at_commands.o(.text) refers to app_customs.o(.text) for app_custs1_create_db
    user_at_commands.o(.text) refers to app_easy_timer.o(.text) for app_easy_timer
    user_at_commands.o(.text) refers to app_easy_security.o(.text) for app_easy_security_tk_exch
    user_at_commands.o(.text) refers to app_bond_db.o(.text) for default_app_bdb_remove_entry
    user_at_commands.o(.text) refers to user_bonding_database.o(.text) for user_verify_persistence_args
    user_at_commands.o(.text) refers to app_bond_db.o(.bss.retention_mem_area0) for bdb
    user_at_commands.o(.text) refers to user_handlers.o(.text) for user_get_handler_command_string
    user_at_commands.o(.text) refers to ctype_o.o(.text) for __rt_ctype_table
    user_at_commands.o(.text) refers to app_events_db.o(.text) for app_get_printable_event_table
    user_at_commands.o(.text) refers to app_conpar_db.o(.text) for app_store_cpdb_conf_to_flash
    user_at_commands.o(.text) refers to user_pwm.o(.text) for is_pwm_hardware_configuration_valid
    user_at_commands.o(.text) refers to user_security.o(.text) for get_security_and_pairing_mode
    user_at_commands.o(.text) refers to user_security.o(.bss.retention_mem_area0) for restore_sec_pair_mode_on_discon_if_legacy
    user_at_commands.o(.text) refers to user_baud.o(.text) for user_uart_baudrate_getf
    user_at_commands.o(.text) refers to user_gatt.o(.text) for send_to_remote
    user_at_commands.o(.text) refers to uart.o(.text) for uart_write_buffer
    user_at_commands.o(.ARM.exidx) refers to user_at_commands.o(.text) for [Anonymous Symbol]
    user_at_commands.o(.rodata.at_commands_chars) refers to user_at_commands.o(.rodata.str1.1) for [Anonymous Symbol]
    user_at_commands.o(.rodata.at_commands_chars) refers to user_at_commands.o(.text) for user_at
    user_baud.o(.text) refers to user_baud.o(.rodata.baud_rates) for baud_rates
    user_baud.o(.ARM.exidx) refers to user_baud.o(.text) for [Anonymous Symbol]
    user_bonding_database.o(.text) refers to user_utility_functions.o(.text) for atoui32_with_error_checking
    user_bonding_database.o(.text) refers to strlen.o(.text) for strlen
    user_bonding_database.o(.ARM.exidx) refers to user_bonding_database.o(.text) for [Anonymous Symbol]
    user_cmd_interpreter.o(.text) refers to arch_console.o(.text) for arch_sprintf
    user_cmd_interpreter.o(.text) refers to user_at_console.o(.text) for send_to_local
    user_cmd_interpreter.o(.text) refers to user_gatt.o(.text) for send_to_remote
    user_cmd_interpreter.o(.text) refers to user_cmd_interpreter.o(.rodata.str1.1) for [Anonymous Symbol]
    user_cmd_interpreter.o(.text) refers to user_cmd_parser.o(.text) for validate_at_reply
    user_cmd_interpreter.o(.text) refers to user_utility_functions.o(.text) for user_malloc
    user_cmd_interpreter.o(.text) refers to user_at_commands.o(.rodata.at_commands_chars) for at_commands_chars
    user_cmd_interpreter.o(.text) refers to user_codeless_env.o(.bss.retention_mem_area0) for codeless_env
    user_cmd_interpreter.o(.text) refers to user_at_console.o(.bss.retention_mem_area0) for console_env
    user_cmd_interpreter.o(.text) refers to user_at_console.o(.data.user_error_message) for user_error_message
    user_cmd_interpreter.o(.ARM.exidx) refers to user_cmd_interpreter.o(.text) for [Anonymous Symbol]
    user_cmd_parser.o(.text) refers to uart.o(.text) for uart_register_rx_cb
    user_cmd_parser.o(.text) refers to user_at_console.o(.bss.retention_mem_area0) for console_env
    user_cmd_parser.o(.text) refers to arch_console.o(.bss.retention_mem_area0) for printf_msg_list
    user_cmd_parser.o(.text) refers to user_cmd_parser.o(.rodata.str1.1) for [Anonymous Symbol]
    user_cmd_parser.o(.text) refers to strlen.o(.text) for strlen
    user_cmd_parser.o(.text) refers to strncmp.o(.text) for strncmp
    user_cmd_parser.o(.text) refers to strchr.o(.text) for strchr
    user_cmd_parser.o(.text) refers to user_at_commands.o(.rodata.at_commands_chars) for at_commands_chars
    user_cmd_parser.o(.text) refers to strcmp.o(.text) for strcmp
    user_cmd_parser.o(.ARM.exidx) refers to user_cmd_parser.o(.text) for [Anonymous Symbol]
    user_codeless.o(.text) refers to user_handlers.o(.text) for user_is_handler_enabled
    user_codeless.o(.text) refers to user_at_commands.o(.text) for user_execute_event_handler_commands
    user_codeless.o(.text) refers to app_easy_timer.o(.text) for app_easy_timer_cancel
    user_codeless.o(.text) refers to app_events_db.o(.text) for app_is_event_enabled
    user_codeless.o(.text) refers to user_at_console.o(.text) for send_to_local
    user_codeless.o(.text) refers to user_gatt.o(.text) for user_gatt_discover_chars
    user_codeless.o(.text) refers to user_utility_functions.o(.text) for user_exit_sleep
    user_codeless.o(.text) refers to app.o(.text) for app_prf_enable
    user_codeless.o(.text) refers to user_security.o(.text) for get_security_and_pairing_mode
    user_codeless.o(.text) refers to app_easy_security.o(.text) for app_easy_security_request
    user_codeless.o(.text) refers to gpio.o(.text) for GPIO_ConfigurePinPort0
    user_codeless.o(.text) refers to user_codeless_env.o(.bss.retention_mem_area0) for codeless_env
    user_codeless.o(.text) refers to app.o(.bss.retention_mem_area0) for app_env
    user_codeless.o(.text) refers to user_utility_functions.o(.bss.retention_mem_area0) for sleep_timer
    user_codeless.o(.text) refers to user_codeless.o(.bss.retention_mem_area0) for features_timer
    user_codeless.o(.text) refers to user_codeless.o(.bss.user_on_connection.i) for [Anonymous Symbol]
    user_codeless.o(.text) refers to user_codeless.o(.rodata.str1.1) for [Anonymous Symbol]
    user_codeless.o(.text) refers to app_conpar_db.o(.text) for set_default_connection_parameters
    user_codeless.o(.text) refers to app_suotar.o(.bss.retention_mem_area0) for suota_state
    user_codeless.o(.text) refers to user_security.o(.bss.retention_mem_area0) for restore_sec_pair_mode_on_discon_if_legacy
    user_codeless.o(.text) refers to strlen.o(.text) for strlen
    user_codeless.o(.text) refers to custs1.o(.text) for svc1_long_val_att_info_rsp
    user_codeless.o(.text) refers to user_cmd_interpreter.o(.text) for user_cmd_interpreter
    user_codeless.o(.text) refers to user_custs1_def_585.o(.rodata.CUST1_INBOUND_UUID_128) for CUST1_INBOUND_UUID_128
    user_codeless.o(.text) refers to user_custs1_def_585.o(.rodata.CUST1_OUTBOUND_UUID_128) for CUST1_OUTBOUND_UUID_128
    user_codeless.o(.text) refers to user_custs1_def_585.o(.rodata.CUST1_FLOW_CONTROL_UUID_128) for CUST1_FLOW_CONTROL_UUID_128
    user_codeless.o(.text) refers to arch_console.o(.text) for arch_sprintf
    user_codeless.o(.text) refers to user_custs1_def_585.o(.rodata.custs1_svc) for custs1_svc
    user_codeless.o(.text) refers to user_custs1_def_585.o(.rodata.custs1_sps_svc) for custs1_sps_svc
    user_codeless.o(.text) refers to arch_sleep.o(.text) for arch_disable_sleep
    user_codeless.o(.text) refers to app_default_handlers.o(.text) for default_app_on_set_dev_config_complete
    user_codeless.o(.text) refers to user_cmd_parser.o(.text) for user_codeless_uart_start
    user_codeless.o(.text) refers to user_custs_sps.o(.text) for uart_sps_flow_on
    user_codeless.o(.text) refers to user_codeless.o(.bss.user_injected_bd_address) for user_injected_bd_address
    user_codeless.o(.text) refers to user_at_console.o(.bss.retention_mem_area0) for console_env
    user_codeless.o(.text) refers to app_bond_db.o(.text) for default_app_bdb_init
    user_codeless.o(.text) refers to app_handlers_db.o(.text) for app_hdb_init
    user_codeless.o(.text) refers to app_security.o(.text) for app_sec_gen_tk
    user_codeless.o(.text) refers to app_security.o(.bss.retention_mem_area0) for app_sec_env
    user_codeless.o(.ARM.exidx) refers to user_codeless.o(.text) for [Anonymous Symbol]
    user_custs_sps.o(.text) refers to user_codeless_env.o(.bss.retention_mem_area0) for codeless_env
    user_custs_sps.o(.ARM.exidx) refers to user_custs_sps.o(.text) for [Anonymous Symbol]
    user_gap.o(.text) refers to app.o(.text) for app_easy_gap_dev_config_get_active
    user_gap.o(.text) refers to user_codeless_env.o(.bss.retention_mem_area0) for codeless_env
    user_gap.o(.text) refers to user_codeless.o(.bss.user_injected_bd_address) for user_injected_bd_address
    user_gap.o(.ARM.exidx) refers to user_gap.o(.text) for [Anonymous Symbol]
    user_gatt.o(.text) refers to user_codeless_env.o(.bss.retention_mem_area0) for codeless_env
    user_gatt.o(.text) refers to user_codeless.o(.text) for is_connected
    user_gatt.o(.text) refers to strlen.o(.text) for strlen
    user_gatt.o(.text) refers to user_at_console.o(.text) for at_console_error_report
    user_gatt.o(.text) refers to user_utility_functions.o(.text) for outbound_char_enqueue
    user_gatt.o(.text) refers to app.o(.bss.retention_mem_area0) for app_env
    user_gatt.o(.ARM.exidx) refers to user_gatt.o(.text) for [Anonymous Symbol]
    user_handlers.o(.text) refers to app_handlers_db.o(.text) for app_get_hdb_entry
    user_handlers.o(.text) refers to user_utility_functions.o(.text) for atoui32_with_error_checking
    user_handlers.o(.ARM.exidx) refers to user_handlers.o(.text) for [Anonymous Symbol]
    user_i2c.o(.text) refers to user_i2c.o(.bss.i2c_cfg_env) for i2c_cfg_env
    user_i2c.o(.text) refers to user_codeless_env.o(.bss.retention_mem_area0) for codeless_env
    user_i2c.o(.text) refers to arch_console.o(.text) for arch_sprintf
    user_i2c.o(.text) refers to user_i2c.o(.rodata.str1.1) for [Anonymous Symbol]
    user_i2c.o(.ARM.exidx) refers to user_i2c.o(.text) for [Anonymous Symbol]
    user_pwm.o(.text) refers to user_codeless_env.o(.bss.retention_mem_area0) for codeless_env
    user_pwm.o(.text) refers to user_pwm.o(.bss.is_pwm_in_use) for [Anonymous Symbol]
    user_pwm.o(.text) refers to timer2.o(.text) for timer2_config
    user_pwm.o(.text) refers to dfltui.o(.text) for __aeabi_ui2d
    user_pwm.o(.text) refers to ddiv.o(.text) for __aeabi_ddiv
    user_pwm.o(.text) refers to round.o(i.round) for round
    user_pwm.o(.text) refers to dfixui.o(.text) for __aeabi_d2uiz
    user_pwm.o(.text) refers to app_easy_timer.o(.text) for app_easy_timer
    user_pwm.o(.ARM.exidx) refers to user_pwm.o(.text) for [Anonymous Symbol]
    user_security.o(.text) refers to user_security.o(.data.sec_pair_mode) for sec_pair_mode
    user_security.o(.text) refers to user_security.o(.data.user_security_conf) for user_security_conf
    user_security.o(.text) refers to user_security.o(.bss.retention_mem_area0) for restore_sec_pair_mode_on_discon_if_legacy
    user_security.o(.ARM.exidx) refers to user_security.o(.text) for [Anonymous Symbol]
    user_utility_functions.o(.text) refers to hw_otpc_531.o(.text) for hw_otpc_init
    user_utility_functions.o(.text) refers to hash.o(.text) for hash
    user_utility_functions.o(.text) refers to arch_system.o(.bss.retention_mem_area0) for dev_bdaddr
    user_utility_functions.o(.text) refers to spi_flash.o(.text) for spi_flash_release_from_power_down
    user_utility_functions.o(.text) refers to strtol.o(.text) for strtol
    user_utility_functions.o(.text) refers to errno.o(i.__aeabi_errno_addr) for __aeabi_errno_addr
    user_utility_functions.o(.text) refers to strlen.o(.text) for strlen
    user_utility_functions.o(.text) refers to uart.o(.text) for uart_initialize
    user_utility_functions.o(.text) refers to user_custs_sps.o(.text) for uart_sps_flow_on
    user_utility_functions.o(.text) refers to user_codeless_env.o(.bss.retention_mem_area0) for codeless_env
    user_utility_functions.o(.text) refers to app.o(.text) for app_easy_gap_param_update_get_active
    user_utility_functions.o(.text) refers to gpio.o(.text) for GPIO_ConfigurePinPort0
    user_utility_functions.o(.text) refers to wkupct_quadec.o(.text) for wkupct_enable_irq
    user_utility_functions.o(.text) refers to user_cmd_parser.o(.text) for user_codeless_uart_start
    user_utility_functions.o(.text) refers to user_periph_setup.o(.text) for set_commmand_uart_pins
    user_utility_functions.o(.text) refers to app_events_db.o(.text) for app_is_event_enabled
    user_utility_functions.o(.text) refers to user_at_console.o(.text) for send_to_local
    user_utility_functions.o(.text) refers to user_handlers.o(.text) for user_is_handler_enabled
    user_utility_functions.o(.text) refers to user_at_commands.o(.text) for user_execute_event_handler_commands
    user_utility_functions.o(.text) refers to user_at_console.o(.bss.retention_mem_area0) for console_env
    user_utility_functions.o(.text) refers to arch_sleep.o(.text) for arch_disable_sleep
    user_utility_functions.o(.text) refers to app_easy_msg_utils.o(.text) for app_easy_msg_set
    user_utility_functions.o(.text) refers to app_msg_utils.o(.text) for app_check_BLE_active
    user_utility_functions.o(.text) refers to app_easy_timer.o(.text) for app_easy_timer_cancel
    user_utility_functions.o(.text) refers to user_utility_functions.o(.bss.retention_mem_area0) for sleep_timer
    user_utility_functions.o(.text) refers to strcpy.o(.text) for strcpy
    user_utility_functions.o(.ARM.exidx) refers to user_utility_functions.o(.text) for [Anonymous Symbol]
    patch_1.o(.text) refers to system_library_531.o(.bss.retention_mem_area0) for lld_force_timeout_refresh
    rf_ldo_calibration.o(.text) refers to arch_asm.o(.text) for arch_asm_delay_us
    rf_ldo_calibration.o(.text) refers to rf_531.o(.text) for rf_calibration
    rf_ldo_calibration.o(.text) refers to rf_ldo_calibration.o(.bss) for .bss
    rf_ldo_calibration.o(.text) refers to ble_arp.o(.bss.retention_mem_area0) for rf_ldo_calibration_pending
    rf_ldo_calibration.o(.text) refers to rwble.o(.bss.retention_mem_area0) for rf_ldo_calibrated_value
    common.o(.text) refers to arch_asm.o(.text) for arch_asm_delay_us
    round.o(i.round) refers (Special) to iusefp.o(.text) for __I$use$fp
    round.o(i.round) refers to drnd.o(.text) for _drnd
    round.o(i.round) refers to dadd.o(.text) for __aeabi_dsub
    round.o(i.round) refers to cdcmple.o(.text) for __aeabi_cdcmple
    round.o(i.round) refers to cdrcmple.o(.text) for __aeabi_cdrcmple
    entry.o(.ARM.Collect$$$$00000000) refers (Special) to entry10a.o(.ARM.Collect$$$$0000000D) for __rt_final_cpp
    entry.o(.ARM.Collect$$$$00000000) refers (Special) to entry11a.o(.ARM.Collect$$$$0000000F) for __rt_final_exit
    entry.o(.ARM.Collect$$$$00000000) refers (Special) to entry7b.o(.ARM.Collect$$$$00000008) for _main_clock
    entry.o(.ARM.Collect$$$$00000000) refers (Special) to entry8b.o(.ARM.Collect$$$$0000000A) for _main_cpp_init
    entry.o(.ARM.Collect$$$$00000000) refers (Special) to entry9a.o(.ARM.Collect$$$$0000000B) for _main_init
    entry.o(.ARM.Collect$$$$00000000) refers (Special) to entry5.o(.ARM.Collect$$$$00000004) for _main_scatterload
    entry.o(.ARM.Collect$$$$00000000) refers (Special) to entry2.o(.ARM.Collect$$$$00000001) for _main_stk
    ctype_o.o(.text) refers to ctype_o.o(.constdata) for .constdata
    ctype_o.o(.constdata) refers to ctype_o.o(.constdata) for __ctype_table
    isalnum_o.o(.text) refers to ctype_o.o(.text) for __rt_ctype_table
    isalpha_o.o(.text) refers to ctype_o.o(.text) for __rt_ctype_table
    isblank_o.o(.text) refers to ctype_o.o(.constdata) for __ctype_table
    iscntrl_o.o(.text) refers to ctype_o.o(.text) for __rt_ctype_table
    isdigit_o.o(.text) refers to ctype_o.o(.text) for __rt_ctype_table
    isgraph_o.o(.text) refers to ctype_o.o(.text) for __rt_ctype_table
    islower_o.o(.text) refers to ctype_o.o(.text) for __rt_ctype_table
    isprint_o.o(.text) refers to ctype_o.o(.text) for __rt_ctype_table
    ispunct_o.o(.text) refers to ctype_o.o(.text) for __rt_ctype_table
    isspace_o.o(.text) refers to ctype_o.o(.text) for __rt_ctype_table
    isupper_o.o(.text) refers to ctype_o.o(.text) for __rt_ctype_table
    isxdigit_o.o(.text) refers to ctype_o.o(.text) for __rt_ctype_table
    errno.o(i.__aeabi_errno_addr) refers to errno.o(.data) for .data
    errno.o(i.__read_errno) refers to errno.o(.data) for .data
    errno.o(i.__set_errno) refers to errno.o(.data) for .data
    strtol.o(.text) refers to ctype_o.o(.text) for __rt_ctype_table
    strtol.o(.text) refers to _strtoul.o(.text) for _strtoul
    strtol.o(.text) refers to errno.o(i.__aeabi_errno_addr) for __aeabi_errno_addr
    ddiv.o(.text) refers (Special) to iusefp.o(.text) for __I$use$fp
    ddiv.o(.text) refers to depilogue.o(.text) for _double_round
    dfltui.o(.text) refers (Special) to iusefp.o(.text) for __I$use$fp
    dfltui.o(.text) refers to depilogue.o(.text) for _double_epilogue
    dfixui.o(.text) refers (Special) to iusefp.o(.text) for __I$use$fp
    entry2.o(.ARM.Collect$$$$00000001) refers to entry2.o(.ARM.Collect$$$$00002712) for __lit__00000000
    entry2.o(.ARM.Collect$$$$00002712) refers to startup_da14531.o(STACK) for __initial_sp
    entry2.o(__vectab_stack_and_reset_area) refers to startup_da14531.o(STACK) for __initial_sp
    entry2.o(__vectab_stack_and_reset_area) refers to entry.o(.ARM.Collect$$$$00000000) for __main
    entry5.o(.ARM.Collect$$$$00000004) refers to init.o(.text) for __scatterload
    entry9a.o(.ARM.Collect$$$$0000000B) refers to arch_main.o(.text) for main
    entry9b.o(.ARM.Collect$$$$0000000C) refers to arch_main.o(.text) for main
    _strtoul.o(.text) refers to _chval.o(.text) for _chval
    _strtoul.o(.text) refers to errno.o(i.__aeabi_errno_addr) for __aeabi_errno_addr
    depilogue.o(.text) refers (Special) to iusefp.o(.text) for __I$use$fp
    depilogue.o(.text) refers to depilogue.o(i.__ARM_clz) for __ARM_clz
    dadd.o(.text) refers (Special) to iusefp.o(.text) for __I$use$fp
    dadd.o(.text) refers to llsshr.o(.text) for __aeabi_lasr
    dadd.o(.text) refers to depilogue.o(.text) for _double_epilogue
    drnd.o(.text) refers (Special) to iusefp.o(.text) for __I$use$fp
    drnd.o(.text) refers to depilogue.o(.text) for _double_round
    cdcmple.o(.text) refers (Special) to iusefp.o(.text) for __I$use$fp
    cdrcmple.o(.text) refers (Special) to iusefp.o(.text) for __I$use$fp
    init.o(.text) refers to entry5.o(.ARM.Collect$$$$00000004) for __main_after_scatterload
    depilogue.o(i.__ARM_clz) refers (Special) to iusefp.o(.text) for __I$use$fp


==============================================================================

Removing Unused input sections from the image.

    Removing system_da14531.o(.text), (16 bytes).
    Removing system_da14531.o(.ARM.exidx), (8 bytes).
    Removing system_da14531.o(.ARM.exidxsystem_DA14xxx), (16 bytes).
    Removing system_da14531.o(.data.SystemCoreClock), (4 bytes).
    Removing startup_da14531.o(HEAP), (256 bytes).
    Removing hardfault_handler.o(.text), (0 bytes).
    Removing hardfault_handler.o(.ARM.exidx.text.HardFault_HandlerC), (8 bytes).
    Removing nmi_handler.o(.text), (0 bytes).
    Removing nmi_handler.o(.ARM.exidx.text.NMI_HandlerC), (8 bytes).
    Removing arch_console.o(.ARM.exidx), (24 bytes).
    Removing nvds.o(.text), (0 bytes).
    Removing arch_main.o(.ARM.exidx), (8 bytes).
    Removing arch_main.o(.ARM.use_no_argv), (4 bytes).
    Removing jump_table.o(.ARM.exidx), (64 bytes).
    Removing arch_sleep.o(.ARM.exidx), (96 bytes).
    Removing arch_system.o(.ARM.exidx), (144 bytes).
    Removing arch_system.o(.ARM.exidxsystem_init_interim_run_once), (8 bytes).
    Removing arch_system.o(.ARM.exidxsystem_init_pre_run_once), (8 bytes).
    Removing arch_hibernation.o(.text), (1372 bytes).
    Removing arch_hibernation.o(.ARM.exidx), (24 bytes).
    Removing arch_hibernation.o(.bss.retention_mem_area0), (8 bytes).
    Removing arch_rom.o(.ARM.exidxsystem_init_interim_run_once), (8 bytes).
    Removing arch_rom.o(.ARM.exidx), (8 bytes).
    Removing arch_rom.o(.ARM.exidxsystem_DA14xxx), (8 bytes).
    Removing chacha20.o(.text), (0 bytes).
    Removing hash.o(.ARM.exidx), (8 bytes).
    Removing system_library_585_586.o(.text), (0 bytes).
    Removing system_library_531.o(.ARM.exidx), (8 bytes).
    Removing system_library_531_01.o(.text), (0 bytes).
    Removing system_library_535.o(.text), (0 bytes).
    Removing otp_cs.o(.ARM.exidxsystem_init_pre_run_once), (8 bytes).
    Removing otp_cs.o(.ARM.exidx), (16 bytes).
    Removing syscntl.o(.ARM.exidx), (80 bytes).
    Removing gpio.o(.ARM.exidxsystem_init_pre_run_once), (8 bytes).
    Removing gpio.o(.ARM.exidx), (184 bytes).
    Removing wkupct_quadec.o(.ARM.exidx), (104 bytes).
    Removing battery.o(.text), (284 bytes).
    Removing battery.o(.ARM.exidx), (48 bytes).
    Removing battery.o(.rodata.adc_cfg_coin_bat), (8 bytes).
    Removing battery.o(.rodata.adc_cfg_alkaline_bat), (8 bytes).
    Removing battery.o(.rodata.batt_cal_volt), (8 bytes).
    Removing dma.o(.text), (0 bytes).
    Removing adc_531.o(.ARM.exidx), (160 bytes).
    Removing uart.o(.ARM.exidx), (136 bytes).
    Removing spi_531.o(.ARM.exidx), (144 bytes).
    Removing spi_flash.o(.ARM.exidx), (360 bytes).
    Removing spi_flash.o(.rodata..L__const.spi_flash_auto_detect.spi_flash_default_cfg), (12 bytes).
    Removing i2c.o(.text), (1464 bytes).
    Removing i2c.o(.ARM.exidx), (112 bytes).
    Removing i2c.o(.bss.retention_mem_area0), (24 bytes).
    Removing i2c_eeprom.o(.text), (2784 bytes).
    Removing i2c_eeprom.o(.ARM.exidx), (96 bytes).
    Removing i2c_eeprom.o(.bss.retention_mem_area0), (24 bytes).
    Removing hw_otpc_531.o(.ARM.exidx), (88 bytes).
    Removing trng.o(.text), (0 bytes).
    Removing trng.o(.ARM.exidxsystem_init_interim_run_once), (8 bytes).
    Removing rtc.o(.text), (1472 bytes).
    Removing rtc.o(.ARM.exidx), (56 bytes).
    Removing rtc.o(.bss.retention_mem_area0), (4 bytes).
    Removing timer1.o(.text), (516 bytes).
    Removing timer1.o(.ARM.exidx), (80 bytes).
    Removing timer1.o(.bss.retention_mem_area0), (12 bytes).
    Removing timer2.o(.ARM.exidx), (24 bytes).
    Removing rf_585.o(.text), (0 bytes).
    Removing rwble.o(.ARM.exidx), (56 bytes).
    Removing rwip.o(.ARM.exidx), (24 bytes).
    Removing ble_arp.o(.ARM.exidx), (80 bytes).
    Removing ble_arp.o(.ARM.exidxsystem_init_interim_run_once), (16 bytes).
    Removing ble_arp.o(.rodata.arp_table), (4 bytes).
    Removing rf_531.o(.ARM.exidx), (120 bytes).
    Removing rf_531.o(.rodata.masked_reg32), (72 bytes).
    Removing prf.o(.ARM.exidx), (16 bytes).
    Removing prf_utils.o(.text), (0 bytes).
    Removing diss.o(.text), (0 bytes).
    Removing diss_task.o(.text), (0 bytes).
    Removing suotar.o(.text), (0 bytes).
    Removing suotar_task.o(.text), (0 bytes).
    Removing attm_db_128.o(.text), (0 bytes).
    Removing custom_common.o(.text), (0 bytes).
    Removing custs1.o(.ARM.exidx), (16 bytes).
    Removing custs1_task.o(.ARM.exidx), (24 bytes).
    Removing custs2.o(.text), (0 bytes).
    Removing custs2_task.o(.text), (0 bytes).
    Removing app_default_handlers.o(.ARM.exidx), (176 bytes).
    Removing app_default_handlers.o(.rodata.cst16), (16 bytes).
    Removing app.o(.ARM.exidx), (176 bytes).
    Removing app_task.o(.ARM.exidx), (56 bytes).
    Removing app_security.o(.ARM.exidx), (24 bytes).
    Removing app_security_task.o(.ARM.exidx), (64 bytes).
    Removing app_entry_point.o(.text), (0 bytes).
    Removing app_msg_utils.o(.ARM.exidx), (16 bytes).
    Removing app_easy_msg_utils.o(.ARM.exidx), (56 bytes).
    Removing app_easy_security.o(.ARM.exidx), (232 bytes).
    Removing app_easy_timer.o(.ARM.exidx), (56 bytes).
    Removing app_diss.o(.text), (0 bytes).
    Removing app_diss_task.o(.text), (0 bytes).
    Removing app_bass.o(.text), (0 bytes).
    Removing app_bass_task.o(.text), (0 bytes).
    Removing app_customs.o(.ARM.exidx), (24 bytes).
    Removing app_customs_task.o(.ARM.exidx), (8 bytes).
    Removing app_customs_common.o(.text), (4 bytes).
    Removing app_customs_common.o(.ARM.exidx), (8 bytes).
    Removing app_findme.o(.text), (0 bytes).
    Removing app_findme_task.o(.text), (0 bytes).
    Removing app_proxr.o(.text), (0 bytes).
    Removing app_proxr_task.o(.text), (0 bytes).
    Removing app_suotar.o(.ARM.exidx), (144 bytes).
    Removing app_suotar_task.o(.ARM.exidx), (40 bytes).
    Removing app_bond_db.o(.ARM.exidx), (144 bytes).
    Removing app_utils.o(.ARM.exidx), (16 bytes).
    Removing app_handlers_db.o(.ARM.exidx), (32 bytes).
    Removing app_non_volatile_storage.o(.ARM.exidx), (24 bytes).
    Removing app_events_db.o(.ARM.exidx), (48 bytes).
    Removing app_conpar_db.o(.ARM.exidx), (32 bytes).
    Removing user_custs_config_585.o(.text), (0 bytes).
    Removing user_custs1_def_585.o(.text), (0 bytes).
    Removing user_custs1_def_585.o(.rodata.custs1_att_max_nb), (2 bytes).
    Removing user_periph_setup.o(.ARM.exidx), (24 bytes).
    Removing user_at_console.o(.ARM.exidx), (24 bytes).
    Removing user_at_commands.o(.ARM.exidx), (312 bytes).
    Removing user_baud.o(.ARM.exidx), (16 bytes).
    Removing user_bonding_database.o(.ARM.exidx), (24 bytes).
    Removing user_cmd_interpreter.o(.ARM.exidx), (16 bytes).
    Removing user_cmd_parser.o(.ARM.exidx), (88 bytes).
    Removing user_codeless.o(.ARM.exidx), (256 bytes).
    Removing user_codeless_env.o(.text), (0 bytes).
    Removing user_custs_sps.o(.ARM.exidx), (24 bytes).
    Removing user_gap.o(.ARM.exidx), (24 bytes).
    Removing user_gatt.o(.ARM.exidx), (24 bytes).
    Removing user_handlers.o(.ARM.exidx), (40 bytes).
    Removing user_heartbeat.o(.text), (0 bytes).
    Removing user_i2c.o(.text), (1508 bytes).
    Removing user_i2c.o(.ARM.exidx), (48 bytes).
    Removing user_i2c.o(.bss.i2c_cfg_env), (3 bytes).
    Removing user_i2c.o(.rodata.str1.1), (17 bytes).
    Removing user_pwm.o(.ARM.exidx), (24 bytes).
    Removing user_security.o(.ARM.exidx), (40 bytes).
    Removing user_spi.o(.text), (0 bytes).
    Removing user_spi_command_interface.o(.text), (0 bytes).
    Removing user_utility_functions.o(.ARM.exidx), (208 bytes).

140 unused section(s) (total 14994 bytes) removed from the image.
