../Drivers/lvgl/src/osal/lv_freertos.c:85:13:lv_thread_init	40	static
../Drivers/lvgl/src/osal/lv_freertos.c:110:13:lv_thread_delete	16	static
../Drivers/lvgl/src/osal/lv_freertos.c:117:13:lv_mutex_init	16	static
../Drivers/lvgl/src/osal/lv_freertos.c:125:13:lv_mutex_lock	24	static
../Drivers/lvgl/src/osal/lv_freertos.c:139:13:lv_mutex_lock_isr	24	static
../Drivers/lvgl/src/osal/lv_freertos.c:161:13:lv_mutex_unlock	24	static
../Drivers/lvgl/src/osal/lv_freertos.c:175:13:lv_mutex_delete	16	static
../Drivers/lvgl/src/osal/lv_freertos.c:185:13:lv_thread_sync_init	16	static
../Drivers/lvgl/src/osal/lv_freertos.c:193:13:lv_thread_sync_wait	48	static
../Drivers/lvgl/src/osal/lv_freertos.c:275:13:lv_thread_sync_signal	48	static
../Drivers/lvgl/src/osal/lv_freertos.c:332:13:lv_thread_sync_delete	16	static
../Drivers/lvgl/src/osal/lv_freertos.c:346:13:lv_thread_sync_signal_isr	32	static
../Drivers/lvgl/src/osal/lv_freertos.c:391:6:lv_freertos_task_switch_in	16	static
../Drivers/lvgl/src/osal/lv_freertos.c:399:6:lv_freertos_task_switch_out	16	static
../Drivers/lvgl/src/osal/lv_freertos.c:406:10:lv_os_get_idle_percent	16	static
../Drivers/lvgl/src/osal/lv_freertos.c:426:13:prvRunThread	24	static
../Drivers/lvgl/src/osal/lv_freertos.c:436:13:prvMutexInit	16	static
../Drivers/lvgl/src/osal/lv_freertos.c:450:13:prvCheckMutexInit	16	static
../Drivers/lvgl/src/osal/lv_freertos.c:470:13:prvCondInit	16	static
../Drivers/lvgl/src/osal/lv_freertos.c:501:13:prvCheckCondInit	16	static
../Drivers/lvgl/src/osal/lv_freertos.c:521:13:prvCheckCondInitIsr	24	static
../Drivers/lvgl/src/osal/lv_freertos.c:542:13:prvTestAndDecrement	40	static
