15:41:31 **** Incremental Build of configuration Debug for project Smartwatch_bench ****
make -j12 all 
arm-none-eabi-size  Smartwatch_bench.elf 
   text	   data	    bss	    dec	    hex	filename
 469437	    632	 385976	 856045	  d0fed	Smartwatch_bench.elf
Finished building: default.size.stdout
 
15:42:07 **** Incremental Build of configuration Debug for project Smartwatch_bench ****
make -j12 all 
arm-none-eabi-gcc "../Core/Src/main.c" -mcpu=cortex-m33 -std=gnu11 -g3 -DDEBUG -DUSE_HAL_DRIVER -DSTM32U575xx -c -I../Core/Inc -I../Drivers/STM32U5xx_HAL_Driver/Inc -I../Drivers/STM32U5xx_HAL_Driver/Inc/Legacy -I../Drivers/CMSIS/Device/ST/STM32U5xx/Include -I../Drivers/CMSIS/Include -I../Middlewares/Third_Party/FreeRTOS/Source/include/ -I../Middlewares/Third_Party/FreeRTOS/Source/portable/GCC/ARM_CM33_NTZ/non_secure/ -I../Middlewares/Third_Party/FreeRTOS/Source/CMSIS_RTOS_V2/ -I../Middlewares/Third_Party/CMSIS/RTOS2/Include/ -I"/home/joakim-wennergren/Desktop/Smartwatch/Firmware/Bench/Drivers/lvgl" -O0 -ffunction-sections -fdata-sections -Wall -fstack-usage -fstack-usage -fcyclomatic-complexity -MMD -MP -MF"Core/Src/main.d" -MT"Core/Src/main.o" --specs=nano.specs -mfpu=fpv5-sp-d16 -mfloat-abi=hard -mthumb -o "Core/Src/main.o"
../Core/Src/main.c: In function 'HAL_RTC_AlarmAEventCallback':
../Core/Src/main.c:87:13: warning: pointer targets in passing argument 1 of 'sprintf' differ in signedness [-Wpointer-sign]
   87 |     sprintf(Buffer, "RTC 1 minute tick!");
      |             ^~~~~~
      |             |
      |             uint8_t * {aka unsigned char *}
In file included from ../Core/Src/main.c:25:
/home/joakim-wennergren/st/stm32cubeide_1.19.0/plugins/com.st.stm32cube.ide.mcu.externaltools.gnu-tools-for-stm32.13.3.rel1.linux64_1.0.0.202410170706/tools/arm-none-eabi/include/stdio.h:250:18: note: expected 'char * restrict' but argument is of type 'uint8_t *' {aka 'unsigned char *'}
  250 | int     sprintf (char *__restrict, const char *__restrict, ...)
      |                  ^
../Core/Src/main.c:88:57: warning: pointer targets in passing argument 1 of 'strlen' differ in signedness [-Wpointer-sign]
   88 |     HAL_UART_Transmit(&huart4, (uint8_t*)Buffer, strlen(Buffer), 1000);
      |                                                         ^~~~~~
      |                                                         |
      |                                                         uint8_t * {aka unsigned char *}
In file included from ../Core/Src/main.c:24:
/home/joakim-wennergren/st/stm32cubeide_1.19.0/plugins/com.st.stm32cube.ide.mcu.externaltools.gnu-tools-for-stm32.13.3.rel1.linux64_1.0.0.202410170706/tools/arm-none-eabi/include/string.h:41:18: note: expected 'const char *' but argument is of type 'uint8_t *' {aka 'unsigned char *'}
   41 | size_t   strlen (const char *);
      |                  ^~~~~~~~~~~~
../Core/Src/main.c: In function 'RTC_SetupOnce':
../Core/Src/main.c:94:25: warning: unused variable 'sDate' [-Wunused-variable]
   94 |         RTC_DateTypeDef sDate = {0};
      |                         ^~~~~
../Core/Src/main.c: In function 'create_line':
../Core/Src/main.c:202:30: warning: passing argument 2 of 'lv_line_set_points' from incompatible pointer type [-Wincompatible-pointer-types]
  202 |     lv_line_set_points(line, line_points, 2);
      |                              ^~~~~~~~~~~
      |                              |
      |                              lv_point_t *
In file included from /home/joakim-wennergren/Desktop/Smartwatch/Firmware/Bench/Drivers/lvgl/lvgl.h:69,
                 from ../Core/Src/main.c:28:
/home/joakim-wennergren/Desktop/Smartwatch/Firmware/Bench/Drivers/lvgl/src/widgets/line/lv_line.h:50:66: note: expected 'const lv_point_precise_t *' but argument is of type 'lv_point_t *'
   50 | void lv_line_set_points(lv_obj_t * obj, const lv_point_precise_t points[], uint32_t point_num);
      |                                         ~~~~~~~~~~~~~~~~~~~~~~~~~^~~~~~~~
../Core/Src/main.c: In function 'set_date_label':
../Core/Src/main.c:221:32: warning: too many arguments for format [-Wformat-extra-args]
  221 |     snprintf(buf, sizeof(buf), "%s %d Aug 2025",
      |                                ^~~~~~~~~~~~~~~~
../Core/Src/main.c: In function 'MX_GPDMA1_Init':
../Core/Src/main.c:561:72: warning: passing argument 3 of 'HAL_DMA_RegisterCallback' from incompatible pointer type [-Wincompatible-pointer-types]
  561 |     HAL_DMA_RegisterCallback(&handle_GPDMA1_Channel2, dma_callback_id, HAL_OSPI_TxCpltCallback);
      |                                                                        ^~~~~~~~~~~~~~~~~~~~~~~
      |                                                                        |
      |                                                                        void (*)(OSPI_HandleTypeDef *)
In file included from ../Core/Inc/stm32u5xx_hal_conf.h:284,
                 from ../Drivers/STM32U5xx_HAL_Driver/Inc/stm32u5xx_hal.h:29,
                 from ../Core/Inc/main.h:30,
                 from ../Core/Src/main.c:20:
../Drivers/STM32U5xx_HAL_Driver/Inc/stm32u5xx_hal_dma.h:743:58: note: expected 'void (* const)(DMA_HandleTypeDef * const)' {aka 'void (* const)(struct __DMA_HandleTypeDef * const)'} but argument is of type 'void (*)(OSPI_HandleTypeDef *)'
  743 |                                            void (*const  pCallback)(DMA_HandleTypeDef *const _hdma));
      |                                            ~~~~~~~~~~~~~~^~~~~~~~~~~~~~~~~~~~~~~~~~~~~~~~~~~~~~~~~~
../Core/Src/main.c: At top level:
../Core/Src/main.c:178:13: warning: 'clock_timer_cb' defined but not used [-Wunused-function]
  178 | static void clock_timer_cb(lv_timer_t *t)
      |             ^~~~~~~~~~~~~~
arm-none-eabi-gcc -o "Smartwatch_bench.elf" @"objects.list"   -mcpu=cortex-m33 -T"/home/joakim-wennergren/Desktop/Smartwatch/Firmware/Bench/STM32U575ZITXQ_FLASH.ld" --specs=nosys.specs -Wl,-Map="Smartwatch_bench.map" -Wl,--gc-sections -static -u _printf_float -u _printf_float -z noexecstack --specs=nano.specs -mfpu=fpv5-sp-d16 -mfloat-abi=hard -mthumb -Wl,--start-group -lc -lm -Wl,--end-group
Finished building target: Smartwatch_bench.elf
 
arm-none-eabi-size  Smartwatch_bench.elf 
arm-none-eabi-objdump -h -S Smartwatch_bench.elf  > "Smartwatch_bench.list"
   text	   data	    bss	    dec	    hex	filename
 469437	    632	 385976	 856045	  d0fed	Smartwatch_bench.elf
Finished building: default.size.stdout
 
Finished building: Smartwatch_bench.list
 
15:42:25 **** Clean-only build of configuration Debug for project Smartwatch_bench ****
make -j12 clean 
rm -rf ./Drivers/lvgl/src/widgets/win/lv_win.cyclo ./Drivers/lvgl/src/widgets/win/lv_win.d ./Drivers/lvgl/src/widgets/win/lv_win.o ./Drivers/lvgl/src/widgets/win/lv_win.su
rm -rf ./Drivers/lvgl/src/widgets/tileview/lv_tileview.cyclo ./Drivers/lvgl/src/widgets/tileview/lv_tileview.d ./Drivers/lvgl/src/widgets/tileview/lv_tileview.o ./Drivers/lvgl/src/widgets/tileview/lv_tileview.su
rm -rf ./Drivers/lvgl/src/widgets/textarea/lv_textarea.cyclo ./Drivers/lvgl/src/widgets/textarea/lv_textarea.d ./Drivers/lvgl/src/widgets/textarea/lv_textarea.o ./Drivers/lvgl/src/widgets/textarea/lv_textarea.su
rm -rf ./Drivers/lvgl/src/widgets/tabview/lv_tabview.cyclo ./Drivers/lvgl/src/widgets/tabview/lv_tabview.d ./Drivers/lvgl/src/widgets/tabview/lv_tabview.o ./Drivers/lvgl/src/widgets/tabview/lv_tabview.su
rm -rf ./Drivers/lvgl/src/widgets/table/lv_table.cyclo ./Drivers/lvgl/src/widgets/table/lv_table.d ./Drivers/lvgl/src/widgets/table/lv_table.o ./Drivers/lvgl/src/widgets/table/lv_table.su
rm -rf ./Drivers/lvgl/src/widgets/switch/lv_switch.cyclo ./Drivers/lvgl/src/widgets/switch/lv_switch.d ./Drivers/lvgl/src/widgets/switch/lv_switch.o ./Drivers/lvgl/src/widgets/switch/lv_switch.su
rm -rf ./Drivers/lvgl/src/widgets/spinner/lv_spinner.cyclo ./Drivers/lvgl/src/widgets/spinner/lv_spinner.d ./Drivers/lvgl/src/widgets/spinner/lv_spinner.o ./Drivers/lvgl/src/widgets/spinner/lv_spinner.su
rm -rf ./Drivers/lvgl/src/widgets/spinbox/lv_spinbox.cyclo ./Drivers/lvgl/src/widgets/spinbox/lv_spinbox.d ./Drivers/lvgl/src/widgets/spinbox/lv_spinbox.o ./Drivers/lvgl/src/widgets/spinbox/lv_spinbox.su
rm -rf ./Drivers/lvgl/src/widgets/span/lv_span.cyclo ./Drivers/lvgl/src/widgets/span/lv_span.d ./Drivers/lvgl/src/widgets/span/lv_span.o ./Drivers/lvgl/src/widgets/span/lv_span.su
rm -rf ./Drivers/lvgl/src/widgets/slider/lv_slider.cyclo ./Drivers/lvgl/src/widgets/slider/lv_slider.d ./Drivers/lvgl/src/widgets/slider/lv_slider.o ./Drivers/lvgl/src/widgets/slider/lv_slider.su
rm -rf ./Drivers/lvgl/src/widgets/scale/lv_scale.cyclo ./Drivers/lvgl/src/widgets/scale/lv_scale.d ./Drivers/lvgl/src/widgets/scale/lv_scale.o ./Drivers/lvgl/src/widgets/scale/lv_scale.su
rm -rf ./Drivers/lvgl/src/widgets/roller/lv_roller.cyclo ./Drivers/lvgl/src/widgets/roller/lv_roller.d ./Drivers/lvgl/src/widgets/roller/lv_roller.o ./Drivers/lvgl/src/widgets/roller/lv_roller.su
rm -rf ./Drivers/lvgl/src/widgets/property/lv_animimage_properties.cyclo ./Drivers/lvgl/src/widgets/property/lv_animimage_properties.d ./Drivers/lvgl/src/widgets/property/lv_animimage_properties.o ./Drivers/lvgl/src/widgets/property/lv_animimage_properties.su ./Drivers/lvgl/src/widgets/property/lv_dropdown_properties.cyclo ./Drivers/lvgl/src/widgets/property/lv_dropdown_properties.d ./Drivers/lvgl/src/widgets/property/lv_dropdown_properties.o ./Drivers/lvgl/src/widgets/property/lv_dropdown_properties.su ./Drivers/lvgl/src/widgets/property/lv_image_properties.cyclo ./Drivers/lvgl/src/widgets/property/lv_image_properties.d ./Drivers/lvgl/src/widgets/property/lv_image_properties.o ./Drivers/lvgl/src/widgets/property/lv_image_properties.su ./Drivers/lvgl/src/widgets/property/lv_keyboard_properties.cyclo ./Drivers/lvgl/src/widgets/property/lv_keyboard_properties.d ./Drivers/lvgl/src/widgets/property/lv_keyboard_properties.o ./Drivers/lvgl/src/widgets/property/lv_keyboard_properties.su ./Drivers/lvgl/src/widgets/property/lv_label_properties.cyclo ./Drivers/lvgl/src/widgets/property/lv_label_properties.d ./Drivers/lvgl/src/widgets/property/lv_label_properties.o ./Drivers/lvgl/src/widgets/property/lv_label_properties.su ./Drivers/lvgl/src/widgets/property/lv_obj_properties.cyclo ./Drivers/lvgl/src/widgets/property/lv_obj_properties.d ./Drivers/lvgl/src/widgets/property/lv_obj_properties.o ./Drivers/lvgl/src/widgets/property/lv_obj_properties.su ./Drivers/lvgl/src/widgets/property/lv_roller_properties.cyclo ./Drivers/lvgl/src/widgets/property/lv_roller_properties.d ./Drivers/lvgl/src/widgets/property/lv_roller_properties.o ./Drivers/lvgl/src/widgets/property/lv_roller_properties.su ./Drivers/lvgl/src/widgets/property/lv_slider_properties.cyclo ./Drivers/lvgl/src/widgets/property/lv_slider_properties.d ./Drivers/lvgl/src/widgets/property/lv_slider_properties.o ./Drivers/lvgl/src/widgets/property/lv_slider_properties.su ./Drivers/lvgl/src/widgets/property/lv_style_properties.cyclo ./Drivers/lvgl/src/widgets/property/lv_style_properties.d ./Drivers/lvgl/src/widgets/property/lv_style_properties.o ./Drivers/lvgl/src/widgets/property/lv_style_properties.su ./Drivers/lvgl/src/widgets/property/lv_textarea_properties.cyclo ./Drivers/lvgl/src/widgets/property/lv_textarea_properties.d ./Drivers/lvgl/src/widgets/property/lv_textarea_properties.o ./Drivers/lvgl/src/widgets/property/lv_textarea_properties.su
rm -rf ./Drivers/lvgl/src/widgets/objx_templ/lv_objx_templ.cyclo ./Drivers/lvgl/src/widgets/objx_templ/lv_objx_templ.d ./Drivers/lvgl/src/widgets/objx_templ/lv_objx_templ.o ./Drivers/lvgl/src/widgets/objx_templ/lv_objx_templ.su
rm -rf ./Drivers/lvgl/src/widgets/msgbox/lv_msgbox.cyclo ./Drivers/lvgl/src/widgets/msgbox/lv_msgbox.d ./Drivers/lvgl/src/widgets/msgbox/lv_msgbox.o ./Drivers/lvgl/src/widgets/msgbox/lv_msgbox.su
rm -rf ./Drivers/lvgl/src/widgets/menu/lv_menu.cyclo ./Drivers/lvgl/src/widgets/menu/lv_menu.d ./Drivers/lvgl/src/widgets/menu/lv_menu.o ./Drivers/lvgl/src/widgets/menu/lv_menu.su
rm -rf ./Drivers/lvgl/src/widgets/lottie/lv_lottie.cyclo ./Drivers/lvgl/src/widgets/lottie/lv_lottie.d ./Drivers/lvgl/src/widgets/lottie/lv_lottie.o ./Drivers/lvgl/src/widgets/lottie/lv_lottie.su
rm -rf ./Drivers/lvgl/src/widgets/list/lv_list.cyclo ./Drivers/lvgl/src/widgets/list/lv_list.d ./Drivers/lvgl/src/widgets/list/lv_list.o ./Drivers/lvgl/src/widgets/list/lv_list.su
rm -rf ./Drivers/lvgl/src/widgets/line/lv_line.cyclo ./Drivers/lvgl/src/widgets/line/lv_line.d ./Drivers/lvgl/src/widgets/line/lv_line.o ./Drivers/lvgl/src/widgets/line/lv_line.su
rm -rf ./Drivers/lvgl/src/widgets/led/lv_led.cyclo ./Drivers/lvgl/src/widgets/led/lv_led.d ./Drivers/lvgl/src/widgets/led/lv_led.o ./Drivers/lvgl/src/widgets/led/lv_led.su
rm -rf ./Drivers/lvgl/src/widgets/label/lv_label.cyclo ./Drivers/lvgl/src/widgets/label/lv_label.d ./Drivers/lvgl/src/widgets/label/lv_label.o ./Drivers/lvgl/src/widgets/label/lv_label.su
rm -rf ./Drivers/lvgl/src/widgets/keyboard/lv_keyboard.cyclo ./Drivers/lvgl/src/widgets/keyboard/lv_keyboard.d ./Drivers/lvgl/src/widgets/keyboard/lv_keyboard.o ./Drivers/lvgl/src/widgets/keyboard/lv_keyboard.su
rm -rf ./Drivers/lvgl/src/widgets/imagebutton/lv_imagebutton.cyclo ./Drivers/lvgl/src/widgets/imagebutton/lv_imagebutton.d ./Drivers/lvgl/src/widgets/imagebutton/lv_imagebutton.o ./Drivers/lvgl/src/widgets/imagebutton/lv_imagebutton.su
rm -rf ./Drivers/lvgl/src/widgets/image/lv_image.cyclo ./Drivers/lvgl/src/widgets/image/lv_image.d ./Drivers/lvgl/src/widgets/image/lv_image.o ./Drivers/lvgl/src/widgets/image/lv_image.su
rm -rf ./Drivers/lvgl/src/widgets/dropdown/lv_dropdown.cyclo ./Drivers/lvgl/src/widgets/dropdown/lv_dropdown.d ./Drivers/lvgl/src/widgets/dropdown/lv_dropdown.o ./Drivers/lvgl/src/widgets/dropdown/lv_dropdown.su
rm -rf ./Drivers/lvgl/src/widgets/checkbox/lv_checkbox.cyclo ./Drivers/lvgl/src/widgets/checkbox/lv_checkbox.d ./Drivers/lvgl/src/widgets/checkbox/lv_checkbox.o ./Drivers/lvgl/src/widgets/checkbox/lv_checkbox.su
rm -rf ./Drivers/lvgl/src/widgets/chart/lv_chart.cyclo ./Drivers/lvgl/src/widgets/chart/lv_chart.d ./Drivers/lvgl/src/widgets/chart/lv_chart.o ./Drivers/lvgl/src/widgets/chart/lv_chart.su
rm -rf ./Drivers/lvgl/src/widgets/canvas/lv_canvas.cyclo ./Drivers/lvgl/src/widgets/canvas/lv_canvas.d ./Drivers/lvgl/src/widgets/canvas/lv_canvas.o ./Drivers/lvgl/src/widgets/canvas/lv_canvas.su
rm -rf ./Drivers/lvgl/src/widgets/calendar/lv_calendar.cyclo ./Drivers/lvgl/src/widgets/calendar/lv_calendar.d ./Drivers/lvgl/src/widgets/calendar/lv_calendar.o ./Drivers/lvgl/src/widgets/calendar/lv_calendar.su ./Drivers/lvgl/src/widgets/calendar/lv_calendar_chinese.cyclo ./Drivers/lvgl/src/widgets/calendar/lv_calendar_chinese.d ./Drivers/lvgl/src/widgets/calendar/lv_calendar_chinese.o ./Drivers/lvgl/src/widgets/calendar/lv_calendar_chinese.su ./Drivers/lvgl/src/widgets/calendar/lv_calendar_header_arrow.cyclo ./Drivers/lvgl/src/widgets/calendar/lv_calendar_header_arrow.d ./Drivers/lvgl/src/widgets/calendar/lv_calendar_header_arrow.o ./Drivers/lvgl/src/widgets/calendar/lv_calendar_header_arrow.su ./Drivers/lvgl/src/widgets/calendar/lv_calendar_header_dropdown.cyclo ./Drivers/lvgl/src/widgets/calendar/lv_calendar_header_dropdown.d ./Drivers/lvgl/src/widgets/calendar/lv_calendar_header_dropdown.o ./Drivers/lvgl/src/widgets/calendar/lv_calendar_header_dropdown.su
rm -rf ./Drivers/lvgl/src/widgets/buttonmatrix/lv_buttonmatrix.cyclo ./Drivers/lvgl/src/widgets/buttonmatrix/lv_buttonmatrix.d ./Drivers/lvgl/src/widgets/buttonmatrix/lv_buttonmatrix.o ./Drivers/lvgl/src/widgets/buttonmatrix/lv_buttonmatrix.su
rm -rf ./Drivers/lvgl/src/widgets/button/lv_button.cyclo ./Drivers/lvgl/src/widgets/button/lv_button.d ./Drivers/lvgl/src/widgets/button/lv_button.o ./Drivers/lvgl/src/widgets/button/lv_button.su
rm -rf ./Drivers/lvgl/src/widgets/bar/lv_bar.cyclo ./Drivers/lvgl/src/widgets/bar/lv_bar.d ./Drivers/lvgl/src/widgets/bar/lv_bar.o ./Drivers/lvgl/src/widgets/bar/lv_bar.su
rm -rf ./Drivers/lvgl/src/widgets/arc/lv_arc.cyclo ./Drivers/lvgl/src/widgets/arc/lv_arc.d ./Drivers/lvgl/src/widgets/arc/lv_arc.o ./Drivers/lvgl/src/widgets/arc/lv_arc.su
rm -rf ./Drivers/lvgl/src/widgets/animimage/lv_animimage.cyclo ./Drivers/lvgl/src/widgets/animimage/lv_animimage.d ./Drivers/lvgl/src/widgets/animimage/lv_animimage.o ./Drivers/lvgl/src/widgets/animimage/lv_animimage.su
rm -rf ./Drivers/lvgl/src/widgets/3dtexture/lv_3dtexture.cyclo ./Drivers/lvgl/src/widgets/3dtexture/lv_3dtexture.d ./Drivers/lvgl/src/widgets/3dtexture/lv_3dtexture.o ./Drivers/lvgl/src/widgets/3dtexture/lv_3dtexture.su
rm -rf ./Drivers/lvgl/src/tick/lv_tick.cyclo ./Drivers/lvgl/src/tick/lv_tick.d ./Drivers/lvgl/src/tick/lv_tick.o ./Drivers/lvgl/src/tick/lv_tick.su
rm -rf ./Drivers/lvgl/src/themes/simple/lv_theme_simple.cyclo ./Drivers/lvgl/src/themes/simple/lv_theme_simple.d ./Drivers/lvgl/src/themes/simple/lv_theme_simple.o ./Drivers/lvgl/src/themes/simple/lv_theme_simple.su
rm -rf ./Drivers/lvgl/src/themes/mono/lv_theme_mono.cyclo ./Drivers/lvgl/src/themes/mono/lv_theme_mono.d ./Drivers/lvgl/src/themes/mono/lv_theme_mono.o ./Drivers/lvgl/src/themes/mono/lv_theme_mono.su
rm -rf ./Drivers/lvgl/src/themes/default/lv_theme_default.cyclo ./Drivers/lvgl/src/themes/default/lv_theme_default.d ./Drivers/lvgl/src/themes/default/lv_theme_default.o ./Drivers/lvgl/src/themes/default/lv_theme_default.su
rm -rf ./Drivers/lvgl/src/themes/lv_theme.cyclo ./Drivers/lvgl/src/themes/lv_theme.d ./Drivers/lvgl/src/themes/lv_theme.o ./Drivers/lvgl/src/themes/lv_theme.su
rm -rf ./Drivers/lvgl/src/stdlib/uefi/lv_mem_core_uefi.cyclo ./Drivers/lvgl/src/stdlib/uefi/lv_mem_core_uefi.d ./Drivers/lvgl/src/stdlib/uefi/lv_mem_core_uefi.o ./Drivers/lvgl/src/stdlib/uefi/lv_mem_core_uefi.su
rm -rf ./Drivers/lvgl/src/stdlib/rtthread/lv_mem_core_rtthread.cyclo ./Drivers/lvgl/src/stdlib/rtthread/lv_mem_core_rtthread.d ./Drivers/lvgl/src/stdlib/rtthread/lv_mem_core_rtthread.o ./Drivers/lvgl/src/stdlib/rtthread/lv_mem_core_rtthread.su ./Drivers/lvgl/src/stdlib/rtthread/lv_sprintf_rtthread.cyclo ./Drivers/lvgl/src/stdlib/rtthread/lv_sprintf_rtthread.d ./Drivers/lvgl/src/stdlib/rtthread/lv_sprintf_rtthread.o ./Drivers/lvgl/src/stdlib/rtthread/lv_sprintf_rtthread.su ./Drivers/lvgl/src/stdlib/rtthread/lv_string_rtthread.cyclo ./Drivers/lvgl/src/stdlib/rtthread/lv_string_rtthread.d ./Drivers/lvgl/src/stdlib/rtthread/lv_string_rtthread.o ./Drivers/lvgl/src/stdlib/rtthread/lv_string_rtthread.su
rm -rf ./Drivers/lvgl/src/stdlib/micropython/lv_mem_core_micropython.cyclo ./Drivers/lvgl/src/stdlib/micropython/lv_mem_core_micropython.d ./Drivers/lvgl/src/stdlib/micropython/lv_mem_core_micropython.o ./Drivers/lvgl/src/stdlib/micropython/lv_mem_core_micropython.su
rm -rf ./Drivers/lvgl/src/stdlib/clib/lv_mem_core_clib.cyclo ./Drivers/lvgl/src/stdlib/clib/lv_mem_core_clib.d ./Drivers/lvgl/src/stdlib/clib/lv_mem_core_clib.o ./Drivers/lvgl/src/stdlib/clib/lv_mem_core_clib.su ./Drivers/lvgl/src/stdlib/clib/lv_sprintf_clib.cyclo ./Drivers/lvgl/src/stdlib/clib/lv_sprintf_clib.d ./Drivers/lvgl/src/stdlib/clib/lv_sprintf_clib.o ./Drivers/lvgl/src/stdlib/clib/lv_sprintf_clib.su ./Drivers/lvgl/src/stdlib/clib/lv_string_clib.cyclo ./Drivers/lvgl/src/stdlib/clib/lv_string_clib.d ./Drivers/lvgl/src/stdlib/clib/lv_string_clib.o ./Drivers/lvgl/src/stdlib/clib/lv_string_clib.su
rm -rf ./Drivers/lvgl/src/stdlib/builtin/lv_mem_core_builtin.cyclo ./Drivers/lvgl/src/stdlib/builtin/lv_mem_core_builtin.d ./Drivers/lvgl/src/stdlib/builtin/lv_mem_core_builtin.o ./Drivers/lvgl/src/stdlib/builtin/lv_mem_core_builtin.su ./Drivers/lvgl/src/stdlib/builtin/lv_sprintf_builtin.cyclo ./Drivers/lvgl/src/stdlib/builtin/lv_sprintf_builtin.d ./Drivers/lvgl/src/stdlib/builtin/lv_sprintf_builtin.o ./Drivers/lvgl/src/stdlib/builtin/lv_sprintf_builtin.su ./Drivers/lvgl/src/stdlib/builtin/lv_string_builtin.cyclo ./Drivers/lvgl/src/stdlib/builtin/lv_string_builtin.d ./Drivers/lvgl/src/stdlib/builtin/lv_string_builtin.o ./Drivers/lvgl/src/stdlib/builtin/lv_string_builtin.su ./Drivers/lvgl/src/stdlib/builtin/lv_tlsf.cyclo ./Drivers/lvgl/src/stdlib/builtin/lv_tlsf.d ./Drivers/lvgl/src/stdlib/builtin/lv_tlsf.o ./Drivers/lvgl/src/stdlib/builtin/lv_tlsf.su
rm -rf ./Drivers/lvgl/src/stdlib/lv_mem.cyclo ./Drivers/lvgl/src/stdlib/lv_mem.d ./Drivers/lvgl/src/stdlib/lv_mem.o ./Drivers/lvgl/src/stdlib/lv_mem.su
rm -rf ./Drivers/lvgl/src/others/xml/parsers/lv_xml_arc_parser.cyclo ./Drivers/lvgl/src/others/xml/parsers/lv_xml_arc_parser.d ./Drivers/lvgl/src/others/xml/parsers/lv_xml_arc_parser.o ./Drivers/lvgl/src/others/xml/parsers/lv_xml_arc_parser.su ./Drivers/lvgl/src/others/xml/parsers/lv_xml_bar_parser.cyclo ./Drivers/lvgl/src/others/xml/parsers/lv_xml_bar_parser.d ./Drivers/lvgl/src/others/xml/parsers/lv_xml_bar_parser.o ./Drivers/lvgl/src/others/xml/parsers/lv_xml_bar_parser.su ./Drivers/lvgl/src/others/xml/parsers/lv_xml_button_parser.cyclo ./Drivers/lvgl/src/others/xml/parsers/lv_xml_button_parser.d ./Drivers/lvgl/src/others/xml/parsers/lv_xml_button_parser.o ./Drivers/lvgl/src/others/xml/parsers/lv_xml_button_parser.su ./Drivers/lvgl/src/others/xml/parsers/lv_xml_buttonmatrix_parser.cyclo ./Drivers/lvgl/src/others/xml/parsers/lv_xml_buttonmatrix_parser.d ./Drivers/lvgl/src/others/xml/parsers/lv_xml_buttonmatrix_parser.o ./Drivers/lvgl/src/others/xml/parsers/lv_xml_buttonmatrix_parser.su ./Drivers/lvgl/src/others/xml/parsers/lv_xml_calendar_parser.cyclo ./Drivers/lvgl/src/others/xml/parsers/lv_xml_calendar_parser.d ./Drivers/lvgl/src/others/xml/parsers/lv_xml_calendar_parser.o ./Drivers/lvgl/src/others/xml/parsers/lv_xml_calendar_parser.su ./Drivers/lvgl/src/others/xml/parsers/lv_xml_canvas_parser.cyclo ./Drivers/lvgl/src/others/xml/parsers/lv_xml_canvas_parser.d ./Drivers/lvgl/src/others/xml/parsers/lv_xml_canvas_parser.o ./Drivers/lvgl/src/others/xml/parsers/lv_xml_canvas_parser.su ./Drivers/lvgl/src/others/xml/parsers/lv_xml_chart_parser.cyclo ./Drivers/lvgl/src/others/xml/parsers/lv_xml_chart_parser.d ./Drivers/lvgl/src/others/xml/parsers/lv_xml_chart_parser.o ./Drivers/lvgl/src/others/xml/parsers/lv_xml_chart_parser.su ./Drivers/lvgl/src/others/xml/parsers/lv_xml_checkbox_parser.cyclo ./Drivers/lvgl/src/others/xml/parsers/lv_xml_checkbox_parser.d ./Drivers/lvgl/src/others/xml/parsers/lv_xml_checkbox_parser.o ./Drivers/lvgl/src/others/xml/parsers/lv_xml_checkbox_parser.su ./Drivers/lvgl/src/others/xml/parsers/lv_xml_dropdown_parser.cyclo ./Drivers/lvgl/src/others/xml/parsers/lv_xml_dropdown_parser.d ./Drivers/lvgl/src/others/xml/parsers/lv_xml_dropdown_parser.o ./Drivers/lvgl/src/others/xml/parsers/lv_xml_dropdown_parser.su ./Drivers/lvgl/src/others/xml/parsers/lv_xml_event_parser.cyclo ./Drivers/lvgl/src/others/xml/parsers/lv_xml_event_parser.d ./Drivers/lvgl/src/others/xml/parsers/lv_xml_event_parser.o ./Drivers/lvgl/src/others/xml/parsers/lv_xml_event_parser.su ./Drivers/lvgl/src/others/xml/parsers/lv_xml_image_parser.cyclo ./Drivers/lvgl/src/others/xml/parsers/lv_xml_image_parser.d ./Drivers/lvgl/src/others/xml/parsers/lv_xml_image_parser.o ./Drivers/lvgl/src/others/xml/parsers/lv_xml_image_parser.su ./Drivers/lvgl/src/others/xml/parsers/lv_xml_keyboard_parser.cyclo ./Drivers/lvgl/src/others/xml/parsers/lv_xml_keyboard_parser.d ./Drivers/lvgl/src/others/xml/parsers/lv_xml_keyboard_parser.o ./Drivers/lvgl/src/others/xml/parsers/lv_xml_keyboard_parser.su ./Drivers/lvgl/src/others/xml/parsers/lv_xml_label_parser.cyclo ./Drivers/lvgl/src/others/xml/parsers/lv_xml_label_parser.d ./Drivers/lvgl/src/others/xml/parsers/lv_xml_label_parser.o ./Drivers/lvgl/src/others/xml/parsers/lv_xml_label_parser.su ./Drivers/lvgl/src/others/xml/parsers/lv_xml_obj_parser.cyclo ./Drivers/lvgl/src/others/xml/parsers/lv_xml_obj_parser.d ./Drivers/lvgl/src/others/xml/parsers/lv_xml_obj_parser.o ./Drivers/lvgl/src/others/xml/parsers/lv_xml_obj_parser.su ./Drivers/lvgl/src/others/xml/parsers/lv_xml_roller_parser.cyclo ./Drivers/lvgl/src/others/xml/parsers/lv_xml_roller_parser.d ./Drivers/lvgl/src/others/xml/parsers/lv_xml_roller_parser.o ./Drivers/lvgl/src/others/xml/parsers/lv_xml_roller_parser.su ./Drivers/lvgl/src/others/xml/parsers/lv_xml_scale_parser.cyclo ./Drivers/lvgl/src/others/xml/parsers/lv_xml_scale_parser.d ./Drivers/lvgl/src/others/xml/parsers/lv_xml_scale_parser.o ./Drivers/lvgl/src/others/xml/parsers/lv_xml_scale_parser.su ./Drivers/lvgl/src/others/xml/parsers/lv_xml_slider_parser.cyclo ./Drivers/lvgl/src/others/xml/parsers/lv_xml_slider_parser.d ./Drivers/lvgl/src/others/xml/parsers/lv_xml_slider_parser.o ./Drivers/lvgl/src/others/xml/parsers/lv_xml_slider_parser.su ./Drivers/lvgl/src/others/xml/parsers/lv_xml_spangroup_parser.cyclo ./Drivers/lvgl/src/others/xml/parsers/lv_xml_spangroup_parser.d ./Drivers/lvgl/src/others/xml/parsers/lv_xml_spangroup_parser.o ./Drivers/lvgl/src/others/xml/parsers/lv_xml_spangroup_parser.su ./Drivers/lvgl/src/others/xml/parsers/lv_xml_table_parser.cyclo ./Drivers/lvgl/src/others/xml/parsers/lv_xml_table_parser.d ./Drivers/lvgl/src/others/xml/parsers/lv_xml_table_parser.o ./Drivers/lvgl/src/others/xml/parsers/lv_xml_table_parser.su ./Drivers/lvgl/src/others/xml/parsers/lv_xml_tabview_parser.cyclo ./Drivers/lvgl/src/others/xml/parsers/lv_xml_tabview_parser.d ./Drivers/lvgl/src/others/xml/parsers/lv_xml_tabview_parser.o ./Drivers/lvgl/src/others/xml/parsers/lv_xml_tabview_parser.su ./Drivers/lvgl/src/others/xml/parsers/lv_xml_textarea_parser.cyclo ./Drivers/lvgl/src/others/xml/parsers/lv_xml_textarea_parser.d ./Drivers/lvgl/src/others/xml/parsers/lv_xml_textarea_parser.o ./Drivers/lvgl/src/others/xml/parsers/lv_xml_textarea_parser.su
rm -rf ./Drivers/lvgl/src/others/xml/lv_xml.cyclo ./Drivers/lvgl/src/others/xml/lv_xml.d ./Drivers/lvgl/src/others/xml/lv_xml.o ./Drivers/lvgl/src/others/xml/lv_xml.su ./Drivers/lvgl/src/others/xml/lv_xml_base_types.cyclo ./Drivers/lvgl/src/others/xml/lv_xml_base_types.d ./Drivers/lvgl/src/others/xml/lv_xml_base_types.o ./Drivers/lvgl/src/others/xml/lv_xml_base_types.su ./Drivers/lvgl/src/others/xml/lv_xml_component.cyclo ./Drivers/lvgl/src/others/xml/lv_xml_component.d ./Drivers/lvgl/src/others/xml/lv_xml_component.o ./Drivers/lvgl/src/others/xml/lv_xml_component.su ./Drivers/lvgl/src/others/xml/lv_xml_parser.cyclo ./Drivers/lvgl/src/others/xml/lv_xml_parser.d ./Drivers/lvgl/src/others/xml/lv_xml_parser.o ./Drivers/lvgl/src/others/xml/lv_xml_parser.su ./Drivers/lvgl/src/others/xml/lv_xml_style.cyclo ./Drivers/lvgl/src/others/xml/lv_xml_style.d ./Drivers/lvgl/src/others/xml/lv_xml_style.o ./Drivers/lvgl/src/others/xml/lv_xml_style.su ./Drivers/lvgl/src/others/xml/lv_xml_update.cyclo ./Drivers/lvgl/src/others/xml/lv_xml_update.d ./Drivers/lvgl/src/others/xml/lv_xml_update.o ./Drivers/lvgl/src/others/xml/lv_xml_update.su ./Drivers/lvgl/src/others/xml/lv_xml_utils.cyclo ./Drivers/lvgl/src/others/xml/lv_xml_utils.d ./Drivers/lvgl/src/others/xml/lv_xml_utils.o ./Drivers/lvgl/src/others/xml/lv_xml_utils.su ./Drivers/lvgl/src/others/xml/lv_xml_widget.cyclo ./Drivers/lvgl/src/others/xml/lv_xml_widget.d ./Drivers/lvgl/src/others/xml/lv_xml_widget.o ./Drivers/lvgl/src/others/xml/lv_xml_widget.su
rm -rf ./Drivers/lvgl/src/others/vg_lite_tvg/vg_lite_matrix.cyclo ./Drivers/lvgl/src/others/vg_lite_tvg/vg_lite_matrix.d ./Drivers/lvgl/src/others/vg_lite_tvg/vg_lite_matrix.o ./Drivers/lvgl/src/others/vg_lite_tvg/vg_lite_matrix.su
rm -rf ./Drivers/lvgl/src/others/test/lv_test_display.cyclo ./Drivers/lvgl/src/others/test/lv_test_display.d ./Drivers/lvgl/src/others/test/lv_test_display.o ./Drivers/lvgl/src/others/test/lv_test_display.su ./Drivers/lvgl/src/others/test/lv_test_helpers.cyclo ./Drivers/lvgl/src/others/test/lv_test_helpers.d ./Drivers/lvgl/src/others/test/lv_test_helpers.o ./Drivers/lvgl/src/others/test/lv_test_helpers.su ./Drivers/lvgl/src/others/test/lv_test_indev.cyclo ./Drivers/lvgl/src/others/test/lv_test_indev.d ./Drivers/lvgl/src/others/test/lv_test_indev.o ./Drivers/lvgl/src/others/test/lv_test_indev.su ./Drivers/lvgl/src/others/test/lv_test_indev_gesture.cyclo ./Drivers/lvgl/src/others/test/lv_test_indev_gesture.d ./Drivers/lvgl/src/others/test/lv_test_indev_gesture.o ./Drivers/lvgl/src/others/test/lv_test_indev_gesture.su ./Drivers/lvgl/src/others/test/lv_test_screenshot_compare.cyclo ./Drivers/lvgl/src/others/test/lv_test_screenshot_compare.d ./Drivers/lvgl/src/others/test/lv_test_screenshot_compare.o ./Drivers/lvgl/src/others/test/lv_test_screenshot_compare.su
rm -rf ./Drivers/lvgl/src/others/sysmon/lv_sysmon.cyclo ./Drivers/lvgl/src/others/sysmon/lv_sysmon.d ./Drivers/lvgl/src/others/sysmon/lv_sysmon.o ./Drivers/lvgl/src/others/sysmon/lv_sysmon.su
rm -rf ./Drivers/lvgl/src/others/snapshot/lv_snapshot.cyclo ./Drivers/lvgl/src/others/snapshot/lv_snapshot.d ./Drivers/lvgl/src/others/snapshot/lv_snapshot.o ./Drivers/lvgl/src/others/snapshot/lv_snapshot.su
rm -rf ./Drivers/lvgl/src/others/observer/lv_observer.cyclo ./Drivers/lvgl/src/others/observer/lv_observer.d ./Drivers/lvgl/src/others/observer/lv_observer.o ./Drivers/lvgl/src/others/observer/lv_observer.su
rm -rf ./Drivers/lvgl/src/others/monkey/lv_monkey.cyclo ./Drivers/lvgl/src/others/monkey/lv_monkey.d ./Drivers/lvgl/src/others/monkey/lv_monkey.o ./Drivers/lvgl/src/others/monkey/lv_monkey.su
rm -rf ./Drivers/lvgl/src/others/imgfont/lv_imgfont.cyclo ./Drivers/lvgl/src/others/imgfont/lv_imgfont.d ./Drivers/lvgl/src/others/imgfont/lv_imgfont.o ./Drivers/lvgl/src/others/imgfont/lv_imgfont.su
rm -rf ./Drivers/lvgl/src/others/ime/lv_ime_pinyin.cyclo ./Drivers/lvgl/src/others/ime/lv_ime_pinyin.d ./Drivers/lvgl/src/others/ime/lv_ime_pinyin.o ./Drivers/lvgl/src/others/ime/lv_ime_pinyin.su
rm -rf ./Drivers/lvgl/src/others/gridnav/lv_gridnav.cyclo ./Drivers/lvgl/src/others/gridnav/lv_gridnav.d ./Drivers/lvgl/src/others/gridnav/lv_gridnav.o ./Drivers/lvgl/src/others/gridnav/lv_gridnav.su
rm -rf ./Drivers/lvgl/src/others/fragment/lv_fragment.cyclo ./Drivers/lvgl/src/others/fragment/lv_fragment.d ./Drivers/lvgl/src/others/fragment/lv_fragment.o ./Drivers/lvgl/src/others/fragment/lv_fragment.su ./Drivers/lvgl/src/others/fragment/lv_fragment_manager.cyclo ./Drivers/lvgl/src/others/fragment/lv_fragment_manager.d ./Drivers/lvgl/src/others/fragment/lv_fragment_manager.o ./Drivers/lvgl/src/others/fragment/lv_fragment_manager.su
rm -rf ./Drivers/lvgl/src/others/font_manager/lv_font_manager.cyclo ./Drivers/lvgl/src/others/font_manager/lv_font_manager.d ./Drivers/lvgl/src/others/font_manager/lv_font_manager.o ./Drivers/lvgl/src/others/font_manager/lv_font_manager.su ./Drivers/lvgl/src/others/font_manager/lv_font_manager_recycle.cyclo ./Drivers/lvgl/src/others/font_manager/lv_font_manager_recycle.d ./Drivers/lvgl/src/others/font_manager/lv_font_manager_recycle.o ./Drivers/lvgl/src/others/font_manager/lv_font_manager_recycle.su
rm -rf ./Drivers/lvgl/src/others/file_explorer/lv_file_explorer.cyclo ./Drivers/lvgl/src/others/file_explorer/lv_file_explorer.d ./Drivers/lvgl/src/others/file_explorer/lv_file_explorer.o ./Drivers/lvgl/src/others/file_explorer/lv_file_explorer.su
rm -rf ./Drivers/lvgl/src/osal/lv_cmsis_rtos2.cyclo ./Drivers/lvgl/src/osal/lv_cmsis_rtos2.d ./Drivers/lvgl/src/osal/lv_cmsis_rtos2.o ./Drivers/lvgl/src/osal/lv_cmsis_rtos2.su ./Drivers/lvgl/src/osal/lv_freertos.cyclo ./Drivers/lvgl/src/osal/lv_freertos.d ./Drivers/lvgl/src/osal/lv_freertos.o ./Drivers/lvgl/src/osal/lv_freertos.su ./Drivers/lvgl/src/osal/lv_linux.cyclo ./Drivers/lvgl/src/osal/lv_linux.d ./Drivers/lvgl/src/osal/lv_linux.o ./Drivers/lvgl/src/osal/lv_linux.su ./Drivers/lvgl/src/osal/lv_mqx.cyclo ./Drivers/lvgl/src/osal/lv_mqx.d ./Drivers/lvgl/src/osal/lv_mqx.o ./Drivers/lvgl/src/osal/lv_mqx.su ./Drivers/lvgl/src/osal/lv_os.cyclo ./Drivers/lvgl/src/osal/lv_os.d ./Drivers/lvgl/src/osal/lv_os.o ./Drivers/lvgl/src/osal/lv_os.su ./Drivers/lvgl/src/osal/lv_os_none.cyclo ./Drivers/lvgl/src/osal/lv_os_none.d ./Drivers/lvgl/src/osal/lv_os_none.o ./Drivers/lvgl/src/osal/lv_os_none.su ./Drivers/lvgl/src/osal/lv_pthread.cyclo ./Drivers/lvgl/src/osal/lv_pthread.d ./Drivers/lvgl/src/osal/lv_pthread.o ./Drivers/lvgl/src/osal/lv_pthread.su ./Drivers/lvgl/src/osal/lv_rtthread.cyclo ./Drivers/lvgl/src/osal/lv_rtthread.d ./Drivers/lvgl/src/osal/lv_rtthread.o ./Drivers/lvgl/src/osal/lv_rtthread.su ./Drivers/lvgl/src/osal/lv_sdl2.cyclo ./Drivers/lvgl/src/osal/lv_sdl2.d ./Drivers/lvgl/src/osal/lv_sdl2.o ./Drivers/lvgl/src/osal/lv_sdl2.su ./Drivers/lvgl/src/osal/lv_windows.cyclo ./Drivers/lvgl/src/osal/lv_windows.d ./Drivers/lvgl/src/osal/lv_windows.o ./Drivers/lvgl/src/osal/lv_windows.su
rm -rf ./Drivers/lvgl/src/misc/cache/instance/lv_image_cache.cyclo ./Drivers/lvgl/src/misc/cache/instance/lv_image_cache.d ./Drivers/lvgl/src/misc/cache/instance/lv_image_cache.o ./Drivers/lvgl/src/misc/cache/instance/lv_image_cache.su ./Drivers/lvgl/src/misc/cache/instance/lv_image_header_cache.cyclo ./Drivers/lvgl/src/misc/cache/instance/lv_image_header_cache.d ./Drivers/lvgl/src/misc/cache/instance/lv_image_header_cache.o ./Drivers/lvgl/src/misc/cache/instance/lv_image_header_cache.su
rm -rf ./Drivers/lvgl/src/misc/cache/class/lv_cache_lru_ll.cyclo ./Drivers/lvgl/src/misc/cache/class/lv_cache_lru_ll.d ./Drivers/lvgl/src/misc/cache/class/lv_cache_lru_ll.o ./Drivers/lvgl/src/misc/cache/class/lv_cache_lru_ll.su ./Drivers/lvgl/src/misc/cache/class/lv_cache_lru_rb.cyclo ./Drivers/lvgl/src/misc/cache/class/lv_cache_lru_rb.d ./Drivers/lvgl/src/misc/cache/class/lv_cache_lru_rb.o ./Drivers/lvgl/src/misc/cache/class/lv_cache_lru_rb.su
rm -rf ./Drivers/lvgl/src/misc/cache/lv_cache.cyclo ./Drivers/lvgl/src/misc/cache/lv_cache.d ./Drivers/lvgl/src/misc/cache/lv_cache.o ./Drivers/lvgl/src/misc/cache/lv_cache.su ./Drivers/lvgl/src/misc/cache/lv_cache_entry.cyclo ./Drivers/lvgl/src/misc/cache/lv_cache_entry.d ./Drivers/lvgl/src/misc/cache/lv_cache_entry.o ./Drivers/lvgl/src/misc/cache/lv_cache_entry.su
rm -rf ./Drivers/lvgl/src/misc/lv_anim.cyclo ./Drivers/lvgl/src/misc/lv_anim.d ./Drivers/lvgl/src/misc/lv_anim.o ./Drivers/lvgl/src/misc/lv_anim.su ./Drivers/lvgl/src/misc/lv_anim_timeline.cyclo ./Drivers/lvgl/src/misc/lv_anim_timeline.d ./Drivers/lvgl/src/misc/lv_anim_timeline.o ./Drivers/lvgl/src/misc/lv_anim_timeline.su ./Drivers/lvgl/src/misc/lv_area.cyclo ./Drivers/lvgl/src/misc/lv_area.d ./Drivers/lvgl/src/misc/lv_area.o ./Drivers/lvgl/src/misc/lv_area.su ./Drivers/lvgl/src/misc/lv_array.cyclo ./Drivers/lvgl/src/misc/lv_array.d ./Drivers/lvgl/src/misc/lv_array.o ./Drivers/lvgl/src/misc/lv_array.su ./Drivers/lvgl/src/misc/lv_async.cyclo ./Drivers/lvgl/src/misc/lv_async.d ./Drivers/lvgl/src/misc/lv_async.o ./Drivers/lvgl/src/misc/lv_async.su ./Drivers/lvgl/src/misc/lv_bidi.cyclo ./Drivers/lvgl/src/misc/lv_bidi.d ./Drivers/lvgl/src/misc/lv_bidi.o ./Drivers/lvgl/src/misc/lv_bidi.su ./Drivers/lvgl/src/misc/lv_circle_buf.cyclo ./Drivers/lvgl/src/misc/lv_circle_buf.d ./Drivers/lvgl/src/misc/lv_circle_buf.o ./Drivers/lvgl/src/misc/lv_circle_buf.su ./Drivers/lvgl/src/misc/lv_color.cyclo ./Drivers/lvgl/src/misc/lv_color.d ./Drivers/lvgl/src/misc/lv_color.o ./Drivers/lvgl/src/misc/lv_color.su ./Drivers/lvgl/src/misc/lv_color_op.cyclo ./Drivers/lvgl/src/misc/lv_color_op.d ./Drivers/lvgl/src/misc/lv_color_op.o ./Drivers/lvgl/src/misc/lv_color_op.su ./Drivers/lvgl/src/misc/lv_event.cyclo ./Drivers/lvgl/src/misc/lv_event.d ./Drivers/lvgl/src/misc/lv_event.o ./Drivers/lvgl/src/misc/lv_event.su ./Drivers/lvgl/src/misc/lv_fs.cyclo ./Drivers/lvgl/src/misc/lv_fs.d ./Drivers/lvgl/src/misc/lv_fs.o ./Drivers/lvgl/src/misc/lv_fs.su ./Drivers/lvgl/src/misc/lv_grad.cyclo ./Drivers/lvgl/src/misc/lv_grad.d ./Drivers/lvgl/src/misc/lv_grad.o ./Drivers/lvgl/src/misc/lv_grad.su ./Drivers/lvgl/src/misc/lv_iter.cyclo ./Drivers/lvgl/src/misc/lv_iter.d ./Drivers/lvgl/src/misc/lv_iter.o ./Drivers/lvgl/src/misc/lv_iter.su ./Drivers/lvgl/src/misc/lv_ll.cyclo ./Drivers/lvgl/src/misc/lv_ll.d ./Drivers/lvgl/src/misc/lv_ll.o ./Drivers/lvgl/src/misc/lv_ll.su ./Drivers/lvgl/src/misc/lv_log.cyclo ./Drivers/lvgl/src/misc/lv_log.d ./Drivers/lvgl/src/misc/lv_log.o ./Drivers/lvgl/src/misc/lv_log.su ./Drivers/lvgl/src/misc/lv_lru.cyclo ./Drivers/lvgl/src/misc/lv_lru.d ./Drivers/lvgl/src/misc/lv_lru.o ./Drivers/lvgl/src/misc/lv_lru.su ./Drivers/lvgl/src/misc/lv_math.cyclo ./Drivers/lvgl/src/misc/lv_math.d ./Drivers/lvgl/src/misc/lv_math.o ./Drivers/lvgl/src/misc/lv_math.su ./Drivers/lvgl/src/misc/lv_matrix.cyclo ./Drivers/lvgl/src/misc/lv_matrix.d ./Drivers/lvgl/src/misc/lv_matrix.o ./Drivers/lvgl/src/misc/lv_matrix.su ./Drivers/lvgl/src/misc/lv_palette.cyclo ./Drivers/lvgl/src/misc/lv_palette.d ./Drivers/lvgl/src/misc/lv_palette.o ./Drivers/lvgl/src/misc/lv_palette.su ./Drivers/lvgl/src/misc/lv_profiler_builtin.cyclo ./Drivers/lvgl/src/misc/lv_profiler_builtin.d ./Drivers/lvgl/src/misc/lv_profiler_builtin.o ./Drivers/lvgl/src/misc/lv_profiler_builtin.su ./Drivers/lvgl/src/misc/lv_rb.cyclo ./Drivers/lvgl/src/misc/lv_rb.d ./Drivers/lvgl/src/misc/lv_rb.o ./Drivers/lvgl/src/misc/lv_rb.su ./Drivers/lvgl/src/misc/lv_style.cyclo ./Drivers/lvgl/src/misc/lv_style.d ./Drivers/lvgl/src/misc/lv_style.o ./Drivers/lvgl/src/misc/lv_style.su ./Drivers/lvgl/src/misc/lv_style_gen.cyclo ./Drivers/lvgl/src/misc/lv_style_gen.d ./Drivers/lvgl/src/misc/lv_style_gen.o ./Drivers/lvgl/src/misc/lv_style_gen.su ./Drivers/lvgl/src/misc/lv_templ.cyclo ./Drivers/lvgl/src/misc/lv_templ.d ./Drivers/lvgl/src/misc/lv_templ.o ./Drivers/lvgl/src/misc/lv_templ.su ./Drivers/lvgl/src/misc/lv_text.cyclo ./Drivers/lvgl/src/misc/lv_text.d ./Drivers/lvgl/src/misc/lv_text.o ./Drivers/lvgl/src/misc/lv_text.su ./Drivers/lvgl/src/misc/lv_text_ap.cyclo ./Drivers/lvgl/src/misc/lv_text_ap.d ./Drivers/lvgl/src/misc/lv_text_ap.o ./Drivers/lvgl/src/misc/lv_text_ap.su ./Drivers/lvgl/src/misc/lv_timer.cyclo ./Drivers/lvgl/src/misc/lv_timer.d ./Drivers/lvgl/src/misc/lv_timer.o ./Drivers/lvgl/src/misc/lv_timer.su ./Drivers/lvgl/src/misc/lv_tree.cyclo ./Drivers/lvgl/src/misc/lv_tree.d ./Drivers/lvgl/src/misc/lv_tree.o ./Drivers/lvgl/src/misc/lv_tree.su ./Drivers/lvgl/src/misc/lv_utils.cyclo ./Drivers/lvgl/src/misc/lv_utils.d ./Drivers/lvgl/src/misc/lv_utils.o ./Drivers/lvgl/src/misc/lv_utils.su
rm -rf ./Drivers/lvgl/src/libs/tjpgd/lv_tjpgd.cyclo ./Drivers/lvgl/src/libs/tjpgd/lv_tjpgd.d ./Drivers/lvgl/src/libs/tjpgd/lv_tjpgd.o ./Drivers/lvgl/src/libs/tjpgd/lv_tjpgd.su ./Drivers/lvgl/src/libs/tjpgd/tjpgd.cyclo ./Drivers/lvgl/src/libs/tjpgd/tjpgd.d ./Drivers/lvgl/src/libs/tjpgd/tjpgd.o ./Drivers/lvgl/src/libs/tjpgd/tjpgd.su
rm -rf ./Drivers/lvgl/src/libs/tiny_ttf/lv_tiny_ttf.cyclo ./Drivers/lvgl/src/libs/tiny_ttf/lv_tiny_ttf.d ./Drivers/lvgl/src/libs/tiny_ttf/lv_tiny_ttf.o ./Drivers/lvgl/src/libs/tiny_ttf/lv_tiny_ttf.su
rm -rf ./Drivers/lvgl/src/libs/svg/lv_svg.cyclo ./Drivers/lvgl/src/libs/svg/lv_svg.d ./Drivers/lvgl/src/libs/svg/lv_svg.o ./Drivers/lvgl/src/libs/svg/lv_svg.su ./Drivers/lvgl/src/libs/svg/lv_svg_decoder.cyclo ./Drivers/lvgl/src/libs/svg/lv_svg_decoder.d ./Drivers/lvgl/src/libs/svg/lv_svg_decoder.o ./Drivers/lvgl/src/libs/svg/lv_svg_decoder.su ./Drivers/lvgl/src/libs/svg/lv_svg_parser.cyclo ./Drivers/lvgl/src/libs/svg/lv_svg_parser.d ./Drivers/lvgl/src/libs/svg/lv_svg_parser.o ./Drivers/lvgl/src/libs/svg/lv_svg_parser.su ./Drivers/lvgl/src/libs/svg/lv_svg_render.cyclo ./Drivers/lvgl/src/libs/svg/lv_svg_render.d ./Drivers/lvgl/src/libs/svg/lv_svg_render.o ./Drivers/lvgl/src/libs/svg/lv_svg_render.su ./Drivers/lvgl/src/libs/svg/lv_svg_token.cyclo ./Drivers/lvgl/src/libs/svg/lv_svg_token.d ./Drivers/lvgl/src/libs/svg/lv_svg_token.o ./Drivers/lvgl/src/libs/svg/lv_svg_token.su
rm -rf ./Drivers/lvgl/src/libs/rlottie/lv_rlottie.cyclo ./Drivers/lvgl/src/libs/rlottie/lv_rlottie.d ./Drivers/lvgl/src/libs/rlottie/lv_rlottie.o ./Drivers/lvgl/src/libs/rlottie/lv_rlottie.su
rm -rf ./Drivers/lvgl/src/libs/rle/lv_rle.cyclo ./Drivers/lvgl/src/libs/rle/lv_rle.d ./Drivers/lvgl/src/libs/rle/lv_rle.o ./Drivers/lvgl/src/libs/rle/lv_rle.su
rm -rf ./Drivers/lvgl/src/libs/qrcode/lv_qrcode.cyclo ./Drivers/lvgl/src/libs/qrcode/lv_qrcode.d ./Drivers/lvgl/src/libs/qrcode/lv_qrcode.o ./Drivers/lvgl/src/libs/qrcode/lv_qrcode.su ./Drivers/lvgl/src/libs/qrcode/qrcodegen.cyclo ./Drivers/lvgl/src/libs/qrcode/qrcodegen.d ./Drivers/lvgl/src/libs/qrcode/qrcodegen.o ./Drivers/lvgl/src/libs/qrcode/qrcodegen.su
rm -rf ./Drivers/lvgl/src/libs/lz4/lz4.cyclo ./Drivers/lvgl/src/libs/lz4/lz4.d ./Drivers/lvgl/src/libs/lz4/lz4.o ./Drivers/lvgl/src/libs/lz4/lz4.su
rm -rf ./Drivers/lvgl/src/libs/lodepng/lodepng.cyclo ./Drivers/lvgl/src/libs/lodepng/lodepng.d ./Drivers/lvgl/src/libs/lodepng/lodepng.o ./Drivers/lvgl/src/libs/lodepng/lodepng.su ./Drivers/lvgl/src/libs/lodepng/lv_lodepng.cyclo ./Drivers/lvgl/src/libs/lodepng/lv_lodepng.d ./Drivers/lvgl/src/libs/lodepng/lv_lodepng.o ./Drivers/lvgl/src/libs/lodepng/lv_lodepng.su
rm -rf ./Drivers/lvgl/src/libs/libpng/lv_libpng.cyclo ./Drivers/lvgl/src/libs/libpng/lv_libpng.d ./Drivers/lvgl/src/libs/libpng/lv_libpng.o ./Drivers/lvgl/src/libs/libpng/lv_libpng.su
rm -rf ./Drivers/lvgl/src/libs/libjpeg_turbo/lv_libjpeg_turbo.cyclo ./Drivers/lvgl/src/libs/libjpeg_turbo/lv_libjpeg_turbo.d ./Drivers/lvgl/src/libs/libjpeg_turbo/lv_libjpeg_turbo.o ./Drivers/lvgl/src/libs/libjpeg_turbo/lv_libjpeg_turbo.su
rm -rf ./Drivers/lvgl/src/libs/gif/gifdec.cyclo ./Drivers/lvgl/src/libs/gif/gifdec.d ./Drivers/lvgl/src/libs/gif/gifdec.o ./Drivers/lvgl/src/libs/gif/gifdec.su ./Drivers/lvgl/src/libs/gif/lv_gif.cyclo ./Drivers/lvgl/src/libs/gif/lv_gif.d ./Drivers/lvgl/src/libs/gif/lv_gif.o ./Drivers/lvgl/src/libs/gif/lv_gif.su
rm -rf ./Drivers/lvgl/src/libs/fsdrv/lv_fs_cbfs.cyclo ./Drivers/lvgl/src/libs/fsdrv/lv_fs_cbfs.d ./Drivers/lvgl/src/libs/fsdrv/lv_fs_cbfs.o ./Drivers/lvgl/src/libs/fsdrv/lv_fs_cbfs.su ./Drivers/lvgl/src/libs/fsdrv/lv_fs_fatfs.cyclo ./Drivers/lvgl/src/libs/fsdrv/lv_fs_fatfs.d ./Drivers/lvgl/src/libs/fsdrv/lv_fs_fatfs.o ./Drivers/lvgl/src/libs/fsdrv/lv_fs_fatfs.su ./Drivers/lvgl/src/libs/fsdrv/lv_fs_littlefs.cyclo ./Drivers/lvgl/src/libs/fsdrv/lv_fs_littlefs.d ./Drivers/lvgl/src/libs/fsdrv/lv_fs_littlefs.o ./Drivers/lvgl/src/libs/fsdrv/lv_fs_littlefs.su ./Drivers/lvgl/src/libs/fsdrv/lv_fs_memfs.cyclo ./Drivers/lvgl/src/libs/fsdrv/lv_fs_memfs.d ./Drivers/lvgl/src/libs/fsdrv/lv_fs_memfs.o ./Drivers/lvgl/src/libs/fsdrv/lv_fs_memfs.su ./Drivers/lvgl/src/libs/fsdrv/lv_fs_posix.cyclo ./Drivers/lvgl/src/libs/fsdrv/lv_fs_posix.d ./Drivers/lvgl/src/libs/fsdrv/lv_fs_posix.o ./Drivers/lvgl/src/libs/fsdrv/lv_fs_posix.su ./Drivers/lvgl/src/libs/fsdrv/lv_fs_stdio.cyclo ./Drivers/lvgl/src/libs/fsdrv/lv_fs_stdio.d ./Drivers/lvgl/src/libs/fsdrv/lv_fs_stdio.o ./Drivers/lvgl/src/libs/fsdrv/lv_fs_stdio.su ./Drivers/lvgl/src/libs/fsdrv/lv_fs_uefi.cyclo ./Drivers/lvgl/src/libs/fsdrv/lv_fs_uefi.d ./Drivers/lvgl/src/libs/fsdrv/lv_fs_uefi.o ./Drivers/lvgl/src/libs/fsdrv/lv_fs_uefi.su ./Drivers/lvgl/src/libs/fsdrv/lv_fs_win32.cyclo ./Drivers/lvgl/src/libs/fsdrv/lv_fs_win32.d ./Drivers/lvgl/src/libs/fsdrv/lv_fs_win32.o ./Drivers/lvgl/src/libs/fsdrv/lv_fs_win32.su
rm -rf ./Drivers/lvgl/src/libs/freetype/lv_freetype.cyclo ./Drivers/lvgl/src/libs/freetype/lv_freetype.d ./Drivers/lvgl/src/libs/freetype/lv_freetype.o ./Drivers/lvgl/src/libs/freetype/lv_freetype.su ./Drivers/lvgl/src/libs/freetype/lv_freetype_glyph.cyclo ./Drivers/lvgl/src/libs/freetype/lv_freetype_glyph.d ./Drivers/lvgl/src/libs/freetype/lv_freetype_glyph.o ./Drivers/lvgl/src/libs/freetype/lv_freetype_glyph.su ./Drivers/lvgl/src/libs/freetype/lv_freetype_image.cyclo ./Drivers/lvgl/src/libs/freetype/lv_freetype_image.d ./Drivers/lvgl/src/libs/freetype/lv_freetype_image.o ./Drivers/lvgl/src/libs/freetype/lv_freetype_image.su ./Drivers/lvgl/src/libs/freetype/lv_freetype_outline.cyclo ./Drivers/lvgl/src/libs/freetype/lv_freetype_outline.d ./Drivers/lvgl/src/libs/freetype/lv_freetype_outline.o ./Drivers/lvgl/src/libs/freetype/lv_freetype_outline.su ./Drivers/lvgl/src/libs/freetype/lv_ftsystem.cyclo ./Drivers/lvgl/src/libs/freetype/lv_ftsystem.d ./Drivers/lvgl/src/libs/freetype/lv_ftsystem.o ./Drivers/lvgl/src/libs/freetype/lv_ftsystem.su
rm -rf ./Drivers/lvgl/src/libs/ffmpeg/lv_ffmpeg.cyclo ./Drivers/lvgl/src/libs/ffmpeg/lv_ffmpeg.d ./Drivers/lvgl/src/libs/ffmpeg/lv_ffmpeg.o ./Drivers/lvgl/src/libs/ffmpeg/lv_ffmpeg.su
rm -rf ./Drivers/lvgl/src/libs/expat/xmlparse.cyclo ./Drivers/lvgl/src/libs/expat/xmlparse.d ./Drivers/lvgl/src/libs/expat/xmlparse.o ./Drivers/lvgl/src/libs/expat/xmlparse.su ./Drivers/lvgl/src/libs/expat/xmlrole.cyclo ./Drivers/lvgl/src/libs/expat/xmlrole.d ./Drivers/lvgl/src/libs/expat/xmlrole.o ./Drivers/lvgl/src/libs/expat/xmlrole.su ./Drivers/lvgl/src/libs/expat/xmltok.cyclo ./Drivers/lvgl/src/libs/expat/xmltok.d ./Drivers/lvgl/src/libs/expat/xmltok.o ./Drivers/lvgl/src/libs/expat/xmltok.su ./Drivers/lvgl/src/libs/expat/xmltok_impl.cyclo ./Drivers/lvgl/src/libs/expat/xmltok_impl.d ./Drivers/lvgl/src/libs/expat/xmltok_impl.o ./Drivers/lvgl/src/libs/expat/xmltok_impl.su ./Drivers/lvgl/src/libs/expat/xmltok_ns.cyclo ./Drivers/lvgl/src/libs/expat/xmltok_ns.d ./Drivers/lvgl/src/libs/expat/xmltok_ns.o ./Drivers/lvgl/src/libs/expat/xmltok_ns.su
rm -rf ./Drivers/lvgl/src/libs/bmp/lv_bmp.cyclo ./Drivers/lvgl/src/libs/bmp/lv_bmp.d ./Drivers/lvgl/src/libs/bmp/lv_bmp.o ./Drivers/lvgl/src/libs/bmp/lv_bmp.su
rm -rf ./Drivers/lvgl/src/libs/bin_decoder/lv_bin_decoder.cyclo ./Drivers/lvgl/src/libs/bin_decoder/lv_bin_decoder.d ./Drivers/lvgl/src/libs/bin_decoder/lv_bin_decoder.o ./Drivers/lvgl/src/libs/bin_decoder/lv_bin_decoder.su
rm -rf ./Drivers/lvgl/src/libs/barcode/code128.cyclo ./Drivers/lvgl/src/libs/barcode/code128.d ./Drivers/lvgl/src/libs/barcode/code128.o ./Drivers/lvgl/src/libs/barcode/code128.su ./Drivers/lvgl/src/libs/barcode/lv_barcode.cyclo ./Drivers/lvgl/src/libs/barcode/lv_barcode.d ./Drivers/lvgl/src/libs/barcode/lv_barcode.o ./Drivers/lvgl/src/libs/barcode/lv_barcode.su
rm -rf ./Drivers/lvgl/src/layouts/grid/lv_grid.cyclo ./Drivers/lvgl/src/layouts/grid/lv_grid.d ./Drivers/lvgl/src/layouts/grid/lv_grid.o ./Drivers/lvgl/src/layouts/grid/lv_grid.su
rm -rf ./Drivers/lvgl/src/layouts/flex/lv_flex.cyclo ./Drivers/lvgl/src/layouts/flex/lv_flex.d ./Drivers/lvgl/src/layouts/flex/lv_flex.o ./Drivers/lvgl/src/layouts/flex/lv_flex.su
rm -rf ./Drivers/lvgl/src/layouts/lv_layout.cyclo ./Drivers/lvgl/src/layouts/lv_layout.d ./Drivers/lvgl/src/layouts/lv_layout.o ./Drivers/lvgl/src/layouts/lv_layout.su
rm -rf ./Drivers/lvgl/src/indev/lv_indev.cyclo ./Drivers/lvgl/src/indev/lv_indev.d ./Drivers/lvgl/src/indev/lv_indev.o ./Drivers/lvgl/src/indev/lv_indev.su ./Drivers/lvgl/src/indev/lv_indev_gesture.cyclo ./Drivers/lvgl/src/indev/lv_indev_gesture.d ./Drivers/lvgl/src/indev/lv_indev_gesture.o ./Drivers/lvgl/src/indev/lv_indev_gesture.su ./Drivers/lvgl/src/indev/lv_indev_scroll.cyclo ./Drivers/lvgl/src/indev/lv_indev_scroll.d ./Drivers/lvgl/src/indev/lv_indev_scroll.o ./Drivers/lvgl/src/indev/lv_indev_scroll.su
rm -rf ./Drivers/lvgl/src/font/lv_binfont_loader.cyclo ./Drivers/lvgl/src/font/lv_binfont_loader.d ./Drivers/lvgl/src/font/lv_binfont_loader.o ./Drivers/lvgl/src/font/lv_binfont_loader.su ./Drivers/lvgl/src/font/lv_font.cyclo ./Drivers/lvgl/src/font/lv_font.d ./Drivers/lvgl/src/font/lv_font.o ./Drivers/lvgl/src/font/lv_font.su ./Drivers/lvgl/src/font/lv_font_dejavu_16_persian_hebrew.cyclo ./Drivers/lvgl/src/font/lv_font_dejavu_16_persian_hebrew.d ./Drivers/lvgl/src/font/lv_font_dejavu_16_persian_hebrew.o ./Drivers/lvgl/src/font/lv_font_dejavu_16_persian_hebrew.su ./Drivers/lvgl/src/font/lv_font_fmt_txt.cyclo ./Drivers/lvgl/src/font/lv_font_fmt_txt.d ./Drivers/lvgl/src/font/lv_font_fmt_txt.o ./Drivers/lvgl/src/font/lv_font_fmt_txt.su ./Drivers/lvgl/src/font/lv_font_montserrat_10.cyclo ./Drivers/lvgl/src/font/lv_font_montserrat_10.d ./Drivers/lvgl/src/font/lv_font_montserrat_10.o ./Drivers/lvgl/src/font/lv_font_montserrat_10.su ./Drivers/lvgl/src/font/lv_font_montserrat_12.cyclo ./Drivers/lvgl/src/font/lv_font_montserrat_12.d ./Drivers/lvgl/src/font/lv_font_montserrat_12.o ./Drivers/lvgl/src/font/lv_font_montserrat_12.su ./Drivers/lvgl/src/font/lv_font_montserrat_14.cyclo ./Drivers/lvgl/src/font/lv_font_montserrat_14.d ./Drivers/lvgl/src/font/lv_font_montserrat_14.o ./Drivers/lvgl/src/font/lv_font_montserrat_14.su ./Drivers/lvgl/src/font/lv_font_montserrat_14_aligned.cyclo ./Drivers/lvgl/src/font/lv_font_montserrat_14_aligned.d ./Drivers/lvgl/src/font/lv_font_montserrat_14_aligned.o ./Drivers/lvgl/src/font/lv_font_montserrat_14_aligned.su ./Drivers/lvgl/src/font/lv_font_montserrat_16.cyclo ./Drivers/lvgl/src/font/lv_font_montserrat_16.d ./Drivers/lvgl/src/font/lv_font_montserrat_16.o ./Drivers/lvgl/src/font/lv_font_montserrat_16.su ./Drivers/lvgl/src/font/lv_font_montserrat_18.cyclo ./Drivers/lvgl/src/font/lv_font_montserrat_18.d ./Drivers/lvgl/src/font/lv_font_montserrat_18.o ./Drivers/lvgl/src/font/lv_font_montserrat_18.su ./Drivers/lvgl/src/font/lv_font_montserrat_20.cyclo ./Drivers/lvgl/src/font/lv_font_montserrat_20.d ./Drivers/lvgl/src/font/lv_font_montserrat_20.o ./Drivers/lvgl/src/font/lv_font_montserrat_20.su ./Drivers/lvgl/src/font/lv_font_montserrat_22.cyclo ./Drivers/lvgl/src/font/lv_font_montserrat_22.d ./Drivers/lvgl/src/font/lv_font_montserrat_22.o ./Drivers/lvgl/src/font/lv_font_montserrat_22.su ./Drivers/lvgl/src/font/lv_font_montserrat_24.cyclo ./Drivers/lvgl/src/font/lv_font_montserrat_24.d ./Drivers/lvgl/src/font/lv_font_montserrat_24.o ./Drivers/lvgl/src/font/lv_font_montserrat_24.su ./Drivers/lvgl/src/font/lv_font_montserrat_26.cyclo ./Drivers/lvgl/src/font/lv_font_montserrat_26.d ./Drivers/lvgl/src/font/lv_font_montserrat_26.o ./Drivers/lvgl/src/font/lv_font_montserrat_26.su ./Drivers/lvgl/src/font/lv_font_montserrat_28.cyclo ./Drivers/lvgl/src/font/lv_font_montserrat_28.d ./Drivers/lvgl/src/font/lv_font_montserrat_28.o ./Drivers/lvgl/src/font/lv_font_montserrat_28.su ./Drivers/lvgl/src/font/lv_font_montserrat_28_compressed.cyclo ./Drivers/lvgl/src/font/lv_font_montserrat_28_compressed.d ./Drivers/lvgl/src/font/lv_font_montserrat_28_compressed.o ./Drivers/lvgl/src/font/lv_font_montserrat_28_compressed.su ./Drivers/lvgl/src/font/lv_font_montserrat_30.cyclo ./Drivers/lvgl/src/font/lv_font_montserrat_30.d ./Drivers/lvgl/src/font/lv_font_montserrat_30.o ./Drivers/lvgl/src/font/lv_font_montserrat_30.su ./Drivers/lvgl/src/font/lv_font_montserrat_32.cyclo ./Drivers/lvgl/src/font/lv_font_montserrat_32.d ./Drivers/lvgl/src/font/lv_font_montserrat_32.o ./Drivers/lvgl/src/font/lv_font_montserrat_32.su ./Drivers/lvgl/src/font/lv_font_montserrat_34.cyclo ./Drivers/lvgl/src/font/lv_font_montserrat_34.d ./Drivers/lvgl/src/font/lv_font_montserrat_34.o ./Drivers/lvgl/src/font/lv_font_montserrat_34.su ./Drivers/lvgl/src/font/lv_font_montserrat_36.cyclo ./Drivers/lvgl/src/font/lv_font_montserrat_36.d ./Drivers/lvgl/src/font/lv_font_montserrat_36.o ./Drivers/lvgl/src/font/lv_font_montserrat_36.su ./Drivers/lvgl/src/font/lv_font_montserrat_38.cyclo ./Drivers/lvgl/src/font/lv_font_montserrat_38.d ./Drivers/lvgl/src/font/lv_font_montserrat_38.o ./Drivers/lvgl/src/font/lv_font_montserrat_38.su ./Drivers/lvgl/src/font/lv_font_montserrat_40.cyclo ./Drivers/lvgl/src/font/lv_font_montserrat_40.d ./Drivers/lvgl/src/font/lv_font_montserrat_40.o ./Drivers/lvgl/src/font/lv_font_montserrat_40.su ./Drivers/lvgl/src/font/lv_font_montserrat_42.cyclo ./Drivers/lvgl/src/font/lv_font_montserrat_42.d ./Drivers/lvgl/src/font/lv_font_montserrat_42.o ./Drivers/lvgl/src/font/lv_font_montserrat_42.su ./Drivers/lvgl/src/font/lv_font_montserrat_44.cyclo ./Drivers/lvgl/src/font/lv_font_montserrat_44.d ./Drivers/lvgl/src/font/lv_font_montserrat_44.o ./Drivers/lvgl/src/font/lv_font_montserrat_44.su ./Drivers/lvgl/src/font/lv_font_montserrat_46.cyclo ./Drivers/lvgl/src/font/lv_font_montserrat_46.d ./Drivers/lvgl/src/font/lv_font_montserrat_46.o ./Drivers/lvgl/src/font/lv_font_montserrat_46.su ./Drivers/lvgl/src/font/lv_font_montserrat_48.cyclo ./Drivers/lvgl/src/font/lv_font_montserrat_48.d ./Drivers/lvgl/src/font/lv_font_montserrat_48.o ./Drivers/lvgl/src/font/lv_font_montserrat_48.su ./Drivers/lvgl/src/font/lv_font_montserrat_8.cyclo ./Drivers/lvgl/src/font/lv_font_montserrat_8.d ./Drivers/lvgl/src/font/lv_font_montserrat_8.o ./Drivers/lvgl/src/font/lv_font_montserrat_8.su ./Drivers/lvgl/src/font/lv_font_simsun_14_cjk.cyclo ./Drivers/lvgl/src/font/lv_font_simsun_14_cjk.d ./Drivers/lvgl/src/font/lv_font_simsun_14_cjk.o ./Drivers/lvgl/src/font/lv_font_simsun_14_cjk.su ./Drivers/lvgl/src/font/lv_font_simsun_16_cjk.cyclo ./Drivers/lvgl/src/font/lv_font_simsun_16_cjk.d ./Drivers/lvgl/src/font/lv_font_simsun_16_cjk.o ./Drivers/lvgl/src/font/lv_font_simsun_16_cjk.su ./Drivers/lvgl/src/font/lv_font_source_han_sans_sc_14_cjk.cyclo ./Drivers/lvgl/src/font/lv_font_source_han_sans_sc_14_cjk.d ./Drivers/lvgl/src/font/lv_font_source_han_sans_sc_14_cjk.o ./Drivers/lvgl/src/font/lv_font_source_han_sans_sc_14_cjk.su
rm -rf ./Drivers/lvgl/src/drivers/x11/lv_x11_display.cyclo ./Drivers/lvgl/src/drivers/x11/lv_x11_display.d ./Drivers/lvgl/src/drivers/x11/lv_x11_display.o ./Drivers/lvgl/src/drivers/x11/lv_x11_display.su ./Drivers/lvgl/src/drivers/x11/lv_x11_input.cyclo ./Drivers/lvgl/src/drivers/x11/lv_x11_input.d ./Drivers/lvgl/src/drivers/x11/lv_x11_input.o ./Drivers/lvgl/src/drivers/x11/lv_x11_input.su
rm -rf ./Drivers/lvgl/src/drivers/windows/lv_windows_context.cyclo ./Drivers/lvgl/src/drivers/windows/lv_windows_context.d ./Drivers/lvgl/src/drivers/windows/lv_windows_context.o ./Drivers/lvgl/src/drivers/windows/lv_windows_context.su ./Drivers/lvgl/src/drivers/windows/lv_windows_display.cyclo ./Drivers/lvgl/src/drivers/windows/lv_windows_display.d ./Drivers/lvgl/src/drivers/windows/lv_windows_display.o ./Drivers/lvgl/src/drivers/windows/lv_windows_display.su ./Drivers/lvgl/src/drivers/windows/lv_windows_input.cyclo ./Drivers/lvgl/src/drivers/windows/lv_windows_input.d ./Drivers/lvgl/src/drivers/windows/lv_windows_input.o ./Drivers/lvgl/src/drivers/windows/lv_windows_input.su
rm -rf ./Drivers/lvgl/src/drivers/wayland/lv_wayland.cyclo ./Drivers/lvgl/src/drivers/wayland/lv_wayland.d ./Drivers/lvgl/src/drivers/wayland/lv_wayland.o ./Drivers/lvgl/src/drivers/wayland/lv_wayland.su ./Drivers/lvgl/src/drivers/wayland/lv_wayland_smm.cyclo ./Drivers/lvgl/src/drivers/wayland/lv_wayland_smm.d ./Drivers/lvgl/src/drivers/wayland/lv_wayland_smm.o ./Drivers/lvgl/src/drivers/wayland/lv_wayland_smm.su ./Drivers/lvgl/src/drivers/wayland/lv_wl_cache.cyclo ./Drivers/lvgl/src/drivers/wayland/lv_wl_cache.d ./Drivers/lvgl/src/drivers/wayland/lv_wl_cache.o ./Drivers/lvgl/src/drivers/wayland/lv_wl_cache.su ./Drivers/lvgl/src/drivers/wayland/lv_wl_dmabuf.cyclo ./Drivers/lvgl/src/drivers/wayland/lv_wl_dmabuf.d ./Drivers/lvgl/src/drivers/wayland/lv_wl_dmabuf.o ./Drivers/lvgl/src/drivers/wayland/lv_wl_dmabuf.su ./Drivers/lvgl/src/drivers/wayland/lv_wl_keyboard.cyclo ./Drivers/lvgl/src/drivers/wayland/lv_wl_keyboard.d ./Drivers/lvgl/src/drivers/wayland/lv_wl_keyboard.o ./Drivers/lvgl/src/drivers/wayland/lv_wl_keyboard.su ./Drivers/lvgl/src/drivers/wayland/lv_wl_pointer.cyclo ./Drivers/lvgl/src/drivers/wayland/lv_wl_pointer.d ./Drivers/lvgl/src/drivers/wayland/lv_wl_pointer.o ./Drivers/lvgl/src/drivers/wayland/lv_wl_pointer.su ./Drivers/lvgl/src/drivers/wayland/lv_wl_pointer_axis.cyclo ./Drivers/lvgl/src/drivers/wayland/lv_wl_pointer_axis.d ./Drivers/lvgl/src/drivers/wayland/lv_wl_pointer_axis.o ./Drivers/lvgl/src/drivers/wayland/lv_wl_pointer_axis.su ./Drivers/lvgl/src/drivers/wayland/lv_wl_seat.cyclo ./Drivers/lvgl/src/drivers/wayland/lv_wl_seat.d ./Drivers/lvgl/src/drivers/wayland/lv_wl_seat.o ./Drivers/lvgl/src/drivers/wayland/lv_wl_seat.su ./Drivers/lvgl/src/drivers/wayland/lv_wl_shell.cyclo ./Drivers/lvgl/src/drivers/wayland/lv_wl_shell.d ./Drivers/lvgl/src/drivers/wayland/lv_wl_shell.o ./Drivers/lvgl/src/drivers/wayland/lv_wl_shell.su ./Drivers/lvgl/src/drivers/wayland/lv_wl_shm.cyclo ./Drivers/lvgl/src/drivers/wayland/lv_wl_shm.d ./Drivers/lvgl/src/drivers/wayland/lv_wl_shm.o ./Drivers/lvgl/src/drivers/wayland/lv_wl_shm.su ./Drivers/lvgl/src/drivers/wayland/lv_wl_touch.cyclo ./Drivers/lvgl/src/drivers/wayland/lv_wl_touch.d ./Drivers/lvgl/src/drivers/wayland/lv_wl_touch.o ./Drivers/lvgl/src/drivers/wayland/lv_wl_touch.su ./Drivers/lvgl/src/drivers/wayland/lv_wl_window.cyclo ./Drivers/lvgl/src/drivers/wayland/lv_wl_window.d ./Drivers/lvgl/src/drivers/wayland/lv_wl_window.o ./Drivers/lvgl/src/drivers/wayland/lv_wl_window.su ./Drivers/lvgl/src/drivers/wayland/lv_wl_window_decorations.cyclo ./Drivers/lvgl/src/drivers/wayland/lv_wl_window_decorations.d ./Drivers/lvgl/src/drivers/wayland/lv_wl_window_decorations.o ./Drivers/lvgl/src/drivers/wayland/lv_wl_window_decorations.su ./Drivers/lvgl/src/drivers/wayland/lv_wl_xdg_shell.cyclo ./Drivers/lvgl/src/drivers/wayland/lv_wl_xdg_shell.d ./Drivers/lvgl/src/drivers/wayland/lv_wl_xdg_shell.o ./Drivers/lvgl/src/drivers/wayland/lv_wl_xdg_shell.su
rm -rf ./Drivers/lvgl/src/drivers/uefi/lv_uefi_context.cyclo ./Drivers/lvgl/src/drivers/uefi/lv_uefi_context.d ./Drivers/lvgl/src/drivers/uefi/lv_uefi_context.o ./Drivers/lvgl/src/drivers/uefi/lv_uefi_context.su ./Drivers/lvgl/src/drivers/uefi/lv_uefi_display.cyclo ./Drivers/lvgl/src/drivers/uefi/lv_uefi_display.d ./Drivers/lvgl/src/drivers/uefi/lv_uefi_display.o ./Drivers/lvgl/src/drivers/uefi/lv_uefi_display.su ./Drivers/lvgl/src/drivers/uefi/lv_uefi_indev_keyboard.cyclo ./Drivers/lvgl/src/drivers/uefi/lv_uefi_indev_keyboard.d ./Drivers/lvgl/src/drivers/uefi/lv_uefi_indev_keyboard.o ./Drivers/lvgl/src/drivers/uefi/lv_uefi_indev_keyboard.su ./Drivers/lvgl/src/drivers/uefi/lv_uefi_indev_pointer.cyclo ./Drivers/lvgl/src/drivers/uefi/lv_uefi_indev_pointer.d ./Drivers/lvgl/src/drivers/uefi/lv_uefi_indev_pointer.o ./Drivers/lvgl/src/drivers/uefi/lv_uefi_indev_pointer.su ./Drivers/lvgl/src/drivers/uefi/lv_uefi_indev_touch.cyclo ./Drivers/lvgl/src/drivers/uefi/lv_uefi_indev_touch.d ./Drivers/lvgl/src/drivers/uefi/lv_uefi_indev_touch.o ./Drivers/lvgl/src/drivers/uefi/lv_uefi_indev_touch.su ./Drivers/lvgl/src/drivers/uefi/lv_uefi_private.cyclo ./Drivers/lvgl/src/drivers/uefi/lv_uefi_private.d ./Drivers/lvgl/src/drivers/uefi/lv_uefi_private.o ./Drivers/lvgl/src/drivers/uefi/lv_uefi_private.su
rm -rf ./Drivers/lvgl/src/drivers/sdl/lv_sdl_keyboard.cyclo ./Drivers/lvgl/src/drivers/sdl/lv_sdl_keyboard.d ./Drivers/lvgl/src/drivers/sdl/lv_sdl_keyboard.o ./Drivers/lvgl/src/drivers/sdl/lv_sdl_keyboard.su ./Drivers/lvgl/src/drivers/sdl/lv_sdl_mouse.cyclo ./Drivers/lvgl/src/drivers/sdl/lv_sdl_mouse.d ./Drivers/lvgl/src/drivers/sdl/lv_sdl_mouse.o ./Drivers/lvgl/src/drivers/sdl/lv_sdl_mouse.su ./Drivers/lvgl/src/drivers/sdl/lv_sdl_mousewheel.cyclo ./Drivers/lvgl/src/drivers/sdl/lv_sdl_mousewheel.d ./Drivers/lvgl/src/drivers/sdl/lv_sdl_mousewheel.o ./Drivers/lvgl/src/drivers/sdl/lv_sdl_mousewheel.su ./Drivers/lvgl/src/drivers/sdl/lv_sdl_window.cyclo ./Drivers/lvgl/src/drivers/sdl/lv_sdl_window.d ./Drivers/lvgl/src/drivers/sdl/lv_sdl_window.o ./Drivers/lvgl/src/drivers/sdl/lv_sdl_window.su
rm -rf ./Drivers/lvgl/src/drivers/qnx/lv_qnx.cyclo ./Drivers/lvgl/src/drivers/qnx/lv_qnx.d ./Drivers/lvgl/src/drivers/qnx/lv_qnx.o ./Drivers/lvgl/src/drivers/qnx/lv_qnx.su
rm -rf ./Drivers/lvgl/src/drivers/nuttx/lv_nuttx_cache.cyclo ./Drivers/lvgl/src/drivers/nuttx/lv_nuttx_cache.d ./Drivers/lvgl/src/drivers/nuttx/lv_nuttx_cache.o ./Drivers/lvgl/src/drivers/nuttx/lv_nuttx_cache.su ./Drivers/lvgl/src/drivers/nuttx/lv_nuttx_entry.cyclo ./Drivers/lvgl/src/drivers/nuttx/lv_nuttx_entry.d ./Drivers/lvgl/src/drivers/nuttx/lv_nuttx_entry.o ./Drivers/lvgl/src/drivers/nuttx/lv_nuttx_entry.su ./Drivers/lvgl/src/drivers/nuttx/lv_nuttx_fbdev.cyclo ./Drivers/lvgl/src/drivers/nuttx/lv_nuttx_fbdev.d ./Drivers/lvgl/src/drivers/nuttx/lv_nuttx_fbdev.o ./Drivers/lvgl/src/drivers/nuttx/lv_nuttx_fbdev.su ./Drivers/lvgl/src/drivers/nuttx/lv_nuttx_image_cache.cyclo ./Drivers/lvgl/src/drivers/nuttx/lv_nuttx_image_cache.d ./Drivers/lvgl/src/drivers/nuttx/lv_nuttx_image_cache.o ./Drivers/lvgl/src/drivers/nuttx/lv_nuttx_image_cache.su ./Drivers/lvgl/src/drivers/nuttx/lv_nuttx_lcd.cyclo ./Drivers/lvgl/src/drivers/nuttx/lv_nuttx_lcd.d ./Drivers/lvgl/src/drivers/nuttx/lv_nuttx_lcd.o ./Drivers/lvgl/src/drivers/nuttx/lv_nuttx_lcd.su ./Drivers/lvgl/src/drivers/nuttx/lv_nuttx_libuv.cyclo ./Drivers/lvgl/src/drivers/nuttx/lv_nuttx_libuv.d ./Drivers/lvgl/src/drivers/nuttx/lv_nuttx_libuv.o ./Drivers/lvgl/src/drivers/nuttx/lv_nuttx_libuv.su ./Drivers/lvgl/src/drivers/nuttx/lv_nuttx_profiler.cyclo ./Drivers/lvgl/src/drivers/nuttx/lv_nuttx_profiler.d ./Drivers/lvgl/src/drivers/nuttx/lv_nuttx_profiler.o ./Drivers/lvgl/src/drivers/nuttx/lv_nuttx_profiler.su ./Drivers/lvgl/src/drivers/nuttx/lv_nuttx_touchscreen.cyclo ./Drivers/lvgl/src/drivers/nuttx/lv_nuttx_touchscreen.d ./Drivers/lvgl/src/drivers/nuttx/lv_nuttx_touchscreen.o ./Drivers/lvgl/src/drivers/nuttx/lv_nuttx_touchscreen.su
rm -rf ./Drivers/lvgl/src/drivers/libinput/lv_libinput.cyclo ./Drivers/lvgl/src/drivers/libinput/lv_libinput.d ./Drivers/lvgl/src/drivers/libinput/lv_libinput.o ./Drivers/lvgl/src/drivers/libinput/lv_libinput.su ./Drivers/lvgl/src/drivers/libinput/lv_xkb.cyclo ./Drivers/lvgl/src/drivers/libinput/lv_xkb.d ./Drivers/lvgl/src/drivers/libinput/lv_xkb.o ./Drivers/lvgl/src/drivers/libinput/lv_xkb.su
rm -rf ./Drivers/lvgl/src/drivers/glfw/lv_glfw_window.cyclo ./Drivers/lvgl/src/drivers/glfw/lv_glfw_window.d ./Drivers/lvgl/src/drivers/glfw/lv_glfw_window.o ./Drivers/lvgl/src/drivers/glfw/lv_glfw_window.su ./Drivers/lvgl/src/drivers/glfw/lv_opengles_debug.cyclo ./Drivers/lvgl/src/drivers/glfw/lv_opengles_debug.d ./Drivers/lvgl/src/drivers/glfw/lv_opengles_debug.o ./Drivers/lvgl/src/drivers/glfw/lv_opengles_debug.su ./Drivers/lvgl/src/drivers/glfw/lv_opengles_driver.cyclo ./Drivers/lvgl/src/drivers/glfw/lv_opengles_driver.d ./Drivers/lvgl/src/drivers/glfw/lv_opengles_driver.o ./Drivers/lvgl/src/drivers/glfw/lv_opengles_driver.su ./Drivers/lvgl/src/drivers/glfw/lv_opengles_texture.cyclo ./Drivers/lvgl/src/drivers/glfw/lv_opengles_texture.d ./Drivers/lvgl/src/drivers/glfw/lv_opengles_texture.o ./Drivers/lvgl/src/drivers/glfw/lv_opengles_texture.su
rm -rf ./Drivers/lvgl/src/drivers/evdev/lv_evdev.cyclo ./Drivers/lvgl/src/drivers/evdev/lv_evdev.d ./Drivers/lvgl/src/drivers/evdev/lv_evdev.o ./Drivers/lvgl/src/drivers/evdev/lv_evdev.su
rm -rf ./Drivers/lvgl/src/drivers/display/st_ltdc/lv_st_ltdc.cyclo ./Drivers/lvgl/src/drivers/display/st_ltdc/lv_st_ltdc.d ./Drivers/lvgl/src/drivers/display/st_ltdc/lv_st_ltdc.o ./Drivers/lvgl/src/drivers/display/st_ltdc/lv_st_ltdc.su
rm -rf ./Drivers/lvgl/src/drivers/display/st7796/lv_st7796.cyclo ./Drivers/lvgl/src/drivers/display/st7796/lv_st7796.d ./Drivers/lvgl/src/drivers/display/st7796/lv_st7796.o ./Drivers/lvgl/src/drivers/display/st7796/lv_st7796.su
rm -rf ./Drivers/lvgl/src/drivers/display/st7789/lv_st7789.cyclo ./Drivers/lvgl/src/drivers/display/st7789/lv_st7789.d ./Drivers/lvgl/src/drivers/display/st7789/lv_st7789.o ./Drivers/lvgl/src/drivers/display/st7789/lv_st7789.su
rm -rf ./Drivers/lvgl/src/drivers/display/st7735/lv_st7735.cyclo ./Drivers/lvgl/src/drivers/display/st7735/lv_st7735.d ./Drivers/lvgl/src/drivers/display/st7735/lv_st7735.o ./Drivers/lvgl/src/drivers/display/st7735/lv_st7735.su
rm -rf ./Drivers/lvgl/src/drivers/display/renesas_glcdc/lv_renesas_glcdc.cyclo ./Drivers/lvgl/src/drivers/display/renesas_glcdc/lv_renesas_glcdc.d ./Drivers/lvgl/src/drivers/display/renesas_glcdc/lv_renesas_glcdc.o ./Drivers/lvgl/src/drivers/display/renesas_glcdc/lv_renesas_glcdc.su
rm -rf ./Drivers/lvgl/src/drivers/display/lcd/lv_lcd_generic_mipi.cyclo ./Drivers/lvgl/src/drivers/display/lcd/lv_lcd_generic_mipi.d ./Drivers/lvgl/src/drivers/display/lcd/lv_lcd_generic_mipi.o ./Drivers/lvgl/src/drivers/display/lcd/lv_lcd_generic_mipi.su
rm -rf ./Drivers/lvgl/src/drivers/display/ili9341/lv_ili9341.cyclo ./Drivers/lvgl/src/drivers/display/ili9341/lv_ili9341.d ./Drivers/lvgl/src/drivers/display/ili9341/lv_ili9341.o ./Drivers/lvgl/src/drivers/display/ili9341/lv_ili9341.su
rm -rf ./Drivers/lvgl/src/drivers/display/ft81x/lv_ft81x.cyclo ./Drivers/lvgl/src/drivers/display/ft81x/lv_ft81x.d ./Drivers/lvgl/src/drivers/display/ft81x/lv_ft81x.o ./Drivers/lvgl/src/drivers/display/ft81x/lv_ft81x.su
rm -rf ./Drivers/lvgl/src/drivers/display/fb/lv_linux_fbdev.cyclo ./Drivers/lvgl/src/drivers/display/fb/lv_linux_fbdev.d ./Drivers/lvgl/src/drivers/display/fb/lv_linux_fbdev.o ./Drivers/lvgl/src/drivers/display/fb/lv_linux_fbdev.su
rm -rf ./Drivers/lvgl/src/drivers/display/drm/lv_linux_drm.cyclo ./Drivers/lvgl/src/drivers/display/drm/lv_linux_drm.d ./Drivers/lvgl/src/drivers/display/drm/lv_linux_drm.o ./Drivers/lvgl/src/drivers/display/drm/lv_linux_drm.su
rm -rf ./Drivers/lvgl/src/draw/vg_lite/lv_draw_buf_vg_lite.cyclo ./Drivers/lvgl/src/draw/vg_lite/lv_draw_buf_vg_lite.d ./Drivers/lvgl/src/draw/vg_lite/lv_draw_buf_vg_lite.o ./Drivers/lvgl/src/draw/vg_lite/lv_draw_buf_vg_lite.su ./Drivers/lvgl/src/draw/vg_lite/lv_draw_vg_lite.cyclo ./Drivers/lvgl/src/draw/vg_lite/lv_draw_vg_lite.d ./Drivers/lvgl/src/draw/vg_lite/lv_draw_vg_lite.o ./Drivers/lvgl/src/draw/vg_lite/lv_draw_vg_lite.su ./Drivers/lvgl/src/draw/vg_lite/lv_draw_vg_lite_arc.cyclo ./Drivers/lvgl/src/draw/vg_lite/lv_draw_vg_lite_arc.d ./Drivers/lvgl/src/draw/vg_lite/lv_draw_vg_lite_arc.o ./Drivers/lvgl/src/draw/vg_lite/lv_draw_vg_lite_arc.su ./Drivers/lvgl/src/draw/vg_lite/lv_draw_vg_lite_border.cyclo ./Drivers/lvgl/src/draw/vg_lite/lv_draw_vg_lite_border.d ./Drivers/lvgl/src/draw/vg_lite/lv_draw_vg_lite_border.o ./Drivers/lvgl/src/draw/vg_lite/lv_draw_vg_lite_border.su ./Drivers/lvgl/src/draw/vg_lite/lv_draw_vg_lite_box_shadow.cyclo ./Drivers/lvgl/src/draw/vg_lite/lv_draw_vg_lite_box_shadow.d ./Drivers/lvgl/src/draw/vg_lite/lv_draw_vg_lite_box_shadow.o ./Drivers/lvgl/src/draw/vg_lite/lv_draw_vg_lite_box_shadow.su ./Drivers/lvgl/src/draw/vg_lite/lv_draw_vg_lite_fill.cyclo ./Drivers/lvgl/src/draw/vg_lite/lv_draw_vg_lite_fill.d ./Drivers/lvgl/src/draw/vg_lite/lv_draw_vg_lite_fill.o ./Drivers/lvgl/src/draw/vg_lite/lv_draw_vg_lite_fill.su ./Drivers/lvgl/src/draw/vg_lite/lv_draw_vg_lite_img.cyclo ./Drivers/lvgl/src/draw/vg_lite/lv_draw_vg_lite_img.d ./Drivers/lvgl/src/draw/vg_lite/lv_draw_vg_lite_img.o ./Drivers/lvgl/src/draw/vg_lite/lv_draw_vg_lite_img.su ./Drivers/lvgl/src/draw/vg_lite/lv_draw_vg_lite_label.cyclo ./Drivers/lvgl/src/draw/vg_lite/lv_draw_vg_lite_label.d ./Drivers/lvgl/src/draw/vg_lite/lv_draw_vg_lite_label.o ./Drivers/lvgl/src/draw/vg_lite/lv_draw_vg_lite_label.su ./Drivers/lvgl/src/draw/vg_lite/lv_draw_vg_lite_layer.cyclo ./Drivers/lvgl/src/draw/vg_lite/lv_draw_vg_lite_layer.d ./Drivers/lvgl/src/draw/vg_lite/lv_draw_vg_lite_layer.o ./Drivers/lvgl/src/draw/vg_lite/lv_draw_vg_lite_layer.su ./Drivers/lvgl/src/draw/vg_lite/lv_draw_vg_lite_line.cyclo ./Drivers/lvgl/src/draw/vg_lite/lv_draw_vg_lite_line.d ./Drivers/lvgl/src/draw/vg_lite/lv_draw_vg_lite_line.o ./Drivers/lvgl/src/draw/vg_lite/lv_draw_vg_lite_line.su ./Drivers/lvgl/src/draw/vg_lite/lv_draw_vg_lite_mask_rect.cyclo ./Drivers/lvgl/src/draw/vg_lite/lv_draw_vg_lite_mask_rect.d ./Drivers/lvgl/src/draw/vg_lite/lv_draw_vg_lite_mask_rect.o ./Drivers/lvgl/src/draw/vg_lite/lv_draw_vg_lite_mask_rect.su ./Drivers/lvgl/src/draw/vg_lite/lv_draw_vg_lite_triangle.cyclo ./Drivers/lvgl/src/draw/vg_lite/lv_draw_vg_lite_triangle.d ./Drivers/lvgl/src/draw/vg_lite/lv_draw_vg_lite_triangle.o ./Drivers/lvgl/src/draw/vg_lite/lv_draw_vg_lite_triangle.su ./Drivers/lvgl/src/draw/vg_lite/lv_draw_vg_lite_vector.cyclo ./Drivers/lvgl/src/draw/vg_lite/lv_draw_vg_lite_vector.d ./Drivers/lvgl/src/draw/vg_lite/lv_draw_vg_lite_vector.o ./Drivers/lvgl/src/draw/vg_lite/lv_draw_vg_lite_vector.su ./Drivers/lvgl/src/draw/vg_lite/lv_vg_lite_decoder.cyclo ./Drivers/lvgl/src/draw/vg_lite/lv_vg_lite_decoder.d ./Drivers/lvgl/src/draw/vg_lite/lv_vg_lite_decoder.o ./Drivers/lvgl/src/draw/vg_lite/lv_vg_lite_decoder.su ./Drivers/lvgl/src/draw/vg_lite/lv_vg_lite_grad.cyclo ./Drivers/lvgl/src/draw/vg_lite/lv_vg_lite_grad.d ./Drivers/lvgl/src/draw/vg_lite/lv_vg_lite_grad.o ./Drivers/lvgl/src/draw/vg_lite/lv_vg_lite_grad.su ./Drivers/lvgl/src/draw/vg_lite/lv_vg_lite_math.cyclo ./Drivers/lvgl/src/draw/vg_lite/lv_vg_lite_math.d ./Drivers/lvgl/src/draw/vg_lite/lv_vg_lite_math.o ./Drivers/lvgl/src/draw/vg_lite/lv_vg_lite_math.su ./Drivers/lvgl/src/draw/vg_lite/lv_vg_lite_path.cyclo ./Drivers/lvgl/src/draw/vg_lite/lv_vg_lite_path.d ./Drivers/lvgl/src/draw/vg_lite/lv_vg_lite_path.o ./Drivers/lvgl/src/draw/vg_lite/lv_vg_lite_path.su ./Drivers/lvgl/src/draw/vg_lite/lv_vg_lite_pending.cyclo ./Drivers/lvgl/src/draw/vg_lite/lv_vg_lite_pending.d ./Drivers/lvgl/src/draw/vg_lite/lv_vg_lite_pending.o ./Drivers/lvgl/src/draw/vg_lite/lv_vg_lite_pending.su ./Drivers/lvgl/src/draw/vg_lite/lv_vg_lite_stroke.cyclo ./Drivers/lvgl/src/draw/vg_lite/lv_vg_lite_stroke.d ./Drivers/lvgl/src/draw/vg_lite/lv_vg_lite_stroke.o ./Drivers/lvgl/src/draw/vg_lite/lv_vg_lite_stroke.su ./Drivers/lvgl/src/draw/vg_lite/lv_vg_lite_utils.cyclo ./Drivers/lvgl/src/draw/vg_lite/lv_vg_lite_utils.d ./Drivers/lvgl/src/draw/vg_lite/lv_vg_lite_utils.o ./Drivers/lvgl/src/draw/vg_lite/lv_vg_lite_utils.su
rm -rf ./Drivers/lvgl/src/draw/sw/blend/neon/lv_blend_neon.d ./Drivers/lvgl/src/draw/sw/blend/neon/lv_blend_neon.o
rm -rf ./Drivers/lvgl/src/draw/sw/blend/helium/lv_blend_helium.d ./Drivers/lvgl/src/draw/sw/blend/helium/lv_blend_helium.o
rm -rf ./Drivers/lvgl/src/font/lv_font_source_han_sans_sc_16_cjk.cyclo ./Drivers/lvgl/src/font/lv_font_source_han_sans_sc_16_cjk.d ./Drivers/lvgl/src/font/lv_font_source_han_sans_sc_16_cjk.o ./Drivers/lvgl/src/font/lv_font_source_han_sans_sc_16_cjk.su ./Drivers/lvgl/src/font/lv_font_unscii_16.cyclo ./Drivers/lvgl/src/font/lv_font_unscii_16.d ./Drivers/lvgl/src/font/lv_font_unscii_16.o ./Drivers/lvgl/src/font/lv_font_unscii_16.su ./Drivers/lvgl/src/font/lv_font_unscii_8.cyclo ./Drivers/lvgl/src/font/lv_font_unscii_8.d ./Drivers/lvgl/src/font/lv_font_unscii_8.o ./Drivers/lvgl/src/font/lv_font_unscii_8.su
rm -rf ./Drivers/lvgl/src/draw/sw/blend/lv_draw_sw_blend.cyclo ./Drivers/lvgl/src/draw/sw/blend/lv_draw_sw_blend.d ./Drivers/lvgl/src/draw/sw/blend/lv_draw_sw_blend.o ./Drivers/lvgl/src/draw/sw/blend/lv_draw_sw_blend.su ./Drivers/lvgl/src/draw/sw/blend/lv_draw_sw_blend_to_al88.cyclo ./Drivers/lvgl/src/draw/sw/blend/lv_draw_sw_blend_to_al88.d ./Drivers/lvgl/src/draw/sw/blend/lv_draw_sw_blend_to_al88.o ./Drivers/lvgl/src/draw/sw/blend/lv_draw_sw_blend_to_al88.su ./Drivers/lvgl/src/draw/sw/blend/lv_draw_sw_blend_to_argb8888.cyclo ./Drivers/lvgl/src/draw/sw/blend/lv_draw_sw_blend_to_argb8888.d ./Drivers/lvgl/src/draw/sw/blend/lv_draw_sw_blend_to_argb8888.o ./Drivers/lvgl/src/draw/sw/blend/lv_draw_sw_blend_to_argb8888.su ./Drivers/lvgl/src/draw/sw/blend/lv_draw_sw_blend_to_argb8888_premultiplied.cyclo ./Drivers/lvgl/src/draw/sw/blend/lv_draw_sw_blend_to_argb8888_premultiplied.d ./Drivers/lvgl/src/draw/sw/blend/lv_draw_sw_blend_to_argb8888_premultiplied.o ./Drivers/lvgl/src/draw/sw/blend/lv_draw_sw_blend_to_argb8888_premultiplied.su ./Drivers/lvgl/src/draw/sw/blend/lv_draw_sw_blend_to_i1.cyclo ./Drivers/lvgl/src/draw/sw/blend/lv_draw_sw_blend_to_i1.d ./Drivers/lvgl/src/draw/sw/blend/lv_draw_sw_blend_to_i1.o ./Drivers/lvgl/src/draw/sw/blend/lv_draw_sw_blend_to_i1.su ./Drivers/lvgl/src/draw/sw/blend/lv_draw_sw_blend_to_l8.cyclo ./Drivers/lvgl/src/draw/sw/blend/lv_draw_sw_blend_to_l8.d ./Drivers/lvgl/src/draw/sw/blend/lv_draw_sw_blend_to_l8.o ./Drivers/lvgl/src/draw/sw/blend/lv_draw_sw_blend_to_l8.su ./Drivers/lvgl/src/draw/sw/blend/lv_draw_sw_blend_to_rgb565.cyclo ./Drivers/lvgl/src/draw/sw/blend/lv_draw_sw_blend_to_rgb565.d ./Drivers/lvgl/src/draw/sw/blend/lv_draw_sw_blend_to_rgb565.o ./Drivers/lvgl/src/draw/sw/blend/lv_draw_sw_blend_to_rgb565.su ./Drivers/lvgl/src/draw/sw/blend/lv_draw_sw_blend_to_rgb565_swapped.cyclo ./Drivers/lvgl/src/draw/sw/blend/lv_draw_sw_blend_to_rgb565_swapped.d ./Drivers/lvgl/src/draw/sw/blend/lv_draw_sw_blend_to_rgb565_swapped.o ./Drivers/lvgl/src/draw/sw/blend/lv_draw_sw_blend_to_rgb565_swapped.su ./Drivers/lvgl/src/draw/sw/blend/lv_draw_sw_blend_to_rgb888.cyclo ./Drivers/lvgl/src/draw/sw/blend/lv_draw_sw_blend_to_rgb888.d ./Drivers/lvgl/src/draw/sw/blend/lv_draw_sw_blend_to_rgb888.o ./Drivers/lvgl/src/draw/sw/blend/lv_draw_sw_blend_to_rgb888.su
rm -rf ./Drivers/lvgl/src/draw/sw/lv_draw_sw.cyclo ./Drivers/lvgl/src/draw/sw/lv_draw_sw.d ./Drivers/lvgl/src/draw/sw/lv_draw_sw.o ./Drivers/lvgl/src/draw/sw/lv_draw_sw.su ./Drivers/lvgl/src/draw/sw/lv_draw_sw_arc.cyclo ./Drivers/lvgl/src/draw/sw/lv_draw_sw_arc.d ./Drivers/lvgl/src/draw/sw/lv_draw_sw_arc.o ./Drivers/lvgl/src/draw/sw/lv_draw_sw_arc.su ./Drivers/lvgl/src/draw/sw/lv_draw_sw_border.cyclo ./Drivers/lvgl/src/draw/sw/lv_draw_sw_border.d ./Drivers/lvgl/src/draw/sw/lv_draw_sw_border.o ./Drivers/lvgl/src/draw/sw/lv_draw_sw_border.su ./Drivers/lvgl/src/draw/sw/lv_draw_sw_box_shadow.cyclo ./Drivers/lvgl/src/draw/sw/lv_draw_sw_box_shadow.d ./Drivers/lvgl/src/draw/sw/lv_draw_sw_box_shadow.o ./Drivers/lvgl/src/draw/sw/lv_draw_sw_box_shadow.su ./Drivers/lvgl/src/draw/sw/lv_draw_sw_fill.cyclo ./Drivers/lvgl/src/draw/sw/lv_draw_sw_fill.d ./Drivers/lvgl/src/draw/sw/lv_draw_sw_fill.o ./Drivers/lvgl/src/draw/sw/lv_draw_sw_fill.su ./Drivers/lvgl/src/draw/sw/lv_draw_sw_grad.cyclo ./Drivers/lvgl/src/draw/sw/lv_draw_sw_grad.d ./Drivers/lvgl/src/draw/sw/lv_draw_sw_grad.o ./Drivers/lvgl/src/draw/sw/lv_draw_sw_grad.su ./Drivers/lvgl/src/draw/sw/lv_draw_sw_img.cyclo ./Drivers/lvgl/src/draw/sw/lv_draw_sw_img.d ./Drivers/lvgl/src/draw/sw/lv_draw_sw_img.o ./Drivers/lvgl/src/draw/sw/lv_draw_sw_img.su ./Drivers/lvgl/src/draw/sw/lv_draw_sw_letter.cyclo ./Drivers/lvgl/src/draw/sw/lv_draw_sw_letter.d ./Drivers/lvgl/src/draw/sw/lv_draw_sw_letter.o ./Drivers/lvgl/src/draw/sw/lv_draw_sw_letter.su ./Drivers/lvgl/src/draw/sw/lv_draw_sw_line.cyclo ./Drivers/lvgl/src/draw/sw/lv_draw_sw_line.d ./Drivers/lvgl/src/draw/sw/lv_draw_sw_line.o ./Drivers/lvgl/src/draw/sw/lv_draw_sw_line.su ./Drivers/lvgl/src/draw/sw/lv_draw_sw_mask.cyclo ./Drivers/lvgl/src/draw/sw/lv_draw_sw_mask.d ./Drivers/lvgl/src/draw/sw/lv_draw_sw_mask.o ./Drivers/lvgl/src/draw/sw/lv_draw_sw_mask.su ./Drivers/lvgl/src/draw/sw/lv_draw_sw_mask_rect.cyclo ./Drivers/lvgl/src/draw/sw/lv_draw_sw_mask_rect.d ./Drivers/lvgl/src/draw/sw/lv_draw_sw_mask_rect.o ./Drivers/lvgl/src/draw/sw/lv_draw_sw_mask_rect.su ./Drivers/lvgl/src/draw/sw/lv_draw_sw_transform.cyclo ./Drivers/lvgl/src/draw/sw/lv_draw_sw_transform.d ./Drivers/lvgl/src/draw/sw/lv_draw_sw_transform.o ./Drivers/lvgl/src/draw/sw/lv_draw_sw_transform.su ./Drivers/lvgl/src/draw/sw/lv_draw_sw_triangle.cyclo ./Drivers/lvgl/src/draw/sw/lv_draw_sw_triangle.d ./Drivers/lvgl/src/draw/sw/lv_draw_sw_triangle.o ./Drivers/lvgl/src/draw/sw/lv_draw_sw_triangle.su ./Drivers/lvgl/src/draw/sw/lv_draw_sw_utils.cyclo ./Drivers/lvgl/src/draw/sw/lv_draw_sw_utils.d ./Drivers/lvgl/src/draw/sw/lv_draw_sw_utils.o ./Drivers/lvgl/src/draw/sw/lv_draw_sw_utils.su ./Drivers/lvgl/src/draw/sw/lv_draw_sw_vector.cyclo ./Drivers/lvgl/src/draw/sw/lv_draw_sw_vector.d ./Drivers/lvgl/src/draw/sw/lv_draw_sw_vector.o ./Drivers/lvgl/src/draw/sw/lv_draw_sw_vector.su
rm -rf ./Drivers/lvgl/src/draw/sdl/lv_draw_sdl.cyclo ./Drivers/lvgl/src/draw/sdl/lv_draw_sdl.d ./Drivers/lvgl/src/draw/sdl/lv_draw_sdl.o ./Drivers/lvgl/src/draw/sdl/lv_draw_sdl.su
rm -rf ./Drivers/lvgl/src/draw/renesas/dave2d/lv_draw_dave2d.cyclo ./Drivers/lvgl/src/draw/renesas/dave2d/lv_draw_dave2d.d ./Drivers/lvgl/src/draw/renesas/dave2d/lv_draw_dave2d.o ./Drivers/lvgl/src/draw/renesas/dave2d/lv_draw_dave2d.su ./Drivers/lvgl/src/draw/renesas/dave2d/lv_draw_dave2d_arc.cyclo ./Drivers/lvgl/src/draw/renesas/dave2d/lv_draw_dave2d_arc.d ./Drivers/lvgl/src/draw/renesas/dave2d/lv_draw_dave2d_arc.o ./Drivers/lvgl/src/draw/renesas/dave2d/lv_draw_dave2d_arc.su ./Drivers/lvgl/src/draw/renesas/dave2d/lv_draw_dave2d_border.cyclo ./Drivers/lvgl/src/draw/renesas/dave2d/lv_draw_dave2d_border.d ./Drivers/lvgl/src/draw/renesas/dave2d/lv_draw_dave2d_border.o ./Drivers/lvgl/src/draw/renesas/dave2d/lv_draw_dave2d_border.su ./Drivers/lvgl/src/draw/renesas/dave2d/lv_draw_dave2d_fill.cyclo ./Drivers/lvgl/src/draw/renesas/dave2d/lv_draw_dave2d_fill.d ./Drivers/lvgl/src/draw/renesas/dave2d/lv_draw_dave2d_fill.o ./Drivers/lvgl/src/draw/renesas/dave2d/lv_draw_dave2d_fill.su ./Drivers/lvgl/src/draw/renesas/dave2d/lv_draw_dave2d_image.cyclo ./Drivers/lvgl/src/draw/renesas/dave2d/lv_draw_dave2d_image.d ./Drivers/lvgl/src/draw/renesas/dave2d/lv_draw_dave2d_image.o ./Drivers/lvgl/src/draw/renesas/dave2d/lv_draw_dave2d_image.su ./Drivers/lvgl/src/draw/renesas/dave2d/lv_draw_dave2d_label.cyclo ./Drivers/lvgl/src/draw/renesas/dave2d/lv_draw_dave2d_label.d ./Drivers/lvgl/src/draw/renesas/dave2d/lv_draw_dave2d_label.o ./Drivers/lvgl/src/draw/renesas/dave2d/lv_draw_dave2d_label.su ./Drivers/lvgl/src/draw/renesas/dave2d/lv_draw_dave2d_line.cyclo ./Drivers/lvgl/src/draw/renesas/dave2d/lv_draw_dave2d_line.d ./Drivers/lvgl/src/draw/renesas/dave2d/lv_draw_dave2d_line.o ./Drivers/lvgl/src/draw/renesas/dave2d/lv_draw_dave2d_line.su ./Drivers/lvgl/src/draw/renesas/dave2d/lv_draw_dave2d_mask_rectangle.cyclo ./Drivers/lvgl/src/draw/renesas/dave2d/lv_draw_dave2d_mask_rectangle.d ./Drivers/lvgl/src/draw/renesas/dave2d/lv_draw_dave2d_mask_rectangle.o ./Drivers/lvgl/src/draw/renesas/dave2d/lv_draw_dave2d_mask_rectangle.su ./Drivers/lvgl/src/draw/renesas/dave2d/lv_draw_dave2d_triangle.cyclo ./Drivers/lvgl/src/draw/renesas/dave2d/lv_draw_dave2d_triangle.d ./Drivers/lvgl/src/draw/renesas/dave2d/lv_draw_dave2d_triangle.o ./Drivers/lvgl/src/draw/renesas/dave2d/lv_draw_dave2d_triangle.su ./Drivers/lvgl/src/draw/renesas/dave2d/lv_draw_dave2d_utils.cyclo ./Drivers/lvgl/src/draw/renesas/dave2d/lv_draw_dave2d_utils.d ./Drivers/lvgl/src/draw/renesas/dave2d/lv_draw_dave2d_utils.o ./Drivers/lvgl/src/draw/renesas/dave2d/lv_draw_dave2d_utils.su
rm -rf ./Drivers/lvgl/src/draw/opengles/lv_draw_opengles.cyclo ./Drivers/lvgl/src/draw/opengles/lv_draw_opengles.d ./Drivers/lvgl/src/draw/opengles/lv_draw_opengles.o ./Drivers/lvgl/src/draw/opengles/lv_draw_opengles.su
rm -rf ./Drivers/lvgl/src/draw/nxp/vglite/lv_draw_buf_vglite.cyclo ./Drivers/lvgl/src/draw/nxp/vglite/lv_draw_buf_vglite.d ./Drivers/lvgl/src/draw/nxp/vglite/lv_draw_buf_vglite.o ./Drivers/lvgl/src/draw/nxp/vglite/lv_draw_buf_vglite.su ./Drivers/lvgl/src/draw/nxp/vglite/lv_draw_vglite.cyclo ./Drivers/lvgl/src/draw/nxp/vglite/lv_draw_vglite.d ./Drivers/lvgl/src/draw/nxp/vglite/lv_draw_vglite.o ./Drivers/lvgl/src/draw/nxp/vglite/lv_draw_vglite.su ./Drivers/lvgl/src/draw/nxp/vglite/lv_draw_vglite_arc.cyclo ./Drivers/lvgl/src/draw/nxp/vglite/lv_draw_vglite_arc.d ./Drivers/lvgl/src/draw/nxp/vglite/lv_draw_vglite_arc.o ./Drivers/lvgl/src/draw/nxp/vglite/lv_draw_vglite_arc.su ./Drivers/lvgl/src/draw/nxp/vglite/lv_draw_vglite_border.cyclo ./Drivers/lvgl/src/draw/nxp/vglite/lv_draw_vglite_border.d ./Drivers/lvgl/src/draw/nxp/vglite/lv_draw_vglite_border.o ./Drivers/lvgl/src/draw/nxp/vglite/lv_draw_vglite_border.su ./Drivers/lvgl/src/draw/nxp/vglite/lv_draw_vglite_fill.cyclo ./Drivers/lvgl/src/draw/nxp/vglite/lv_draw_vglite_fill.d ./Drivers/lvgl/src/draw/nxp/vglite/lv_draw_vglite_fill.o ./Drivers/lvgl/src/draw/nxp/vglite/lv_draw_vglite_fill.su ./Drivers/lvgl/src/draw/nxp/vglite/lv_draw_vglite_img.cyclo ./Drivers/lvgl/src/draw/nxp/vglite/lv_draw_vglite_img.d ./Drivers/lvgl/src/draw/nxp/vglite/lv_draw_vglite_img.o ./Drivers/lvgl/src/draw/nxp/vglite/lv_draw_vglite_img.su ./Drivers/lvgl/src/draw/nxp/vglite/lv_draw_vglite_label.cyclo ./Drivers/lvgl/src/draw/nxp/vglite/lv_draw_vglite_label.d ./Drivers/lvgl/src/draw/nxp/vglite/lv_draw_vglite_label.o ./Drivers/lvgl/src/draw/nxp/vglite/lv_draw_vglite_label.su ./Drivers/lvgl/src/draw/nxp/vglite/lv_draw_vglite_layer.cyclo ./Drivers/lvgl/src/draw/nxp/vglite/lv_draw_vglite_layer.d ./Drivers/lvgl/src/draw/nxp/vglite/lv_draw_vglite_layer.o ./Drivers/lvgl/src/draw/nxp/vglite/lv_draw_vglite_layer.su ./Drivers/lvgl/src/draw/nxp/vglite/lv_draw_vglite_line.cyclo ./Drivers/lvgl/src/draw/nxp/vglite/lv_draw_vglite_line.d ./Drivers/lvgl/src/draw/nxp/vglite/lv_draw_vglite_line.o
[...]
arm-none-eabi-gcc "../Core/Src/system_stm32u5xx.c" -mcpu=cortex-m33 -std=gnu11 -g3 -DDEBUG -DUSE_HAL_DRIVER -DSTM32U575xx -c -I../Core/Inc -I../Drivers/STM32U5xx_HAL_Driver/Inc -I../Drivers/STM32U5xx_HAL_Driver/Inc/Legacy -I../Drivers/CMSIS/Device/ST/STM32U5xx/Include -I../Drivers/CMSIS/Include -I../Middlewares/Third_Party/FreeRTOS/Source/include/ -I../Middlewares/Third_Party/FreeRTOS/Source/portable/GCC/ARM_CM33_NTZ/non_secure/ -I../Middlewares/Third_Party/FreeRTOS/Source/CMSIS_RTOS_V2/ -I../Middlewares/Third_Party/CMSIS/RTOS2/Include/ -I"/home/joakim-wennergren/Desktop/Smartwatch/Firmware/Bench/Drivers/lvgl" -O0 -ffunction-sections -fdata-sections -Wall -fstack-usage -fstack-usage -fcyclomatic-complexity -MMD -MP -MF"Core/Src/system_stm32u5xx.d" -MT"Core/Src/system_stm32u5xx.o" --specs=nano.specs -mfpu=fpv5-sp-d16 -mfloat-abi=hard -mthumb -o "Core/Src/system_stm32u5xx.o"
arm-none-eabi-gcc "../Core/Src/tree.c" -mcpu=cortex-m33 -std=gnu11 -g3 -DDEBUG -DUSE_HAL_DRIVER -DSTM32U575xx -c -I../Core/Inc -I../Drivers/STM32U5xx_HAL_Driver/Inc -I../Drivers/STM32U5xx_HAL_Driver/Inc/Legacy -I../Drivers/CMSIS/Device/ST/STM32U5xx/Include -I../Drivers/CMSIS/Include -I../Middlewares/Third_Party/FreeRTOS/Source/include/ -I../Middlewares/Third_Party/FreeRTOS/Source/portable/GCC/ARM_CM33_NTZ/non_secure/ -I../Middlewares/Third_Party/FreeRTOS/Source/CMSIS_RTOS_V2/ -I../Middlewares/Third_Party/CMSIS/RTOS2/Include/ -I"/home/joakim-wennergren/Desktop/Smartwatch/Firmware/Bench/Drivers/lvgl" -O0 -ffunction-sections -fdata-sections -Wall -fstack-usage -fstack-usage -fcyclomatic-complexity -MMD -MP -MF"Core/Src/tree.d" -MT"Core/Src/tree.o" --specs=nano.specs -mfpu=fpv5-sp-d16 -mfloat-abi=hard -mthumb -o "Core/Src/tree.o"
arm-none-eabi-gcc "../Core/Src/util.c" -mcpu=cortex-m33 -std=gnu11 -g3 -DDEBUG -DUSE_HAL_DRIVER -DSTM32U575xx -c -I../Core/Inc -I../Drivers/STM32U5xx_HAL_Driver/Inc -I../Drivers/STM32U5xx_HAL_Driver/Inc/Legacy -I../Drivers/CMSIS/Device/ST/STM32U5xx/Include -I../Drivers/CMSIS/Include -I../Middlewares/Third_Party/FreeRTOS/Source/include/ -I../Middlewares/Third_Party/FreeRTOS/Source/portable/GCC/ARM_CM33_NTZ/non_secure/ -I../Middlewares/Third_Party/FreeRTOS/Source/CMSIS_RTOS_V2/ -I../Middlewares/Third_Party/CMSIS/RTOS2/Include/ -I"/home/joakim-wennergren/Desktop/Smartwatch/Firmware/Bench/Drivers/lvgl" -O0 -ffunction-sections -fdata-sections -Wall -fstack-usage -fstack-usage -fcyclomatic-complexity -MMD -MP -MF"Core/Src/util.d" -MT"Core/Src/util.o" --specs=nano.specs -mfpu=fpv5-sp-d16 -mfloat-abi=hard -mthumb -o "Core/Src/util.o"
../Core/Src/main.c: In function 'HAL_RTC_AlarmAEventCallback':
../Core/Src/main.c:90:13: warning: pointer targets in passing argument 1 of 'sprintf' differ in signedness [-Wpointer-sign]
   90 |     sprintf(Buffer, "RTC 1 minute tick!");
      |             ^~~~~~
      |             |
      |             uint8_t * {aka unsigned char *}
In file included from ../Core/Src/main.c:25:
/home/joakim-wennergren/st/stm32cubeide_1.19.0/plugins/com.st.stm32cube.ide.mcu.externaltools.gnu-tools-for-stm32.13.3.rel1.linux64_1.0.0.202410170706/tools/arm-none-eabi/include/stdio.h:250:18: note: expected 'char * restrict' but argument is of type 'uint8_t *' {aka 'unsigned char *'}
  250 | int     sprintf (char *__restrict, const char *__restrict, ...)
      |                  ^
../Core/Src/main.c:91:57: warning: pointer targets in passing argument 1 of 'strlen' differ in signedness [-Wpointer-sign]
   91 |     HAL_UART_Transmit(&huart4, (uint8_t*)Buffer, strlen(Buffer), 1000);
      |                                                         ^~~~~~
      |                                                         |
      |                                                         uint8_t * {aka unsigned char *}
In file included from ../Core/Src/main.c:24:
/home/joakim-wennergren/st/stm32cubeide_1.19.0/plugins/com.st.stm32cube.ide.mcu.externaltools.gnu-tools-for-stm32.13.3.rel1.linux64_1.0.0.202410170706/tools/arm-none-eabi/include/string.h:41:18: note: expected 'const char *' but argument is of type 'uint8_t *' {aka 'unsigned char *'}
   41 | size_t   strlen (const char *);
      |                  ^~~~~~~~~~~~
../Core/Src/main.c: In function 'RTC_SetupOnce':
../Core/Src/main.c:97:25: warning: unused variable 'sDate' [-Wunused-variable]
   97 |         RTC_DateTypeDef sDate = {0};
      |                         ^~~~~
../Core/Src/main.c: In function 'create_line':
../Core/Src/main.c:200:30: warning: passing argument 2 of 'lv_line_set_points' from incompatible pointer type [-Wincompatible-pointer-types]
  200 |     lv_line_set_points(line, line_points, 2);
      |                              ^~~~~~~~~~~
      |                              |
      |                              lv_point_t *
In file included from /home/joakim-wennergren/Desktop/Smartwatch/Firmware/Bench/Drivers/lvgl/lvgl.h:69,
                 from ../Core/Src/main.c:28:
/home/joakim-wennergren/Desktop/Smartwatch/Firmware/Bench/Drivers/lvgl/src/widgets/line/lv_line.h:50:66: note: expected 'const lv_point_precise_t *' but argument is of type 'lv_point_t *'
   50 | void lv_line_set_points(lv_obj_t * obj, const lv_point_precise_t points[], uint32_t point_num);
      |                                         ~~~~~~~~~~~~~~~~~~~~~~~~~^~~~~~~~
../Core/Src/main.c: In function 'set_date_label':
../Core/Src/main.c:217:32: warning: too many arguments for format [-Wformat-extra-args]
  217 |     snprintf(buf, sizeof(buf), "%s %d Aug 2025",
      |                                ^~~~~~~~~~~~~~~~
../Core/Src/main.c: In function 'MX_GPDMA1_Init':
../Core/Src/main.c:434:72: warning: passing argument 3 of 'HAL_DMA_RegisterCallback' from incompatible pointer type [-Wincompatible-pointer-types]
  434 |     HAL_DMA_RegisterCallback(&handle_GPDMA1_Channel2, dma_callback_id, HAL_OSPI_TxCpltCallback);
      |                                                                        ^~~~~~~~~~~~~~~~~~~~~~~
      |                                                                        |
      |                                                                        void (*)(OSPI_HandleTypeDef *)
In file included from ../Core/Inc/stm32u5xx_hal_conf.h:284,
                 from ../Drivers/STM32U5xx_HAL_Driver/Inc/stm32u5xx_hal.h:29,
                 from ../Core/Inc/main.h:30,
                 from ../Core/Src/main.c:20:
../Drivers/STM32U5xx_HAL_Driver/Inc/stm32u5xx_hal_dma.h:743:58: note: expected 'void (* const)(DMA_HandleTypeDef * const)' {aka 'void (* const)(struct __DMA_HandleTypeDef * const)'} but argument is of type 'void (*)(OSPI_HandleTypeDef *)'
  743 |                                            void (*const  pCallback)(DMA_HandleTypeDef *const _hdma));
      |                                            ~~~~~~~~~~~~~~^~~~~~~~~~~~~~~~~~~~~~~~~~~~~~~~~~~~~~~~~~
arm-none-eabi-gcc -o "Smartwatch_bench.elf" @"objects.list"   -mcpu=cortex-m33 -T"/home/joakim-wennergren/Desktop/Smartwatch/Firmware/Bench/STM32U575ZITXQ_FLASH.ld" --specs=nosys.specs -Wl,-Map="Smartwatch_bench.map" -Wl,--gc-sections -static -u _printf_float -u _printf_float -z noexecstack --specs=nano.specs -mfpu=fpv5-sp-d16 -mfloat-abi=hard -mthumb -Wl,--start-group -lc -lm -Wl,--end-group
Finished building target: Smartwatch_bench.elf
 
arm-none-eabi-size  Smartwatch_bench.elf 
arm-none-eabi-objdump -h -S Smartwatch_bench.elf  > "Smartwatch_bench.list"
   text	   data	    bss	    dec	    hex	filename
 972089	    632	 386000	1358721	 14bb81	Smartwatch_bench.elf
Finished building: default.size.stdout
 
Finished building: Smartwatch_bench.list
 
17:27:50 **** Incremental Build of configuration Debug for project Smartwatch_bench ****
make -j12 all 
arm-none-eabi-gcc "../Core/Src/main.c" -mcpu=cortex-m33 -std=gnu11 -g3 -DDEBUG -DUSE_HAL_DRIVER -DSTM32U575xx -c -I../Core/Inc -I../Drivers/STM32U5xx_HAL_Driver/Inc -I../Drivers/STM32U5xx_HAL_Driver/Inc/Legacy -I../Drivers/CMSIS/Device/ST/STM32U5xx/Include -I../Drivers/CMSIS/Include -I../Middlewares/Third_Party/FreeRTOS/Source/include/ -I../Middlewares/Third_Party/FreeRTOS/Source/portable/GCC/ARM_CM33_NTZ/non_secure/ -I../Middlewares/Third_Party/FreeRTOS/Source/CMSIS_RTOS_V2/ -I../Middlewares/Third_Party/CMSIS/RTOS2/Include/ -I"/home/joakim-wennergren/Desktop/Smartwatch/Firmware/Bench/Drivers/lvgl" -O0 -ffunction-sections -fdata-sections -Wall -fstack-usage -fstack-usage -fcyclomatic-complexity -MMD -MP -MF"Core/Src/main.d" -MT"Core/Src/main.o" --specs=nano.specs -mfpu=fpv5-sp-d16 -mfloat-abi=hard -mthumb -o "Core/Src/main.o"
../Core/Src/main.c: In function 'HAL_RTC_AlarmAEventCallback':
../Core/Src/main.c:90:13: warning: pointer targets in passing argument 1 of 'sprintf' differ in signedness [-Wpointer-sign]
   90 |     sprintf(Buffer, "RTC 1 minute tick!");
      |             ^~~~~~
      |             |
      |             uint8_t * {aka unsigned char *}
In file included from ../Core/Src/main.c:25:
/home/joakim-wennergren/st/stm32cubeide_1.19.0/plugins/com.st.stm32cube.ide.mcu.externaltools.gnu-tools-for-stm32.13.3.rel1.linux64_1.0.0.202410170706/tools/arm-none-eabi/include/stdio.h:250:18: note: expected 'char * restrict' but argument is of type 'uint8_t *' {aka 'unsigned char *'}
  250 | int     sprintf (char *__restrict, const char *__restrict, ...)
      |                  ^
../Core/Src/main.c:91:57: warning: pointer targets in passing argument 1 of 'strlen' differ in signedness [-Wpointer-sign]
   91 |     HAL_UART_Transmit(&huart4, (uint8_t*)Buffer, strlen(Buffer), 1000);
      |                                                         ^~~~~~
      |                                                         |
      |                                                         uint8_t * {aka unsigned char *}
In file included from ../Core/Src/main.c:24:
/home/joakim-wennergren/st/stm32cubeide_1.19.0/plugins/com.st.stm32cube.ide.mcu.externaltools.gnu-tools-for-stm32.13.3.rel1.linux64_1.0.0.202410170706/tools/arm-none-eabi/include/string.h:41:18: note: expected 'const char *' but argument is of type 'uint8_t *' {aka 'unsigned char *'}
   41 | size_t   strlen (const char *);
      |                  ^~~~~~~~~~~~
../Core/Src/main.c: In function 'RTC_SetupOnce':
../Core/Src/main.c:97:25: warning: unused variable 'sDate' [-Wunused-variable]
   97 |         RTC_DateTypeDef sDate = {0};
      |                         ^~~~~
../Core/Src/main.c: In function 'create_line':
../Core/Src/main.c:200:30: warning: passing argument 2 of 'lv_line_set_points' from incompatible pointer type [-Wincompatible-pointer-types]
  200 |     lv_line_set_points(line, line_points, 2);
      |                              ^~~~~~~~~~~
      |                              |
      |                              lv_point_t *
In file included from /home/joakim-wennergren/Desktop/Smartwatch/Firmware/Bench/Drivers/lvgl/lvgl.h:69,
                 from ../Core/Src/main.c:28:
/home/joakim-wennergren/Desktop/Smartwatch/Firmware/Bench/Drivers/lvgl/src/widgets/line/lv_line.h:50:66: note: expected 'const lv_point_precise_t *' but argument is of type 'lv_point_t *'
   50 | void lv_line_set_points(lv_obj_t * obj, const lv_point_precise_t points[], uint32_t point_num);
      |                                         ~~~~~~~~~~~~~~~~~~~~~~~~~^~~~~~~~
../Core/Src/main.c: In function 'set_date_label':
../Core/Src/main.c:217:32: warning: too many arguments for format [-Wformat-extra-args]
  217 |     snprintf(buf, sizeof(buf), "%s %d Aug %d",
      |                                ^~~~~~~~~~~~~~
../Core/Src/main.c: In function 'MX_GPDMA1_Init':
../Core/Src/main.c:434:72: warning: passing argument 3 of 'HAL_DMA_RegisterCallback' from incompatible pointer type [-Wincompatible-pointer-types]
  434 |     HAL_DMA_RegisterCallback(&handle_GPDMA1_Channel2, dma_callback_id, HAL_OSPI_TxCpltCallback);
      |                                                                        ^~~~~~~~~~~~~~~~~~~~~~~
      |                                                                        |
      |                                                                        void (*)(OSPI_HandleTypeDef *)
In file included from ../Core/Inc/stm32u5xx_hal_conf.h:284,
                 from ../Drivers/STM32U5xx_HAL_Driver/Inc/stm32u5xx_hal.h:29,
                 from ../Core/Inc/main.h:30,
                 from ../Core/Src/main.c:20:
../Drivers/STM32U5xx_HAL_Driver/Inc/stm32u5xx_hal_dma.h:743:58: note: expected 'void (* const)(DMA_HandleTypeDef * const)' {aka 'void (* const)(struct __DMA_HandleTypeDef * const)'} but argument is of type 'void (*)(OSPI_HandleTypeDef *)'
  743 |                                            void (*const  pCallback)(DMA_HandleTypeDef *const _hdma));
      |                                            ~~~~~~~~~~~~~~^~~~~~~~~~~~~~~~~~~~~~~~~~~~~~~~~~~~~~~~~~
arm-none-eabi-gcc -o "Smartwatch_bench.elf" @"objects.list"   -mcpu=cortex-m33 -T"/home/joakim-wennergren/Desktop/Smartwatch/Firmware/Bench/STM32U575ZITXQ_FLASH.ld" --specs=nosys.specs -Wl,-Map="Smartwatch_bench.map" -Wl,--gc-sections -static -u _printf_float -u _printf_float -z noexecstack --specs=nano.specs -mfpu=fpv5-sp-d16 -mfloat-abi=hard -mthumb -Wl,--start-group -lc -lm -Wl,--end-group
Finished building target: Smartwatch_bench.elf
 
arm-none-eabi-size  Smartwatch_bench.elf 
arm-none-eabi-objdump -h -S Smartwatch_bench.elf  > "Smartwatch_bench.list"
   text	   data	    bss	    dec	    hex	filename
 972089	    632	 386000	1358721	 14bb81	Smartwatch_bench.elf
Finished building: default.size.stdout
 
Finished building: Smartwatch_bench.list
 
17:28:23 **** Incremental Build of configuration Debug for project Smartwatch_bench ****
make -j12 all 
arm-none-eabi-gcc "../Core/Src/main.c" -mcpu=cortex-m33 -std=gnu11 -g3 -DDEBUG -DUSE_HAL_DRIVER -DSTM32U575xx -c -I../Core/Inc -I../Drivers/STM32U5xx_HAL_Driver/Inc -I../Drivers/STM32U5xx_HAL_Driver/Inc/Legacy -I../Drivers/CMSIS/Device/ST/STM32U5xx/Include -I../Drivers/CMSIS/Include -I../Middlewares/Third_Party/FreeRTOS/Source/include/ -I../Middlewares/Third_Party/FreeRTOS/Source/portable/GCC/ARM_CM33_NTZ/non_secure/ -I../Middlewares/Third_Party/FreeRTOS/Source/CMSIS_RTOS_V2/ -I../Middlewares/Third_Party/CMSIS/RTOS2/Include/ -I"/home/joakim-wennergren/Desktop/Smartwatch/Firmware/Bench/Drivers/lvgl" -O0 -ffunction-sections -fdata-sections -Wall -fstack-usage -fstack-usage -fcyclomatic-complexity -MMD -MP -MF"Core/Src/main.d" -MT"Core/Src/main.o" --specs=nano.specs -mfpu=fpv5-sp-d16 -mfloat-abi=hard -mthumb -o "Core/Src/main.o"
../Core/Src/main.c: In function 'HAL_RTC_AlarmAEventCallback':
../Core/Src/main.c:90:13: warning: pointer targets in passing argument 1 of 'sprintf' differ in signedness [-Wpointer-sign]
   90 |     sprintf(Buffer, "RTC 1 minute tick!");
      |             ^~~~~~
      |             |
      |             uint8_t * {aka unsigned char *}
In file included from ../Core/Src/main.c:25:
/home/joakim-wennergren/st/stm32cubeide_1.19.0/plugins/com.st.stm32cube.ide.mcu.externaltools.gnu-tools-for-stm32.13.3.rel1.linux64_1.0.0.202410170706/tools/arm-none-eabi/include/stdio.h:250:18: note: expected 'char * restrict' but argument is of type 'uint8_t *' {aka 'unsigned char *'}
  250 | int     sprintf (char *__restrict, const char *__restrict, ...)
      |                  ^
../Core/Src/main.c:91:57: warning: pointer targets in passing argument 1 of 'strlen' differ in signedness [-Wpointer-sign]
   91 |     HAL_UART_Transmit(&huart4, (uint8_t*)Buffer, strlen(Buffer), 1000);
      |                                                         ^~~~~~
      |                                                         |
      |                                                         uint8_t * {aka unsigned char *}
In file included from ../Core/Src/main.c:24:
/home/joakim-wennergren/st/stm32cubeide_1.19.0/plugins/com.st.stm32cube.ide.mcu.externaltools.gnu-tools-for-stm32.13.3.rel1.linux64_1.0.0.202410170706/tools/arm-none-eabi/include/string.h:41:18: note: expected 'const char *' but argument is of type 'uint8_t *' {aka 'unsigned char *'}
   41 | size_t   strlen (const char *);
      |                  ^~~~~~~~~~~~
../Core/Src/main.c: In function 'RTC_SetupOnce':
../Core/Src/main.c:97:25: warning: unused variable 'sDate' [-Wunused-variable]
   97 |         RTC_DateTypeDef sDate = {0};
      |                         ^~~~~
../Core/Src/main.c: In function 'create_line':
../Core/Src/main.c:200:30: warning: passing argument 2 of 'lv_line_set_points' from incompatible pointer type [-Wincompatible-pointer-types]
  200 |     lv_line_set_points(line, line_points, 2);
      |                              ^~~~~~~~~~~
      |                              |
      |                              lv_point_t *
In file included from /home/joakim-wennergren/Desktop/Smartwatch/Firmware/Bench/Drivers/lvgl/lvgl.h:69,
                 from ../Core/Src/main.c:28:
/home/joakim-wennergren/Desktop/Smartwatch/Firmware/Bench/Drivers/lvgl/src/widgets/line/lv_line.h:50:66: note: expected 'const lv_point_precise_t *' but argument is of type 'lv_point_t *'
   50 | void lv_line_set_points(lv_obj_t * obj, const lv_point_precise_t points[], uint32_t point_num);
      |                                         ~~~~~~~~~~~~~~~~~~~~~~~~~^~~~~~~~
../Core/Src/main.c: In function 'set_date_label':
../Core/Src/main.c:217:32: warning: too many arguments for format [-Wformat-extra-args]
  217 |     snprintf(buf, sizeof(buf), "%s %d Aug 2025",
      |                                ^~~~~~~~~~~~~~~~
../Core/Src/main.c: In function 'MX_GPDMA1_Init':
../Core/Src/main.c:434:72: warning: passing argument 3 of 'HAL_DMA_RegisterCallback' from incompatible pointer type [-Wincompatible-pointer-types]
  434 |     HAL_DMA_RegisterCallback(&handle_GPDMA1_Channel2, dma_callback_id, HAL_OSPI_TxCpltCallback);
      |                                                                        ^~~~~~~~~~~~~~~~~~~~~~~
      |                                                                        |
      |                                                                        void (*)(OSPI_HandleTypeDef *)
In file included from ../Core/Inc/stm32u5xx_hal_conf.h:284,
                 from ../Drivers/STM32U5xx_HAL_Driver/Inc/stm32u5xx_hal.h:29,
                 from ../Core/Inc/main.h:30,
                 from ../Core/Src/main.c:20:
../Drivers/STM32U5xx_HAL_Driver/Inc/stm32u5xx_hal_dma.h:743:58: note: expected 'void (* const)(DMA_HandleTypeDef * const)' {aka 'void (* const)(struct __DMA_HandleTypeDef * const)'} but argument is of type 'void (*)(OSPI_HandleTypeDef *)'
  743 |                                            void (*const  pCallback)(DMA_HandleTypeDef *const _hdma));
      |                                            ~~~~~~~~~~~~~~^~~~~~~~~~~~~~~~~~~~~~~~~~~~~~~~~~~~~~~~~~
arm-none-eabi-gcc -o "Smartwatch_bench.elf" @"objects.list"   -mcpu=cortex-m33 -T"/home/joakim-wennergren/Desktop/Smartwatch/Firmware/Bench/STM32U575ZITXQ_FLASH.ld" --specs=nosys.specs -Wl,-Map="Smartwatch_bench.map" -Wl,--gc-sections -static -u _printf_float -u _printf_float -z noexecstack --specs=nano.specs -mfpu=fpv5-sp-d16 -mfloat-abi=hard -mthumb -Wl,--start-group -lc -lm -Wl,--end-group
Finished building target: Smartwatch_bench.elf
 
arm-none-eabi-size  Smartwatch_bench.elf 
arm-none-eabi-objdump -h -S Smartwatch_bench.elf  > "Smartwatch_bench.list"
   text	   data	    bss	    dec	    hex	filename
 972089	    632	 386000	1358721	 14bb81	Smartwatch_bench.elf
Finished building: default.size.stdout
 
Finished building: Smartwatch_bench.list
 
